UPDATE 000 17 1 0 25000 0.2240835726261139
UPDATE 000 17 1 150 38076 0.09675433486700058
UPDATE 000 17 1 300 48937 0.06345191597938538
UPDATE 000 17 1 450 50000 0.07629222422838211
STAGE_COMPLETE {"stage": 1, "end": 20, "steps": 600, "gaussians": 49999, "cap": 50000, "train_seconds": 6.945660332999978, "update_p50_ms": 7.954937999329559, "update_p95_ms": 8.382374450502539, "compute_p50_ms": 6.542585499573761, "gpu_update_peak_mib": 87.52734375, "cpu_rss_peak_mib": 1707.38671875, "controller_seconds_cumulative": 2.2795685139972193, "optimized_pixels": 122277888, "replay_probability": 0.3, "teacher_max_frame": 14, "psnr": 21.018439241702207, "ssim": 0.6975288788477579, "old_psnr": 21.018439241702207, "object_sam_miou": 0.5859347292873472, "fine_sam_miou": 0.3455617787483676, "small_fine_sam_miou": 0.1977880658436214, "fine_coverage": 0.865956540264167, "old_fine_sam_miou": 0.3455617787483676, "gaussian_object_coverage": 0.1643232864657293, "gaussian_fine_coverage": 0.06326126522530451, "evaluation_gpu_peak_mib": 87.52734375}
UPDATE 000 17 2 0 94736 0.1515210121870041
UPDATE 000 17 2 150 99528 0.07733933627605438
UPDATE 000 17 2 300 97583 0.0802791640162468
UPDATE 000 17 2 450 99736 0.06930430233478546
STAGE_COMPLETE {"stage": 2, "end": 40, "steps": 600, "gaussians": 99799, "cap": 100000, "train_seconds": 5.525602079000237, "update_p50_ms": 8.247630500136438, "update_p95_ms": 9.45776699977614, "compute_p50_ms": 6.775434000246605, "gpu_update_peak_mib": 139.8876953125, "cpu_rss_peak_mib": 1809.7109375, "controller_seconds_cumulative": 3.5554988919921016, "optimized_pixels": 118517760, "replay_probability": 0.3, "teacher_max_frame": 36, "psnr": 19.72055162840286, "ssim": 0.6613606469971793, "old_psnr": 20.785645516781294, "object_sam_miou": 0.4125165613967156, "fine_sam_miou": 0.2879382446647821, "small_fine_sam_miou": 0.1229921178014538, "fine_coverage": 0.768970626518414, "old_fine_sam_miou": 0.3749123268835737, "gaussian_object_coverage": 0.1706630326957184, "gaussian_fine_coverage": 0.13212557240052505, "evaluation_gpu_peak_mib": 139.8876953125}
UPDATE 000 17 3 0 142503 0.1325906217098236
UPDATE 000 17 3 150 148090 0.031386855989694595
UPDATE 000 17 3 300 146035 0.04787303879857063
UPDATE 000 17 3 450 149630 0.05866599082946777
STAGE_COMPLETE {"stage": 3, "end": 60, "steps": 600, "gaussians": 149606, "cap": 150000, "train_seconds": 7.764828024000053, "update_p50_ms": 8.989388500140194, "update_p95_ms": 26.09267699958764, "compute_p50_ms": 7.025552999948559, "gpu_update_peak_mib": 181.7744140625, "cpu_rss_peak_mib": 1818.78515625, "controller_seconds_cumulative": 6.7943458620002275, "optimized_pixels": 118517760, "replay_probability": 0.3, "teacher_max_frame": 58, "psnr": 20.096829928127228, "ssim": 0.6778258681297302, "old_psnr": 20.597301267050337, "object_sam_miou": 0.49940431912883887, "fine_sam_miou": 0.3244840000348992, "small_fine_sam_miou": 0.12836802679891876, "fine_coverage": 0.9055279455961364, "old_fine_sam_miou": 0.3890619056381244, "gaussian_object_coverage": 0.22646818977848482, "gaussian_fine_coverage": 0.17284066147079663, "evaluation_gpu_peak_mib": 181.7744140625}
UPDATE 000 17 4 0 194732 0.16693954169750214
UPDATE 000 17 4 150 196417 0.11821217834949493
UPDATE 000 17 4 300 194411 0.10238417983055115
UPDATE 000 17 4 450 198926 0.07214106619358063
STAGE_COMPLETE {"stage": 4, "end": 79, "steps": 600, "gaussians": 199221, "cap": 200000, "train_seconds": 8.877040653000222, "update_p50_ms": 11.368288000085158, "update_p95_ms": 27.472573000386546, "compute_p50_ms": 8.75754250000682, "gpu_update_peak_mib": 228.66748046875, "cpu_rss_peak_mib": 1834.85546875, "controller_seconds_cumulative": 10.361739981001847, "optimized_pixels": 122695680, "replay_probability": 0.3, "teacher_max_frame": 72, "psnr": 19.11329807259552, "ssim": 0.6431683118526752, "old_psnr": 19.491179258610458, "object_sam_miou": 0.4382831577868053, "fine_sam_miou": 0.27857975523265605, "small_fine_sam_miou": 0.11178446719637877, "fine_coverage": 0.7705077573505703, "old_fine_sam_miou": 0.36365311402197675, "gaussian_object_coverage": 0.24626921860647222, "gaussian_fine_coverage": 0.19376471355931352, "evaluation_gpu_peak_mib": 228.66748046875}
UPDATE 000 17 5 0 243693 0.16627053916454315
UPDATE 000 17 5 150 246168 0.06359869986772537
UPDATE 000 17 5 300 243143 0.05321875959634781
UPDATE 000 17 5 450 248983 0.05617913603782654
STAGE_COMPLETE {"stage": 5, "end": 99, "steps": 600, "gaussians": 248949, "cap": 250000, "train_seconds": 9.51391868599967, "update_p50_ms": 12.60072599961859, "update_p95_ms": 28.734998850086413, "compute_p50_ms": 9.432633500182419, "gpu_update_peak_mib": 286.78759765625, "cpu_rss_peak_mib": 1846.34375, "controller_seconds_cumulative": 13.959517977996256, "optimized_pixels": 120606720, "replay_probability": 0.3, "teacher_max_frame": 94, "psnr": 19.204425450054416, "ssim": 0.6441932395100594, "old_psnr": 18.922242493066445, "object_sam_miou": 0.42621693006248274, "fine_sam_miou": 0.3075722030129005, "small_fine_sam_miou": 0.09612092240188715, "fine_coverage": 0.8528613781314326, "old_fine_sam_miou": 0.32366454006318374, "gaussian_object_coverage": 0.31936661725895665, "gaussian_fine_coverage": 0.21388316482492398, "evaluation_gpu_peak_mib": 286.78759765625}
UPDATE 000 17 6 0 286170 0.12244201451539993
UPDATE 000 17 6 150 296027 0.04768083244562149
UPDATE 000 17 6 300 292620 0.029590865597128868
UPDATE 000 17 6 450 299131 0.06597868353128433
STAGE_COMPLETE {"stage": 6, "end": 119, "steps": 600, "gaussians": 299131, "cap": 300000, "train_seconds": 8.793450195000332, "update_p50_ms": 11.200885500329605, "update_p95_ms": 29.12969944977703, "compute_p50_ms": 9.241005499916355, "gpu_update_peak_mib": 326.42578125, "cpu_rss_peak_mib": 1869.21875, "controller_seconds_cumulative": 16.974574819996633, "optimized_pixels": 117682176, "replay_probability": 0.3, "teacher_max_frame": 115, "psnr": 19.63478003525389, "ssim": 0.6500186651945115, "old_psnr": 18.916232308046357, "object_sam_miou": 0.4226205952851793, "fine_sam_miou": 0.3353921321875188, "small_fine_sam_miou": 0.08515308576788258, "fine_coverage": 0.8582172891042111, "old_fine_sam_miou": 0.3261178414874007, "gaussian_object_coverage": 0.3257937157967579, "gaussian_fine_coverage": 0.23618414674507154, "evaluation_gpu_peak_mib": 326.42578125}
RUN_COMPLETE 000 17
