UPDATE 001 17 1 0 25000 0.2649739682674408
UPDATE 001 17 1 150 39184 0.05820610746741295
UPDATE 001 17 1 300 48986 0.059983983635902405
UPDATE 001 17 1 450 49987 0.04566371068358421
STAGE_COMPLETE {"stage": 1, "end": 46, "steps": 600, "gaussians": 49990, "cap": 50000, "train_seconds": 8.158970989999943, "update_p50_ms": 6.166894999751094, "update_p95_ms": 24.641931300220676, "compute_p50_ms": 5.150601999957871, "gpu_update_peak_mib": 76.44189453125, "cpu_rss_peak_mib": 1652.2734375, "controller_seconds_cumulative": 4.232675449008639, "optimized_pixels": 112000128, "replay_probability": 0.3, "teacher_max_frame": 42, "psnr": 21.209698336884006, "ssim": 0.5704723248879114, "old_psnr": 21.209698336884006, "object_sam_miou": 0.22709550772717538, "fine_sam_miou": 0.14701376629998997, "small_fine_sam_miou": 0.00026219192448872575, "fine_coverage": 0.9524297419396707, "old_fine_sam_miou": 0.14701376629998997, "gaussian_object_coverage": 0.7445689137827566, "gaussian_fine_coverage": 0.10408081616323264, "evaluation_gpu_peak_mib": 76.44189453125}
UPDATE 001 17 2 0 91868 0.09192559123039246
UPDATE 001 17 2 150 99815 0.0511002279818058
UPDATE 001 17 2 300 97881 0.047092098742723465
UPDATE 001 17 2 450 99933 0.04308005049824715
STAGE_COMPLETE {"stage": 2, "end": 93, "steps": 600, "gaussians": 99920, "cap": 100000, "train_seconds": 10.302350562000356, "update_p50_ms": 23.65140900019469, "update_p95_ms": 24.777333450629158, "compute_p50_ms": 5.6281689999195805, "gpu_update_peak_mib": 127.32568359375, "cpu_rss_peak_mib": 1678.13671875, "controller_seconds_cumulative": 11.048177393022343, "optimized_pixels": 108850560, "replay_probability": 0.44999999999999996, "teacher_max_frame": 90, "psnr": 22.848207974886538, "ssim": 0.6742545713980993, "old_psnr": 22.800896490641648, "object_sam_miou": 0.2796465508429599, "fine_sam_miou": 0.20221848043573504, "small_fine_sam_miou": 0.0451429329955707, "fine_coverage": 0.9797840035098911, "old_fine_sam_miou": 0.2619472700569871, "gaussian_object_coverage": 0.7630004003202562, "gaussian_fine_coverage": 0.20970776621297038, "evaluation_gpu_peak_mib": 129.01611328125}
UPDATE 001 17 3 0 145673 0.06087528169155121
UPDATE 001 17 3 150 149151 0.08327353000640869
UPDATE 001 17 3 300 146652 0.03874790668487549
UPDATE 001 17 3 450 149813 0.03445960953831673
STAGE_COMPLETE {"stage": 3, "end": 140, "steps": 600, "gaussians": 149794, "cap": 150000, "train_seconds": 11.357036769999468, "update_p50_ms": 24.108069500016427, "update_p95_ms": 25.691142800451416, "compute_p50_ms": 6.265242499921442, "gpu_update_peak_mib": 176.96337890625, "cpu_rss_peak_mib": 1700.0625, "controller_seconds_cumulative": 18.54187490903223, "optimized_pixels": 108850560, "replay_probability": 0.5, "teacher_max_frame": 138, "psnr": 24.053501094430022, "ssim": 0.7426422867510054, "old_psnr": 23.11749183821789, "object_sam_miou": 0.28674522123845886, "fine_sam_miou": 0.19022126101933143, "small_fine_sam_miou": 0.0634252598785756, "fine_coverage": 0.9851079948913405, "old_fine_sam_miou": 0.25606878328919885, "gaussian_object_coverage": 0.7717064768949358, "gaussian_fine_coverage": 0.2439283282374461, "evaluation_gpu_peak_mib": 176.96337890625}
UPDATE 001 17 4 0 195765 0.09990360587835312
UPDATE 001 17 4 150 197042 0.047886185348033905
UPDATE 001 17 4 300 195487 0.02211172692477703
UPDATE 001 17 4 450 199715 0.035689450800418854
STAGE_COMPLETE {"stage": 4, "end": 186, "steps": 600, "gaussians": 199682, "cap": 200000, "train_seconds": 12.327126191999923, "update_p50_ms": 24.943670500306325, "update_p95_ms": 26.813836050177997, "compute_p50_ms": 7.475648999843543, "gpu_update_peak_mib": 223.9912109375, "cpu_rss_peak_mib": 1707.890625, "controller_seconds_cumulative": 26.34428218202811, "optimized_pixels": 112350080, "replay_probability": 0.5249999999999999, "teacher_max_frame": 179, "psnr": 24.778216838235068, "ssim": 0.7687960093220075, "old_psnr": 24.207878784374532, "object_sam_miou": 0.29056221713366676, "fine_sam_miou": 0.18621697787159003, "small_fine_sam_miou": 0.06927933691800328, "fine_coverage": 0.9969342713180898, "old_fine_sam_miou": 0.22797105445061636, "gaussian_object_coverage": 0.7682164641780431, "gaussian_fine_coverage": 0.29827926402980737, "evaluation_gpu_peak_mib": 223.9912109375}
UPDATE 001 17 5 0 244686 0.0726068988442421
UPDATE 001 17 5 150 245942 0.04388944059610367
UPDATE 001 17 5 300 244305 0.031774092465639114
UPDATE 001 17 5 450 249656 0.03865982964634895
STAGE_COMPLETE {"stage": 5, "end": 232, "steps": 600, "gaussians": 249549, "cap": 250000, "train_seconds": 13.102795759999935, "update_p50_ms": 25.73238350032625, "update_p95_ms": 27.713711649403194, "compute_p50_ms": 8.371246000024257, "gpu_update_peak_mib": 275.65869140625, "cpu_rss_peak_mib": 1728.3671875, "controller_seconds_cumulative": 34.40155158202833, "optimized_pixels": 110600320, "replay_probability": 0.54, "teacher_max_frame": 227, "psnr": 25.313352885149396, "ssim": 0.7972443247663563, "old_psnr": 24.217675334215013, "object_sam_miou": 0.3047521705893807, "fine_sam_miou": 0.19985131846875417, "small_fine_sam_miou": 0.07146691167159394, "fine_coverage": 0.9809824596661517, "old_fine_sam_miou": 0.24027102455352548, "gaussian_object_coverage": 0.768754833720031, "gaussian_fine_coverage": 0.3077271397601273, "evaluation_gpu_peak_mib": 275.65869140625}
UPDATE 001 17 6 0 293527 0.06283625960350037
UPDATE 001 17 6 150 296173 0.02764754369854927
UPDATE 001 17 6 300 293169 0.026154054328799248
UPDATE 001 17 6 450 299468 0.032880399376153946
STAGE_COMPLETE {"stage": 6, "end": 279, "steps": 600, "gaussians": 299468, "cap": 300000, "train_seconds": 13.649788228000034, "update_p50_ms": 26.593992500238528, "update_p95_ms": 29.02105280008982, "compute_p50_ms": 9.133016499617952, "gpu_update_peak_mib": 322.87255859375, "cpu_rss_peak_mib": 1737.2578125, "controller_seconds_cumulative": 42.38402382602908, "optimized_pixels": 108150656, "replay_probability": 0.55, "teacher_max_frame": 275, "psnr": 25.597233374089964, "ssim": 0.8136196085384914, "old_psnr": 24.418106765869354, "object_sam_miou": 0.295762137486477, "fine_sam_miou": 0.21645634592182073, "small_fine_sam_miou": 0.0715325006670406, "fine_coverage": 0.9610716675709435, "old_fine_sam_miou": 0.24999141666888436, "gaussian_object_coverage": 0.815472771715175, "gaussian_fine_coverage": 0.3457364392856666, "evaluation_gpu_peak_mib": 322.87255859375}
RUN_COMPLETE 001 17
