UPDATE 110 17 1 0 25000 0.26293694972991943
UPDATE 110 17 1 150 39843 0.059592265635728836
UPDATE 110 17 1 300 48969 0.052911121398210526
UPDATE 110 17 1 450 49984 0.05742999166250229
STAGE_COMPLETE {"stage": 1, "end": 46, "steps": 600, "gaussians": 49993, "cap": 50000, "train_seconds": 10.297479528002441, "update_p50_ms": 9.073922998140915, "update_p95_ms": 37.284043549516355, "compute_p50_ms": 7.251344501128187, "gpu_update_peak_mib": 76.94775390625, "cpu_rss_peak_mib": 1633.49609375, "controller_seconds_cumulative": 5.096511289004411, "optimized_pixels": 112000128, "teacher_max_frame": 42, "psnr": 21.247437977368936, "ssim": 0.5634385148684183, "old_psnr": 21.247437977368936, "object_sam_miou": 0.250920612388474, "fine_sam_miou": 0.1399195439665764, "small_fine_sam_miou": 0.008704235463029434, "fine_coverage": 0.978833807577906, "old_fine_sam_miou": 0.1399195439665764, "gaussian_object_coverage": 0.8541995879423119, "gaussian_fine_coverage": 0.1612625767607465, "evaluation_gpu_peak_mib": 76.94775390625}
UPDATE 110 17 2 0 91544 0.10558425635099411
UPDATE 110 17 2 150 99664 0.0503864586353302
UPDATE 110 17 2 300 97818 0.046156156808137894
UPDATE 110 17 2 450 99872 0.04699881374835968
STAGE_COMPLETE {"stage": 2, "end": 93, "steps": 600, "gaussians": 99827, "cap": 100000, "train_seconds": 12.584041801001149, "update_p50_ms": 24.17226999932609, "update_p95_ms": 40.935310600070785, "compute_p50_ms": 8.891347499229596, "gpu_update_peak_mib": 124.75634765625, "cpu_rss_peak_mib": 1651.16015625, "controller_seconds_cumulative": 12.416199841009075, "optimized_pixels": 108850560, "teacher_max_frame": 90, "psnr": 23.003884048398444, "ssim": 0.6674108703931173, "old_psnr": 22.36384870636394, "object_sam_miou": 0.2781467676091216, "fine_sam_miou": 0.1690535901246917, "small_fine_sam_miou": 0.04501487356220864, "fine_coverage": 0.9842764028471761, "old_fine_sam_miou": 0.18749466960676187, "gaussian_object_coverage": 0.8623218167429654, "gaussian_fine_coverage": 0.27477536137517905, "evaluation_gpu_peak_mib": 129.744140625}
UPDATE 110 17 3 0 145534 0.06940100342035294
UPDATE 110 17 3 150 149139 0.042200718075037
UPDATE 110 17 3 300 146652 0.02836340107023716
UPDATE 110 17 3 450 149725 0.04603094980120659
STAGE_COMPLETE {"stage": 3, "end": 140, "steps": 600, "gaussians": 149769, "cap": 150000, "train_seconds": 14.833840534000046, "update_p50_ms": 27.31536099781806, "update_p95_ms": 42.793877652002266, "compute_p50_ms": 10.598586000924115, "gpu_update_peak_mib": 176.48828125, "cpu_rss_peak_mib": 1679.73046875, "controller_seconds_cumulative": 20.738716074025433, "optimized_pixels": 108850560, "teacher_max_frame": 138, "psnr": 23.900033098315642, "ssim": 0.7288240393002828, "old_psnr": 22.305564648005532, "object_sam_miou": 0.2797729077966978, "fine_sam_miou": 0.1751423771287223, "small_fine_sam_miou": 0.06806757352418893, "fine_coverage": 0.9973908949128963, "old_fine_sam_miou": 0.2001905840709311, "gaussian_object_coverage": 0.857493873899138, "gaussian_fine_coverage": 0.3121607275203814, "evaluation_gpu_peak_mib": 176.48828125}
UPDATE 110 17 4 0 195764 0.10503564029932022
UPDATE 110 17 4 150 198177 0.06041823700070381
UPDATE 110 17 4 300 195359 0.03516323119401932
UPDATE 110 17 4 450 199613 0.032704103738069534
STAGE_COMPLETE {"stage": 4, "end": 186, "steps": 600, "gaussians": 199655, "cap": 200000, "train_seconds": 15.722509368999454, "update_p50_ms": 28.253071001017815, "update_p95_ms": 46.26554830138048, "compute_p50_ms": 13.437262499792268, "gpu_update_peak_mib": 225.30322265625, "cpu_rss_peak_mib": 1694.3984375, "controller_seconds_cumulative": 28.632246367971675, "optimized_pixels": 112350080, "teacher_max_frame": 179, "psnr": 24.508810445137343, "ssim": 0.758359375099341, "old_psnr": 23.065956371486863, "object_sam_miou": 0.29180130114373254, "fine_sam_miou": 0.21807812019196535, "small_fine_sam_miou": 0.06535241124740729, "fine_coverage": 0.996822321221065, "old_fine_sam_miou": 0.19569314373749422, "gaussian_object_coverage": 0.8607848538729308, "gaussian_fine_coverage": 0.38308081440484837, "evaluation_gpu_peak_mib": 225.30322265625}
UPDATE 110 17 5 0 244708 0.0738837867975235
UPDATE 110 17 5 150 246515 0.037505149841308594
UPDATE 110 17 5 300 244178 0.0363355353474617
UPDATE 110 17 5 450 249383 0.030533578246831894
STAGE_COMPLETE {"stage": 5, "end": 232, "steps": 600, "gaussians": 249424, "cap": 250000, "train_seconds": 16.64104352400318, "update_p50_ms": 29.74098450067686, "update_p95_ms": 46.16627530012916, "compute_p50_ms": 14.492032998532522, "gpu_update_peak_mib": 275.11181640625, "cpu_rss_peak_mib": 1698.78125, "controller_seconds_cumulative": 36.797415893994184, "optimized_pixels": 110600320, "teacher_max_frame": 227, "psnr": 24.796081552529532, "ssim": 0.781938374042511, "old_psnr": 23.43808366306367, "object_sam_miou": 0.31274525600496383, "fine_sam_miou": 0.21330816386419013, "small_fine_sam_miou": 0.06456928834050787, "fine_coverage": 0.9872685214226035, "old_fine_sam_miou": 0.19888533770037375, "gaussian_object_coverage": 0.8603221823080377, "gaussian_fine_coverage": 0.40955561613958563, "evaluation_gpu_peak_mib": 275.11181640625}
UPDATE 110 17 6 0 293515 0.05610159412026405
UPDATE 110 17 6 150 295590 0.03291960433125496
UPDATE 110 17 6 300 292985 0.02812122367322445
UPDATE 110 17 6 450 299318 0.03085673600435257
STAGE_COMPLETE {"stage": 6, "end": 279, "steps": 600, "gaussians": 299318, "cap": 300000, "train_seconds": 18.42202590600209, "update_p50_ms": 31.547070997476112, "update_p95_ms": 51.60226504904131, "compute_p50_ms": 15.51940700119303, "gpu_update_peak_mib": 319.5029296875, "cpu_rss_peak_mib": 1720.1328125, "controller_seconds_cumulative": 45.54241877703316, "optimized_pixels": 108150656, "teacher_max_frame": 275, "psnr": 24.969214780851377, "ssim": 0.7999468803405761, "old_psnr": 23.53381112702358, "object_sam_miou": 0.30759123288058005, "fine_sam_miou": 0.21514295887361076, "small_fine_sam_miou": 0.06483004642251901, "fine_coverage": 0.9653883968643834, "old_fine_sam_miou": 0.18647437890614343, "gaussian_object_coverage": 0.8930000868641378, "gaussian_fine_coverage": 0.4636106081157832, "evaluation_gpu_peak_mib": 319.5029296875}
RUN_COMPLETE 110 17
