UPDATE 001 17 1 0 25000 0.2240835726261139
UPDATE 001 17 1 150 38076 0.09675390273332596
UPDATE 001 17 1 300 48933 0.06348195672035217
UPDATE 001 17 1 450 50000 0.07711303234100342
STAGE_COMPLETE {"stage": 1, "end": 20, "steps": 600, "gaussians": 49999, "cap": 50000, "train_seconds": 6.91550665900013, "update_p50_ms": 7.8660905001015635, "update_p95_ms": 8.465546700563205, "compute_p50_ms": 6.458058500356856, "gpu_update_peak_mib": 87.53515625, "cpu_rss_peak_mib": 1707.53125, "controller_seconds_cumulative": 2.2885593129931294, "optimized_pixels": 122277888, "replay_probability": 0.3, "teacher_max_frame": 14, "psnr": 21.028154772826177, "ssim": 0.6978709499041239, "old_psnr": 21.028154772826177, "object_sam_miou": 0.5885067627754372, "fine_sam_miou": 0.34435733312956013, "small_fine_sam_miou": 0.19906928645294725, "fine_coverage": 0.8651043885811674, "old_fine_sam_miou": 0.34435733312956013, "gaussian_object_coverage": 0.1644432888657773, "gaussian_fine_coverage": 0.0633412668253365, "evaluation_gpu_peak_mib": 87.53515625}
UPDATE 001 17 2 0 94707 0.15162654221057892
UPDATE 001 17 2 150 99445 0.06587624549865723
UPDATE 001 17 2 300 97597 0.07494822144508362
UPDATE 001 17 2 450 99798 0.07163336127996445
STAGE_COMPLETE {"stage": 2, "end": 40, "steps": 600, "gaussians": 99801, "cap": 100000, "train_seconds": 5.874361285999839, "update_p50_ms": 8.543862500118848, "update_p95_ms": 23.842003550453224, "compute_p50_ms": 7.047904000046401, "gpu_update_peak_mib": 141.6005859375, "cpu_rss_peak_mib": 1813.171875, "controller_seconds_cumulative": 3.7920972509873536, "optimized_pixels": 118517760, "replay_probability": 0.44999999999999996, "teacher_max_frame": 36, "psnr": 19.822894872721754, "ssim": 0.6680819988250732, "old_psnr": 21.26571511362712, "object_sam_miou": 0.4173994570565729, "fine_sam_miou": 0.28382818538227467, "small_fine_sam_miou": 0.12403239807904982, "fine_coverage": 0.7746585781491059, "old_fine_sam_miou": 0.37339118037001323, "gaussian_object_coverage": 0.17177182593360787, "gaussian_fine_coverage": 0.13259386178495206, "evaluation_gpu_peak_mib": 141.6005859375}
UPDATE 001 17 3 0 142836 0.1320134848356247
UPDATE 001 17 3 150 147772 0.06504543125629425
UPDATE 001 17 3 300 146105 0.0830918624997139
UPDATE 001 17 3 450 149600 0.06260526180267334
STAGE_COMPLETE {"stage": 3, "end": 60, "steps": 600, "gaussians": 149567, "cap": 150000, "train_seconds": 8.255170292000003, "update_p50_ms": 9.575032500379166, "update_p95_ms": 26.261472199848868, "compute_p50_ms": 7.009576999735145, "gpu_update_peak_mib": 180.32958984375, "cpu_rss_peak_mib": 1815.0703125, "controller_seconds_cumulative": 7.451437016989985, "optimized_pixels": 118517760, "replay_probability": 0.5, "teacher_max_frame": 58, "psnr": 20.22233993407641, "ssim": 0.6881598830223083, "old_psnr": 20.68126798297361, "object_sam_miou": 0.5069421620331038, "fine_sam_miou": 0.33693475078430196, "small_fine_sam_miou": 0.1525164846258201, "fine_coverage": 0.9346530407893594, "old_fine_sam_miou": 0.38472491443581774, "gaussian_object_coverage": 0.22379936750753843, "gaussian_fine_coverage": 0.17136801567190624, "evaluation_gpu_peak_mib": 180.32958984375}
UPDATE 001 17 4 0 193323 0.12819215655326843
UPDATE 001 17 4 150 195767 0.06935638934373856
UPDATE 001 17 4 300 194767 0.04255840182304382
UPDATE 001 17 4 450 199276 0.06373175233602524
STAGE_COMPLETE {"stage": 4, "end": 79, "steps": 600, "gaussians": 199270, "cap": 200000, "train_seconds": 10.418948483999884, "update_p50_ms": 11.602573000345728, "update_p95_ms": 27.610575350217914, "compute_p50_ms": 8.216609499868355, "gpu_update_peak_mib": 227.578125, "cpu_rss_peak_mib": 1834.73046875, "controller_seconds_cumulative": 12.637821932987208, "optimized_pixels": 122695680, "replay_probability": 0.5249999999999999, "teacher_max_frame": 72, "psnr": 19.658430170048202, "ssim": 0.6638949788533725, "old_psnr": 20.642564814696275, "object_sam_miou": 0.4377783582984895, "fine_sam_miou": 0.29218026234244626, "small_fine_sam_miou": 0.12041089171166197, "fine_coverage": 0.782958495289859, "old_fine_sam_miou": 0.3745612692476748, "gaussian_object_coverage": 0.2433030561549656, "gaussian_fine_coverage": 0.19204094946554925, "evaluation_gpu_peak_mib": 227.578125}
UPDATE 001 17 5 0 243701 0.12482842057943344
UPDATE 001 17 5 150 245993 0.07037186622619629
UPDATE 001 17 5 300 243191 0.07262545078992844
UPDATE 001 17 5 450 249132 0.08182712644338608
STAGE_COMPLETE {"stage": 5, "end": 99, "steps": 600, "gaussians": 248948, "cap": 250000, "train_seconds": 11.449450890000662, "update_p50_ms": 13.382400999944366, "update_p95_ms": 29.160298249780677, "compute_p50_ms": 9.512490500128479, "gpu_update_peak_mib": 283.07861328125, "cpu_rss_peak_mib": 1847.9765625, "controller_seconds_cumulative": 18.123337252978672, "optimized_pixels": 120606720, "replay_probability": 0.54, "teacher_max_frame": 94, "psnr": 19.56624589998384, "ssim": 0.6591350063681602, "old_psnr": 19.952417161253564, "object_sam_miou": 0.4371879826351654, "fine_sam_miou": 0.3227149409132399, "small_fine_sam_miou": 0.0962304253380914, "fine_coverage": 0.8558566389867965, "old_fine_sam_miou": 0.370919200761338, "gaussian_object_coverage": 0.32216366470106206, "gaussian_fine_coverage": 0.21404470009801244, "evaluation_gpu_peak_mib": 283.07861328125}
UPDATE 001 17 6 0 289745 0.12203306704759598
UPDATE 001 17 6 150 294968 0.06913576275110245
UPDATE 001 17 6 300 292476 0.04885493218898773
UPDATE 001 17 6 450 299046 0.07367454469203949
STAGE_COMPLETE {"stage": 6, "end": 119, "steps": 600, "gaussians": 299046, "cap": 300000, "train_seconds": 11.468974360000175, "update_p50_ms": 14.156211499539495, "update_p95_ms": 29.943223899863362, "compute_p50_ms": 9.519197999907192, "gpu_update_peak_mib": 330.6005859375, "cpu_rss_peak_mib": 1852.62890625, "controller_seconds_cumulative": 23.52641836798466, "optimized_pixels": 117682176, "replay_probability": 0.55, "teacher_max_frame": 115, "psnr": 19.978920400868297, "ssim": 0.6676151901483536, "old_psnr": 20.12909532826387, "object_sam_miou": 0.42389087986245666, "fine_sam_miou": 0.34436797928885193, "small_fine_sam_miou": 0.07493120307809331, "fine_coverage": 0.8646305986144013, "old_fine_sam_miou": 0.3472137537532056, "gaussian_object_coverage": 0.3251238939828655, "gaussian_fine_coverage": 0.2360138573998649, "evaluation_gpu_peak_mib": 330.6005859375}
RUN_COMPLETE 001 17
