UPDATE 010 7 1 0 25000 0.22783857583999634
UPDATE 010 7 1 150 38068 0.06930667161941528
UPDATE 010 7 1 300 48957 0.057303547859191895
UPDATE 010 7 1 450 49998 0.060691412538290024
STAGE_COMPLETE {"stage": 1, "end": 20, "steps": 600, "gaussians": 49996, "cap": 50000, "train_seconds": 6.932682402999944, "update_p50_ms": 7.81971599985809, "update_p95_ms": 8.59368369999629, "compute_p50_ms": 6.409996499996851, "gpu_update_peak_mib": 87.7333984375, "cpu_rss_peak_mib": 1747.30859375, "controller_seconds_cumulative": 2.280248418005158, "optimized_pixels": 122695680, "replay_probability": 0.3, "teacher_max_frame": 14, "psnr": 21.0317311182762, "ssim": 0.697950025399526, "old_psnr": 21.0317311182762, "object_sam_miou": 0.589522347563032, "fine_sam_miou": 0.4297938886620804, "small_fine_sam_miou": 0.22484186313973548, "fine_coverage": 0.9164891350660418, "old_fine_sam_miou": 0.4297938886620804, "gaussian_object_coverage": 0.1730138411072886, "gaussian_fine_coverage": 0.06858548683894712, "evaluation_gpu_peak_mib": 87.7333984375}
UPDATE 010 7 2 0 93993 0.08603666722774506
UPDATE 010 7 2 150 99552 0.10037164390087128
UPDATE 010 7 2 300 97578 0.07502797245979309
UPDATE 010 7 2 450 99801 0.07230550050735474
STAGE_COMPLETE {"stage": 2, "end": 40, "steps": 600, "gaussians": 99700, "cap": 100000, "train_seconds": 5.607861507000052, "update_p50_ms": 8.06374050011982, "update_p95_ms": 16.941811549668238, "compute_p50_ms": 6.578088499963997, "gpu_update_peak_mib": 135.6259765625, "cpu_rss_peak_mib": 1848.49609375, "controller_seconds_cumulative": 3.679870676003702, "optimized_pixels": 120397824, "replay_probability": 0.3, "teacher_max_frame": 36, "psnr": 19.70696758666631, "ssim": 0.660210839339665, "old_psnr": 20.96725655331269, "object_sam_miou": 0.42569965799452975, "fine_sam_miou": 0.2901923110551163, "small_fine_sam_miou": 0.13114807089260885, "fine_coverage": 0.774746328266953, "old_fine_sam_miou": 0.36559991119996177, "gaussian_object_coverage": 0.17904714142427283, "gaussian_fine_coverage": 0.13908726178535608, "evaluation_gpu_peak_mib": 135.6259765625}
UPDATE 010 7 3 0 141491 0.11992143094539642
UPDATE 010 7 3 150 148023 0.06313817948102951
UPDATE 010 7 3 300 146208 0.08971153944730759
UPDATE 010 7 3 450 149481 0.0687820315361023
STAGE_COMPLETE {"stage": 3, "end": 60, "steps": 600, "gaussians": 149508, "cap": 150000, "train_seconds": 7.472082419999879, "update_p50_ms": 9.039554999844768, "update_p95_ms": 26.2192456998946, "compute_p50_ms": 7.061863499984611, "gpu_update_peak_mib": 181.88134765625, "cpu_rss_peak_mib": 1857.58984375, "controller_seconds_cumulative": 6.6280541810087925, "optimized_pixels": 121024512, "replay_probability": 0.3, "teacher_max_frame": 58, "psnr": 20.104642813542466, "ssim": 0.6782854735851288, "old_psnr": 20.39728860509733, "object_sam_miou": 0.508964240421751, "fine_sam_miou": 0.3314971927046866, "small_fine_sam_miou": 0.13061557092322099, "fine_coverage": 0.9267011753270531, "old_fine_sam_miou": 0.38607828377451653, "gaussian_object_coverage": 0.23707092597051663, "gaussian_fine_coverage": 0.18855847178746288, "evaluation_gpu_peak_mib": 181.88134765625}
UPDATE 010 7 4 0 191936 0.09875553846359253
UPDATE 010 7 4 150 195615 0.16441020369529724
UPDATE 010 7 4 300 194509 0.15123847126960754
UPDATE 010 7 4 450 198947 0.10853046178817749
STAGE_COMPLETE {"stage": 4, "end": 79, "steps": 600, "gaussians": 198896, "cap": 200000, "train_seconds": 8.466307325999878, "update_p50_ms": 11.084357499839825, "update_p95_ms": 27.28773585010913, "compute_p50_ms": 8.063129499987554, "gpu_update_peak_mib": 221.45947265625, "cpu_rss_peak_mib": 1873.4375, "controller_seconds_cumulative": 9.898439764001523, "optimized_pixels": 119144448, "replay_probability": 0.3, "teacher_max_frame": 72, "psnr": 19.182992759888215, "ssim": 0.6448462697175833, "old_psnr": 19.896461670203845, "object_sam_miou": 0.43272655558595574, "fine_sam_miou": 0.3015001124550215, "small_fine_sam_miou": 0.12137089529531431, "fine_coverage": 0.7861460220142887, "old_fine_sam_miou": 0.3856722611714383, "gaussian_object_coverage": 0.26369057195720375, "gaussian_fine_coverage": 0.21654533022283, "evaluation_gpu_peak_mib": 224.4873046875}
UPDATE 010 7 5 0 244201 0.1354149878025055
UPDATE 010 7 5 150 244829 0.04265640676021576
UPDATE 010 7 5 300 243238 0.07004410773515701
UPDATE 010 7 5 450 248837 0.06958184391260147
STAGE_COMPLETE {"stage": 5, "end": 99, "steps": 600, "gaussians": 248764, "cap": 250000, "train_seconds": 9.46529383699999, "update_p50_ms": 12.546764000035182, "update_p95_ms": 28.5734878996891, "compute_p50_ms": 9.339900999975725, "gpu_update_peak_mib": 282.3154296875, "cpu_rss_peak_mib": 1886.96484375, "controller_seconds_cumulative": 13.478333559002749, "optimized_pixels": 122486784, "replay_probability": 0.3, "teacher_max_frame": 94, "psnr": 19.140702615628477, "ssim": 0.6434565894305706, "old_psnr": 18.727468909153302, "object_sam_miou": 0.4259821954205278, "fine_sam_miou": 0.31414914220879697, "small_fine_sam_miou": 0.09576683271961288, "fine_coverage": 0.8608097792432527, "old_fine_sam_miou": 0.3497938976554425, "gaussian_object_coverage": 0.33851361129423874, "gaussian_fine_coverage": 0.24050103712755866, "evaluation_gpu_peak_mib": 282.3154296875}
UPDATE 010 7 6 0 287642 0.10066904127597809
UPDATE 010 7 6 150 295989 0.04105858504772186
UPDATE 010 7 6 300 292235 0.03206677362322807
UPDATE 010 7 6 450 299015 0.045034196227788925
STAGE_COMPLETE {"stage": 6, "end": 119, "steps": 600, "gaussians": 299015, "cap": 300000, "train_seconds": 9.300225407000198, "update_p50_ms": 11.584570999957577, "update_p95_ms": 29.563662350028608, "compute_p50_ms": 9.262900499834359, "gpu_update_peak_mib": 323.25341796875, "cpu_rss_peak_mib": 1909.83984375, "controller_seconds_cumulative": 16.9922515950052, "optimized_pixels": 120606720, "replay_probability": 0.3, "teacher_max_frame": 115, "psnr": 19.830425353343866, "ssim": 0.6615781188011169, "old_psnr": 19.157128634021692, "object_sam_miou": 0.4092087608184107, "fine_sam_miou": 0.34157441765960633, "small_fine_sam_miou": 0.08211134672581086, "fine_coverage": 0.8685123139667896, "old_fine_sam_miou": 0.3810546193626198, "gaussian_object_coverage": 0.3504105145226828, "gaussian_fine_coverage": 0.26717054328378176, "evaluation_gpu_peak_mib": 323.25341796875}
RUN_COMPLETE 010 7
