UPDATE 101 17 1 0 25000 0.23721636831760406
UPDATE 101 17 1 150 39232 0.06473974138498306
UPDATE 101 17 1 300 48980 0.07309714704751968
UPDATE 101 17 1 450 49991 0.05198134109377861
STAGE_COMPLETE {"stage": 1, "end": 46, "steps": 600, "gaussians": 49997, "cap": 50000, "train_seconds": 9.597420817000966, "update_p50_ms": 8.775858999797492, "update_p95_ms": 39.1122748997077, "compute_p50_ms": 7.245105998663348, "gpu_update_peak_mib": 77.7978515625, "cpu_rss_peak_mib": 1596.7265625, "controller_seconds_cumulative": 4.505818278048537, "optimized_pixels": 112000128, "teacher_max_frame": 42, "psnr": 22.025287251034626, "ssim": 0.5814124544461569, "old_psnr": 22.025287251034626, "object_sam_miou": 0.23743388407048743, "fine_sam_miou": 0.14850351902916964, "small_fine_sam_miou": 0.00048295846557196083, "fine_coverage": 0.9542369231832626, "old_fine_sam_miou": 0.14850351902916964, "gaussian_object_coverage": 0.7514850891053463, "gaussian_fine_coverage": 0.10082604956297378, "evaluation_gpu_peak_mib": 77.7978515625}
UPDATE 101 17 2 0 91428 0.17500954866409302
UPDATE 101 17 2 150 99785 0.0553521104156971
UPDATE 101 17 2 300 97835 0.042878180742263794
UPDATE 101 17 2 450 99925 0.049799010157585144
STAGE_COMPLETE {"stage": 2, "end": 93, "steps": 600, "gaussians": 99912, "cap": 100000, "train_seconds": 12.82167944899993, "update_p50_ms": 24.461708999297116, "update_p95_ms": 41.478632751022815, "compute_p50_ms": 8.907799998269184, "gpu_update_peak_mib": 126.169921875, "cpu_rss_peak_mib": 1613.99609375, "controller_seconds_cumulative": 12.05403232404933, "optimized_pixels": 108850560, "teacher_max_frame": 90, "psnr": 23.254038612448785, "ssim": 0.6752253621816635, "old_psnr": 22.60290429533778, "object_sam_miou": 0.26946935644131925, "fine_sam_miou": 0.18545538456842403, "small_fine_sam_miou": 0.04772438379723323, "fine_coverage": 0.9920118386238184, "old_fine_sam_miou": 0.20724867159237673, "gaussian_object_coverage": 0.7666146208663625, "gaussian_fine_coverage": 0.2016974937945392, "evaluation_gpu_peak_mib": 133.83056640625}
UPDATE 101 17 3 0 146918 0.07341449707746506
UPDATE 101 17 3 150 149052 0.04550265148282051
UPDATE 101 17 3 300 146655 0.03648113086819649
UPDATE 101 17 3 450 149797 0.03250840678811073
STAGE_COMPLETE {"stage": 3, "end": 140, "steps": 600, "gaussians": 149769, "cap": 150000, "train_seconds": 15.258520527997462, "update_p50_ms": 27.80794399950537, "update_p95_ms": 43.42656860026182, "compute_p50_ms": 10.715782998886425, "gpu_update_peak_mib": 177.61328125, "cpu_rss_peak_mib": 1647.09375, "controller_seconds_cumulative": 20.64660233399991, "optimized_pixels": 108850560, "teacher_max_frame": 138, "psnr": 24.303308988491004, "ssim": 0.7428137825595008, "old_psnr": 22.52902009765665, "object_sam_miou": 0.2706069196350029, "fine_sam_miou": 0.19128123711867473, "small_fine_sam_miou": 0.05849531549301456, "fine_coverage": 0.9880174235678832, "old_fine_sam_miou": 0.21858698646105132, "gaussian_object_coverage": 0.7774105455735165, "gaussian_fine_coverage": 0.23488171784548204, "evaluation_gpu_peak_mib": 177.61328125}
UPDATE 101 17 4 0 195797 0.04945574328303337
UPDATE 101 17 4 150 198232 0.04418158903717995
UPDATE 101 17 4 300 195514 0.036864783614873886
UPDATE 101 17 4 450 199763 0.04344160109758377
STAGE_COMPLETE {"stage": 4, "end": 186, "steps": 600, "gaussians": 199718, "cap": 200000, "train_seconds": 16.736469032999594, "update_p50_ms": 28.669590001300094, "update_p95_ms": 45.309567347248944, "compute_p50_ms": 13.552902499213815, "gpu_update_peak_mib": 223.8759765625, "cpu_rss_peak_mib": 1660.83203125, "controller_seconds_cumulative": 29.394604135926784, "optimized_pixels": 112350080, "teacher_max_frame": 179, "psnr": 24.748705956917675, "ssim": 0.7619311362504959, "old_psnr": 22.69029045948817, "object_sam_miou": 0.2646692400690638, "fine_sam_miou": 0.20601837910586074, "small_fine_sam_miou": 0.061477064697000094, "fine_coverage": 0.9886969789877982, "old_fine_sam_miou": 0.2094752357548849, "gaussian_object_coverage": 0.7700657927678026, "gaussian_fine_coverage": 0.2928028520213501, "evaluation_gpu_peak_mib": 223.8759765625}
UPDATE 101 17 5 0 244774 0.07751262187957764
UPDATE 101 17 5 150 246920 0.03846105933189392
UPDATE 101 17 5 300 244347 0.05284927412867546
UPDATE 101 17 5 450 249607 0.03177868574857712
STAGE_COMPLETE {"stage": 5, "end": 232, "steps": 600, "gaussians": 249494, "cap": 250000, "train_seconds": 17.677054248000786, "update_p50_ms": 30.206845498469193, "update_p95_ms": 48.12199560019507, "compute_p50_ms": 14.877794501444441, "gpu_update_peak_mib": 276.90869140625, "cpu_rss_peak_mib": 1671.46484375, "controller_seconds_cumulative": 38.38047390493011, "optimized_pixels": 110600320, "teacher_max_frame": 227, "psnr": 25.216449108142083, "ssim": 0.7867476282448604, "old_psnr": 23.118286205449206, "object_sam_miou": 0.27602562308399264, "fine_sam_miou": 0.18828593451735567, "small_fine_sam_miou": 0.05021076051624912, "fine_coverage": 0.9832181096146982, "old_fine_sam_miou": 0.19361375463405556, "gaussian_object_coverage": 0.7727039528004681, "gaussian_fine_coverage": 0.3018349138656641, "evaluation_gpu_peak_mib": 276.90869140625}
UPDATE 101 17 6 0 293611 0.06152190640568733
UPDATE 101 17 6 150 296066 0.025883348658680916
UPDATE 101 17 6 300 293126 0.029345067217946053
UPDATE 101 17 6 450 299551 0.035650141537189484
STAGE_COMPLETE {"stage": 6, "end": 279, "steps": 600, "gaussians": 299551, "cap": 300000, "train_seconds": 18.539313332999882, "update_p50_ms": 31.351025998446858, "update_p95_ms": 48.578744451697254, "compute_p50_ms": 15.497318001507665, "gpu_update_peak_mib": 323.32861328125, "cpu_rss_peak_mib": 1683.30078125, "controller_seconds_cumulative": 47.27578257092682, "optimized_pixels": 108150656, "teacher_max_frame": 275, "psnr": 25.219029509478563, "ssim": 0.8010939189365932, "old_psnr": 23.508731473011135, "object_sam_miou": 0.28320000570113535, "fine_sam_miou": 0.20986032718500033, "small_fine_sam_miou": 0.05772118608477265, "fine_coverage": 0.9832621768804466, "old_fine_sam_miou": 0.20088154232660013, "gaussian_object_coverage": 0.8235091854141698, "gaussian_fine_coverage": 0.3495731945478399, "evaluation_gpu_peak_mib": 323.32861328125}
RUN_COMPLETE 101 17
