L4_INPUT_PREPARATION
RESTORED_TUM_MANIFEST_AND_ALL_ANCHORS_IDENTICAL 335212
test_long_stream_replay_keeps_new_observations (test_balancing.BalanceTests.test_long_stream_replay_keeps_new_observations) ... ok
test_unknown_stream_temporal_reserve (test_balancing.BalanceTests.test_unknown_stream_temporal_reserve) ... ok
test_unlabelled_frames_retain_exploration_floor (test_balancing.BalanceTests.test_unlabelled_frames_retain_exploration_floor) ... ok
test_future_rgb_depth_and_pose_do_not_change_prefix_anchors (test_causality.CausalityTest.test_future_rgb_depth_and_pose_do_not_change_prefix_anchors) ... ok
test_heldout_depth_is_never_admitted (test_causality.CausalityTest.test_heldout_depth_is_never_admitted) ... ok
test_merge_cannot_match_two_reference_regions (test_evaluation.EvaluationTest.test_merge_cannot_match_two_reference_regions) ... ok
test_region_numbering_does_not_change_agreement (test_evaluation.EvaluationTest.test_region_numbering_does_not_change_agreement) ... ok
test_unknowns_are_misses (test_evaluation.EvaluationTest.test_unknowns_are_misses) ... ok
test_crop_ray_equivalence (test_policies.PoliciesTest.test_crop_ray_equivalence) ... ok
test_empty_semantics_still_explores (test_policies.PoliciesTest.test_empty_semantics_still_explores) ... ok
test_replay_capacity_and_rare_region (test_policies.PoliciesTest.test_replay_capacity_and_rare_region) ... ok
test_small_supported_part_receives_more_marginal_weight (test_policies.PoliciesTest.test_small_supported_part_receives_more_marginal_weight) ... ok
test_unknown_does_not_gain_confidence_bonus (test_policies.PoliciesTest.test_unknown_does_not_gain_confidence_bonus) ... ok

----------------------------------------------------------------------
Ran 13 tests in 0.050s

OK
gsplat: CUDA extension has been set up successfully in 181.80 seconds.
CUDA_GRADIENT_AND_SEMANTIC_INHERITANCE_PASS
ITERATION_COMPLETE {"dataset": "tum-desk", "data": "/content/semantic-incremental/data/tum640/manifest.json", "seed": 7, "factors": "111", "metrics": {"stage": 6, "end": 119, "steps": 600, "gaussians": 298800, "cap": 300000, "train_seconds": 11.930653070000062, "update_p50_ms": 14.687949000062872, "update_p95_ms": 31.11199504983233, "compute_p50_ms": 9.63774449974153, "gpu_update_peak_mib": 330.59228515625, "cpu_rss_peak_mib": 1906.3203125, "controller_seconds_cumulative": 26.04336153698432, "optimized_pixels": 120606720, "replay_pool": [0, 6, 13, 19, 26, 32, 40, 46, 53, 59, 66, 72, 79, 85, 92, 98, 64, 35, 89, 23, 70, 76, 82, 62, 16, 30, 38, 56, 11, 68, 2, 95, 43, 71, 88, 77, 61, 80, 4, 90, 78, 49, 14, 73, 34, 31, 24, 67], "replay_probability": 0.55, "teacher_max_frame": 115, "psnr": 19.933642477646124, "ssim": 0.6646989285945892, "old_psnr": 19.65270628546992, "object_sam_miou": 0.41957612495849966, "fine_sam_miou": 0.3497725007205844, "small_fine_sam_miou": 0.08841601968593694, "fine_coverage": 0.8756825383988593, "old_fine_sam_miou": 0.3997050019010873, "gaussian_object_coverage": 0.35710508701472554, "gaussian_fine_coverage": 0.26906626506024095, "evaluation_gpu_peak_mib": 330.59228515625}}
ITERATION_COMPLETE {"dataset": "tum-desk", "data": "/content/semantic-incremental/data/tum640/manifest.json", "seed": 7, "factors": "000", "metrics": {"stage": 6, "end": 119, "steps": 600, "gaussians": 299258, "cap": 300000, "train_seconds": 9.267483998999978, "update_p50_ms": 11.610680999865508, "update_p95_ms": 30.004291499858482, "compute_p50_ms": 9.474489000240283, "gpu_update_peak_mib": 323.875, "cpu_rss_peak_mib": 1848.96484375, "controller_seconds_cumulative": 17.112652642995727, "optimized_pixels": 120606720, "replay_pool": [80, 67, 2, 4, 5, 6, 59, 8, 86, 79, 12, 13, 14, 16, 17, 18, 19, 20, 90, 77, 24, 25, 26, 28, 92, 89, 31, 76, 78, 74, 36, 85, 38, 73, 41, 62, 58, 44, 46, 98, 48, 49, 50, 97, 53, 54, 55, 71], "replay_probability": 0.3, "teacher_max_frame": 115, "psnr": 19.755810325726756, "ssim": 0.6542969882488251, "old_psnr": 19.387564617394716, "object_sam_miou": 0.43037992678351317, "fine_sam_miou": 0.3528917284049768, "small_fine_sam_miou": 0.08657701790896359, "fine_coverage": 0.8709649429184859, "old_fine_sam_miou": 0.37548951556653504, "gaussian_object_coverage": 0.3286996504688262, "gaussian_fine_coverage": 0.23319343175453955, "evaluation_gpu_peak_mib": 323.875}}
ITERATION_COMPLETE {"dataset": "kitchen", "data": "/content/mip360/kitchen", "seed": 7, "factors": "000", "metrics": {"stage": 6, "end": 279, "steps": 600, "gaussians": 299532, "cap": 300000, "train_seconds": 12.257524239000304, "update_p50_ms": 25.93247749996408, "update_p95_ms": 28.706668649829226, "compute_p50_ms": 9.097179500031416, "gpu_update_peak_mib": 321.3720703125, "cpu_rss_peak_mib": 1742.35546875, "controller_seconds_cumulative": 37.44527264599628, "optimized_pixels": 110600320, "replay_pool": [102, 166, 183, 91, 202, 159, 150, 9, 122, 199, 179, 193, 218, 60, 68, 62, 206, 20, 86, 194, 23, 76, 185, 114, 28, 87, 133, 142, 129, 79, 230, 36, 37, 38, 110, 41, 42, 188, 173, 45, 127, 165, 49, 186, 164, 158, 58, 55], "replay_probability": 0.3, "teacher_max_frame": 275, "psnr": 24.517699650559017, "ssim": 0.7894989660808018, "old_psnr": 20.44389378834992, "object_sam_miou": 0.2712080587122944, "fine_sam_miou": 0.24775923414705914, "small_fine_sam_miou": 0.11591954551740606, "fine_coverage": 0.9764969995968426, "old_fine_sam_miou": 0.21344527187235277, "gaussian_object_coverage": 0.8422305463189241, "gaussian_fine_coverage": 0.35383531642695937, "evaluation_gpu_peak_mib": 321.3720703125}}
ITERATION_COMPLETE {"dataset": "kitchen", "data": "/content/mip360/kitchen", "seed": 7, "factors": "111", "metrics": {"stage": 6, "end": 279, "steps": 600, "gaussians": 299341, "cap": 300000, "train_seconds": 13.963101595999888, "update_p50_ms": 26.8220300001758, "update_p95_ms": 29.442042100163235, "compute_p50_ms": 8.879940999804603, "gpu_update_peak_mib": 319.72998046875, "cpu_rss_peak_mib": 1783.75390625, "controller_seconds_cumulative": 44.00181901999031, "optimized_pixels": 110600320, "replay_pool": [1, 15, 31, 46, 62, 77, 93, 108, 124, 139, 155, 170, 186, 201, 217, 231, 105, 73, 206, 116, 178, 115, 55, 41, 50, 163, 191, 67, 145, 84, 182, 10, 35, 175, 111, 159, 28, 133, 149, 6, 197, 81, 25, 119, 66, 127, 212, 166], "replay_probability": 0.55, "teacher_max_frame": 275, "psnr": 25.742143963477115, "ssim": 0.8128166062491281, "old_psnr": 24.24932240905444, "object_sam_miou": 0.31336044449942463, "fine_sam_miou": 0.24129226607245444, "small_fine_sam_miou": 0.10785088111153816, "fine_coverage": 0.9824639314190221, "old_fine_sam_miou": 0.24276129829326049, "gaussian_object_coverage": 0.8501307872960937, "gaussian_fine_coverage": 0.3857774244089517, "evaluation_gpu_peak_mib": 319.72998046875}}
PHASE_COMPLETE screen
SCREEN_PIPELINE_COMPLETE
