UPDATE 000 7 1 0 25000 0.19375215470790863
UPDATE 000 7 1 150 38054 0.09042173624038696
UPDATE 000 7 1 300 48950 0.04433200880885124
UPDATE 000 7 1 450 49999 0.046068135648965836
STAGE_COMPLETE {"stage": 1, "end": 20, "steps": 600, "gaussians": 49998, "cap": 50000, "train_seconds": 7.098526722000315, "update_p50_ms": 8.151750500019261, "update_p95_ms": 8.957067500000448, "compute_p50_ms": 6.719556000007287, "gpu_update_peak_mib": 86.76708984375, "cpu_rss_peak_mib": 1708.125, "controller_seconds_cumulative": 2.2845632540033876, "optimized_pixels": 122695680, "replay_probability": 0.3, "teacher_max_frame": 14, "psnr": 21.039336300695364, "ssim": 0.7029019792874655, "old_psnr": 21.039336300695364, "object_sam_miou": 0.5868447900211972, "fine_sam_miou": 0.38484988409572746, "small_fine_sam_miou": 0.2185466377440347, "fine_coverage": 0.8928845334469535, "old_fine_sam_miou": 0.38484988409572746, "gaussian_object_coverage": 0.1644665786631465, "gaussian_fine_coverage": 0.06020240809632385, "evaluation_gpu_peak_mib": 86.76708984375}
UPDATE 000 7 2 0 94148 0.07616735994815826
UPDATE 000 7 2 150 99363 0.06187856197357178
UPDATE 000 7 2 300 97565 0.0909576416015625
UPDATE 000 7 2 450 99728 0.05023518577218056
STAGE_COMPLETE {"stage": 2, "end": 40, "steps": 600, "gaussians": 99720, "cap": 100000, "train_seconds": 5.703140656999949, "update_p50_ms": 8.429562000173974, "update_p95_ms": 10.0252407998366, "compute_p50_ms": 6.990621499880945, "gpu_update_peak_mib": 133.13134765625, "cpu_rss_peak_mib": 1802.25390625, "controller_seconds_cumulative": 3.6222397589981483, "optimized_pixels": 120397824, "replay_probability": 0.3, "teacher_max_frame": 36, "psnr": 19.824965433222868, "ssim": 0.6635329467909676, "old_psnr": 20.92411372162189, "object_sam_miou": 0.42724098095679947, "fine_sam_miou": 0.30703790124072355, "small_fine_sam_miou": 0.1419832270275778, "fine_coverage": 0.7782288001288856, "old_fine_sam_miou": 0.40508979770480164, "gaussian_object_coverage": 0.169484556758925, "gaussian_fine_coverage": 0.12776774969915763, "evaluation_gpu_peak_mib": 133.13134765625}
UPDATE 000 7 3 0 142601 0.17438548803329468
UPDATE 000 7 3 150 147832 0.07435241341590881
UPDATE 000 7 3 300 146208 0.08248178660869598
UPDATE 000 7 3 450 149572 0.06171298399567604
STAGE_COMPLETE {"stage": 3, "end": 60, "steps": 600, "gaussians": 149641, "cap": 150000, "train_seconds": 7.945533992000037, "update_p50_ms": 9.244941999895673, "update_p95_ms": 26.49158795002222, "compute_p50_ms": 7.290591999890239, "gpu_update_peak_mib": 182.4033203125, "cpu_rss_peak_mib": 1811.40234375, "controller_seconds_cumulative": 6.934012142998654, "optimized_pixels": 121024512, "replay_probability": 0.3, "teacher_max_frame": 58, "psnr": 20.158526418721998, "ssim": 0.6803807556629181, "old_psnr": 20.83879909989966, "object_sam_miou": 0.49885202829708675, "fine_sam_miou": 0.3342781218266309, "small_fine_sam_miou": 0.12941644719420528, "fine_coverage": 0.9177909379428161, "old_fine_sam_miou": 0.39708106498185686, "gaussian_object_coverage": 0.22384239613474916, "gaussian_fine_coverage": 0.16760780802052913, "evaluation_gpu_peak_mib": 182.4033203125}
UPDATE 000 7 4 0 191656 0.0907934233546257
UPDATE 000 7 4 150 196461 0.028932271525263786
UPDATE 000 7 4 300 194326 0.07151686400175095
UPDATE 000 7 4 450 198953 0.05944305285811424
STAGE_COMPLETE {"stage": 4, "end": 79, "steps": 600, "gaussians": 198980, "cap": 200000, "train_seconds": 8.67073041499998, "update_p50_ms": 11.228497000047355, "update_p95_ms": 27.680228750068636, "compute_p50_ms": 8.104027500166922, "gpu_update_peak_mib": 234.6796875, "cpu_rss_peak_mib": 1831.04296875, "controller_seconds_cumulative": 10.328632053999627, "optimized_pixels": 119144448, "replay_probability": 0.3, "teacher_max_frame": 72, "psnr": 19.055895294641115, "ssim": 0.6407911823346064, "old_psnr": 19.290780237959677, "object_sam_miou": 0.41537336996163826, "fine_sam_miou": 0.29641501034938844, "small_fine_sam_miou": 0.12905264635225067, "fine_coverage": 0.7844319121580302, "old_fine_sam_miou": 0.3847415653298765, "gaussian_object_coverage": 0.24581364961302643, "gaussian_fine_coverage": 0.19358226957483163, "evaluation_gpu_peak_mib": 234.6796875}
UPDATE 000 7 5 0 244193 0.11911343783140182
UPDATE 000 7 5 150 245061 0.06695567071437836
UPDATE 000 7 5 300 243145 0.03928651288151741
UPDATE 000 7 5 450 248720 0.06148497760295868
STAGE_COMPLETE {"stage": 5, "end": 99, "steps": 600, "gaussians": 248802, "cap": 250000, "train_seconds": 9.437311973000305, "update_p50_ms": 12.67515400013508, "update_p95_ms": 28.960595600074157, "compute_p50_ms": 9.636065499989854, "gpu_update_peak_mib": 285.3115234375, "cpu_rss_peak_mib": 1844.4140625, "controller_seconds_cumulative": 13.751450678991205, "optimized_pixels": 122486784, "replay_probability": 0.3, "teacher_max_frame": 94, "psnr": 18.93896459863816, "ssim": 0.6405888237059116, "old_psnr": 18.53404298732953, "object_sam_miou": 0.4119961626652711, "fine_sam_miou": 0.3267727765089987, "small_fine_sam_miou": 0.11989033066628452, "fine_coverage": 0.8666816727263024, "old_fine_sam_miou": 0.37389479152256816, "gaussian_object_coverage": 0.3226099468653789, "gaussian_fine_coverage": 0.21331420165432755, "evaluation_gpu_peak_mib": 285.3115234375}
UPDATE 000 7 6 0 286875 0.11092923581600189
UPDATE 000 7 6 150 295738 0.035512227565050125
UPDATE 000 7 6 300 292414 0.0346979983150959
UPDATE 000 7 6 450 299258 0.026589645072817802
STAGE_COMPLETE {"stage": 6, "end": 119, "steps": 600, "gaussians": 299258, "cap": 300000, "train_seconds": 9.267483998999978, "update_p50_ms": 11.610680999865508, "update_p95_ms": 30.004291499858482, "compute_p50_ms": 9.474489000240283, "gpu_update_peak_mib": 323.875, "cpu_rss_peak_mib": 1848.96484375, "controller_seconds_cumulative": 17.112652642995727, "optimized_pixels": 120606720, "replay_probability": 0.3, "teacher_max_frame": 115, "psnr": 19.755810325726756, "ssim": 0.6542969882488251, "old_psnr": 19.387564617394716, "object_sam_miou": 0.43037992678351317, "fine_sam_miou": 0.3528917284049768, "small_fine_sam_miou": 0.08657701790896359, "fine_coverage": 0.8709649429184859, "old_fine_sam_miou": 0.37548951556653504, "gaussian_object_coverage": 0.3286996504688262, "gaussian_fine_coverage": 0.23319343175453955, "evaluation_gpu_peak_mib": 323.875}
RUN_COMPLETE 000 7
