UPDATE 011 7 1 0 25000 0.22256843745708466
UPDATE 011 7 1 150 39190 0.07385151088237762
UPDATE 011 7 1 300 48980 0.05185884237289429
UPDATE 011 7 1 450 49993 0.05289749801158905
STAGE_COMPLETE {"stage": 1, "end": 46, "steps": 600, "gaussians": 49987, "cap": 50000, "train_seconds": 8.1199949009997, "update_p50_ms": 6.41543849997106, "update_p95_ms": 25.026747849733507, "compute_p50_ms": 5.377508000037778, "gpu_update_peak_mib": 75.93212890625, "cpu_rss_peak_mib": 1688.625, "controller_seconds_cumulative": 3.9872617360033473, "optimized_pixels": 112350080, "replay_probability": 0.3, "teacher_max_frame": 42, "psnr": 21.747904261689968, "ssim": 0.5787399113178253, "old_psnr": 21.747904261689968, "object_sam_miou": 0.26083681276299114, "fine_sam_miou": 0.17149308700292942, "small_fine_sam_miou": 0.00937641211025757, "fine_coverage": 0.9567190874173237, "old_fine_sam_miou": 0.17149308700292942, "gaussian_object_coverage": 0.7589173185028107, "gaussian_fine_coverage": 0.11428971532598475, "evaluation_gpu_peak_mib": 75.93212890625}
UPDATE 011 7 2 0 91706 0.05647367238998413
UPDATE 011 7 2 150 99710 0.041659899055957794
UPDATE 011 7 2 300 97817 0.048599276691675186
UPDATE 011 7 2 450 99857 0.03616552799940109
STAGE_COMPLETE {"stage": 2, "end": 93, "steps": 600, "gaussians": 99793, "cap": 100000, "train_seconds": 10.471392136000759, "update_p50_ms": 23.71813250010746, "update_p95_ms": 24.907269350615024, "compute_p50_ms": 5.813572000533895, "gpu_update_peak_mib": 127.36669921875, "cpu_rss_peak_mib": 1713.82421875, "controller_seconds_cumulative": 10.860370478008008, "optimized_pixels": 110425344, "replay_probability": 0.44999999999999996, "teacher_max_frame": 90, "psnr": 23.10168537067975, "ssim": 0.6878207673629125, "old_psnr": 23.00953603730969, "object_sam_miou": 0.2653111717057085, "fine_sam_miou": 0.17472087202470538, "small_fine_sam_miou": 0.04045568161169737, "fine_coverage": 0.9779857931018626, "old_fine_sam_miou": 0.20295971674940383, "gaussian_object_coverage": 0.7939735251971581, "gaussian_fine_coverage": 0.21899331616446044, "evaluation_gpu_peak_mib": 132.89990234375}
UPDATE 011 7 3 0 146777 0.04250935837626457
UPDATE 011 7 3 150 148454 0.035887423902750015
UPDATE 011 7 3 300 146572 0.037553951144218445
UPDATE 011 7 3 450 149628 0.041735321283340454
STAGE_COMPLETE {"stage": 3, "end": 140, "steps": 600, "gaussians": 149648, "cap": 150000, "train_seconds": 11.711358824999479, "update_p50_ms": 24.249037499885162, "update_p95_ms": 25.713180149341497, "compute_p50_ms": 6.354958999963856, "gpu_update_peak_mib": 175.48779296875, "cpu_rss_peak_mib": 1733.57421875, "controller_seconds_cumulative": 18.644295139011774, "optimized_pixels": 110950272, "replay_probability": 0.5, "teacher_max_frame": 138, "psnr": 24.175589493285056, "ssim": 0.7484184669123756, "old_psnr": 22.88010239219419, "object_sam_miou": 0.2749680520909313, "fine_sam_miou": 0.18537944062599607, "small_fine_sam_miou": 0.051357623085410975, "fine_coverage": 0.9829133504544072, "old_fine_sam_miou": 0.21813727743795983, "gaussian_object_coverage": 0.809639955094622, "gaussian_fine_coverage": 0.2564685127766492, "evaluation_gpu_peak_mib": 175.48779296875}
UPDATE 011 7 4 0 195711 0.0681409165263176
UPDATE 011 7 4 150 198285 0.03704909607768059
UPDATE 011 7 4 300 195403 0.03509458526968956
UPDATE 011 7 4 450 199639 0.05190109834074974
STAGE_COMPLETE {"stage": 4, "end": 186, "steps": 600, "gaussians": 199586, "cap": 200000, "train_seconds": 12.327796663999834, "update_p50_ms": 24.949261999609007, "update_p95_ms": 26.945275350408338, "compute_p50_ms": 7.351436999670113, "gpu_update_peak_mib": 225.7841796875, "cpu_rss_peak_mib": 1748.78125, "controller_seconds_cumulative": 26.460254244010684, "optimized_pixels": 109375488, "replay_probability": 0.5249999999999999, "teacher_max_frame": 179, "psnr": 24.75784634737451, "ssim": 0.7672369902332624, "old_psnr": 23.422397778079397, "object_sam_miou": 0.2846612376611644, "fine_sam_miou": 0.20013102943329844, "small_fine_sam_miou": 0.07395468617711891, "fine_coverage": 0.9773950130192712, "old_fine_sam_miou": 0.22759674232712335, "gaussian_object_coverage": 0.812827553034782, "gaussian_fine_coverage": 0.31938111891615645, "evaluation_gpu_peak_mib": 225.7841796875}
UPDATE 011 7 5 0 244635 0.0589555948972702
UPDATE 011 7 5 150 246064 0.047570306807756424
UPDATE 011 7 5 300 244178 0.034043531864881516
UPDATE 011 7 5 450 249527 0.027846215292811394
STAGE_COMPLETE {"stage": 5, "end": 232, "steps": 600, "gaussians": 249455, "cap": 250000, "train_seconds": 13.068797644999904, "update_p50_ms": 25.425454499782063, "update_p95_ms": 27.866674350661924, "compute_p50_ms": 8.326028999817936, "gpu_update_peak_mib": 272.68603515625, "cpu_rss_peak_mib": 1762.765625, "controller_seconds_cumulative": 34.5256775210255, "optimized_pixels": 112175104, "replay_probability": 0.54, "teacher_max_frame": 227, "psnr": 25.396019231413426, "ssim": 0.7978208476099474, "old_psnr": 23.952831733535998, "object_sam_miou": 0.29877489004479385, "fine_sam_miou": 0.2066300595010953, "small_fine_sam_miou": 0.07077780164217604, "fine_coverage": 0.9806402389081669, "old_fine_sam_miou": 0.23001535188076422, "gaussian_object_coverage": 0.8171894730512518, "gaussian_fine_coverage": 0.3379607544446894, "evaluation_gpu_peak_mib": 272.68603515625}
UPDATE 011 7 6 0 293504 0.04578634351491928
UPDATE 011 7 6 150 295856 0.026314666494727135
UPDATE 011 7 6 300 293185 0.027082499116659164
UPDATE 011 7 6 450 299337 0.02667069062590599
STAGE_COMPLETE {"stage": 6, "end": 279, "steps": 600, "gaussians": 299337, "cap": 300000, "train_seconds": 13.668718650999836, "update_p50_ms": 26.24273750006978, "update_p95_ms": 28.87536870034637, "compute_p50_ms": 9.159460500086425, "gpu_update_peak_mib": 320.0634765625, "cpu_rss_peak_mib": 1783.4375, "controller_seconds_cumulative": 42.57365764302449, "optimized_pixels": 110600320, "replay_probability": 0.55, "teacher_max_frame": 275, "psnr": 25.738262183831697, "ssim": 0.8135564889226641, "old_psnr": 24.459845816311756, "object_sam_miou": 0.29938381054425933, "fine_sam_miou": 0.21249707661150588, "small_fine_sam_miou": 0.0702174999774796, "fine_coverage": 0.974951761788513, "old_fine_sam_miou": 0.22223427623771466, "gaussian_object_coverage": 0.8518392313679899, "gaussian_fine_coverage": 0.3848772453789542, "evaluation_gpu_peak_mib": 320.0634765625}
RUN_COMPLETE 011 7
