UPDATE 100 27 1 0 25000 0.23136715590953827
UPDATE 100 27 1 150 38899 0.07806406915187836
UPDATE 100 27 1 300 48951 0.058998994529247284
UPDATE 100 27 1 450 49999 0.08126286417245865
STAGE_COMPLETE {"stage": 1, "end": 20, "steps": 600, "gaussians": 49997, "cap": 50000, "train_seconds": 8.803046664001158, "update_p50_ms": 10.727204999056994, "update_p95_ms": 16.746020749269512, "compute_p50_ms": 9.077206499569002, "gpu_update_peak_mib": 87.1142578125, "cpu_rss_peak_mib": 1653.2578125, "controller_seconds_cumulative": 2.5871878289835877, "optimized_pixels": 121442304, "teacher_max_frame": 14, "psnr": 20.814581279909977, "ssim": 0.6957600116729736, "old_psnr": 20.814581279909977, "object_sam_miou": 0.5765127085427134, "fine_sam_miou": 0.38255872347153047, "small_fine_sam_miou": 0.21876719867914143, "fine_coverage": 0.8144865786109927, "old_fine_sam_miou": 0.38255872347153047, "gaussian_object_coverage": 0.1616897013820829, "gaussian_fine_coverage": 0.05976358581514891, "evaluation_gpu_peak_mib": 87.1142578125}
UPDATE 100 27 2 0 93246 0.08979645371437073
UPDATE 100 27 2 150 99455 0.0896998792886734
UPDATE 100 27 2 300 97467 0.08984988182783127
UPDATE 100 27 2 450 99738 0.07479875534772873
STAGE_COMPLETE {"stage": 2, "end": 40, "steps": 600, "gaussians": 99705, "cap": 100000, "train_seconds": 8.051885962999222, "update_p50_ms": 13.077239500489668, "update_p95_ms": 17.39762640063417, "compute_p50_ms": 9.740819499711506, "gpu_update_peak_mib": 139.0556640625, "cpu_rss_peak_mib": 1753.4453125, "controller_seconds_cumulative": 4.0222679269791115, "optimized_pixels": 117055488, "teacher_max_frame": 36, "psnr": 19.76817877118707, "ssim": 0.662387124129704, "old_psnr": 20.961790380226834, "object_sam_miou": 0.42354384368210196, "fine_sam_miou": 0.29788002869261315, "small_fine_sam_miou": 0.13276926496576422, "fine_coverage": 0.7553048444098999, "old_fine_sam_miou": 0.3669370495257478, "gaussian_object_coverage": 0.16939972920114338, "gaussian_fine_coverage": 0.12616217842635777, "evaluation_gpu_peak_mib": 139.0556640625}
UPDATE 100 27 3 0 142793 0.12995968759059906
UPDATE 100 27 3 150 148367 0.07258790731430054
UPDATE 100 27 3 300 146125 0.05746934935450554
UPDATE 100 27 3 450 149587 0.07006967812776566
STAGE_COMPLETE {"stage": 3, "end": 60, "steps": 600, "gaussians": 149508, "cap": 150000, "train_seconds": 10.958095524998498, "update_p50_ms": 15.709889999925508, "update_p95_ms": 38.12323200199898, "compute_p50_ms": 12.889659499705886, "gpu_update_peak_mib": 185.54931640625, "cpu_rss_peak_mib": 1760.2734375, "controller_seconds_cumulative": 7.26358682598584, "optimized_pixels": 121233408, "teacher_max_frame": 58, "psnr": 20.06054468893166, "ssim": 0.6714767217636108, "old_psnr": 20.342407075654624, "object_sam_miou": 0.4954844585983498, "fine_sam_miou": 0.3240304213171468, "small_fine_sam_miou": 0.12226724596483256, "fine_coverage": 0.9006039657146274, "old_fine_sam_miou": 0.36944120000804026, "gaussian_object_coverage": 0.22572036278995103, "gaussian_fine_coverage": 0.1639979131551489, "evaluation_gpu_peak_mib": 185.54931640625}
UPDATE 100 27 4 0 191956 0.1755843162536621
UPDATE 100 27 4 150 196409 0.09928932040929794
UPDATE 100 27 4 300 194401 0.0873309075832367
UPDATE 100 27 4 450 199120 0.06142169237136841
STAGE_COMPLETE {"stage": 4, "end": 79, "steps": 600, "gaussians": 199024, "cap": 200000, "train_seconds": 13.876498998997704, "update_p50_ms": 21.92613750048622, "update_p95_ms": 40.60593624963075, "compute_p50_ms": 17.735305498717935, "gpu_update_peak_mib": 239.36669921875, "cpu_rss_peak_mib": 1777.43359375, "controller_seconds_cumulative": 10.981373061978957, "optimized_pixels": 125202432, "teacher_max_frame": 72, "psnr": 19.10254543317737, "ssim": 0.6423036456108093, "old_psnr": 19.198420821022328, "object_sam_miou": 0.4219915141668218, "fine_sam_miou": 0.2827873626870286, "small_fine_sam_miou": 0.12228345106573597, "fine_coverage": 0.761443619075896, "old_fine_sam_miou": 0.3559271606799043, "gaussian_object_coverage": 0.2471360237961251, "gaussian_fine_coverage": 0.18242021062786398, "evaluation_gpu_peak_mib": 239.36669921875}
UPDATE 100 27 5 0 243066 0.17144453525543213
UPDATE 100 27 5 150 243258 0.06802669912576675
UPDATE 100 27 5 300 242956 0.05137770250439644
UPDATE 100 27 5 450 249010 0.0554167702794075
STAGE_COMPLETE {"stage": 5, "end": 99, "steps": 600, "gaussians": 248963, "cap": 250000, "train_seconds": 15.389742437000677, "update_p50_ms": 24.50472649979929, "update_p95_ms": 45.63173139958959, "compute_p50_ms": 17.138507499112166, "gpu_update_peak_mib": 282.68603515625, "cpu_rss_peak_mib": 1791.8671875, "controller_seconds_cumulative": 15.26510068494099, "optimized_pixels": 118099968, "teacher_max_frame": 94, "psnr": 19.01981042557871, "ssim": 0.6318548284471035, "old_psnr": 18.58901350423498, "object_sam_miou": 0.4256946333479427, "fine_sam_miou": 0.31542358007219556, "small_fine_sam_miou": 0.10812339970847318, "fine_coverage": 0.8357159681455283, "old_fine_sam_miou": 0.3645163058488751, "gaussian_object_coverage": 0.32544193313865916, "gaussian_fine_coverage": 0.20357643505259818, "evaluation_gpu_peak_mib": 282.68603515625}
UPDATE 100 27 6 0 286299 0.11370585113763809
UPDATE 100 27 6 150 296985 0.04529920220375061
UPDATE 100 27 6 300 292239 0.02038736268877983
UPDATE 100 27 6 450 298932 0.03266296908259392
STAGE_COMPLETE {"stage": 6, "end": 119, "steps": 600, "gaussians": 298932, "cap": 300000, "train_seconds": 14.073201982002502, "update_p50_ms": 20.476309500736534, "update_p95_ms": 44.23245259931718, "compute_p50_ms": 16.606416000286117, "gpu_update_peak_mib": 311.5849609375, "cpu_rss_peak_mib": 1811.0859375, "controller_seconds_cumulative": 19.257212130905828, "optimized_pixels": 121024512, "teacher_max_frame": 115, "psnr": 19.71445390679128, "ssim": 0.6506248444318772, "old_psnr": 19.36545138343428, "object_sam_miou": 0.412469729589055, "fine_sam_miou": 0.3400402449680417, "small_fine_sam_miou": 0.07847903297020167, "fine_coverage": 0.8616719434468049, "old_fine_sam_miou": 0.349356149141105, "gaussian_object_coverage": 0.33390871502549074, "gaussian_fine_coverage": 0.22643945780311242, "evaluation_gpu_peak_mib": 311.5849609375}
RUN_COMPLETE 100 27
