UPDATE 100 17 1 0 25000 0.21519792079925537
UPDATE 100 17 1 150 38580 0.09903965890407562
UPDATE 100 17 1 300 48957 0.07079582661390305
UPDATE 100 17 1 450 49998 0.05198760703206062
STAGE_COMPLETE {"stage": 1, "end": 20, "steps": 600, "gaussians": 50000, "cap": 50000, "train_seconds": 8.974050187000103, "update_p50_ms": 10.946229500405025, "update_p95_ms": 17.218668699752016, "compute_p50_ms": 9.230124502209947, "gpu_update_peak_mib": 87.60107421875, "cpu_rss_peak_mib": 1654.44921875, "controller_seconds_cumulative": 2.6476349480035424, "optimized_pixels": 122277888, "teacher_max_frame": 14, "psnr": 20.677368429767018, "ssim": 0.6860302686691284, "old_psnr": 20.677368429767018, "object_sam_miou": 0.5853989913237737, "fine_sam_miou": 0.417218445228581, "small_fine_sam_miou": 0.19717961405244927, "fine_coverage": 0.9273114614401363, "old_fine_sam_miou": 0.417218445228581, "gaussian_object_coverage": 0.16846, "gaussian_fine_coverage": 0.06202, "evaluation_gpu_peak_mib": 87.60107421875}
UPDATE 100 17 2 0 93894 0.13630464673042297
UPDATE 100 17 2 150 99425 0.056544478982686996
UPDATE 100 17 2 300 97625 0.03486812114715576
UPDATE 100 17 2 450 99822 0.09318443387746811
STAGE_COMPLETE {"stage": 2, "end": 40, "steps": 600, "gaussians": 99765, "cap": 100000, "train_seconds": 8.275901008997607, "update_p50_ms": 13.27064950055501, "update_p95_ms": 22.154520349613367, "compute_p50_ms": 10.48660850028682, "gpu_update_peak_mib": 136.9853515625, "cpu_rss_peak_mib": 1759.078125, "controller_seconds_cumulative": 4.245512812976813, "optimized_pixels": 118517760, "teacher_max_frame": 36, "psnr": 19.60682318044332, "ssim": 0.6562538572720119, "old_psnr": 20.59702726423305, "object_sam_miou": 0.3994983213344831, "fine_sam_miou": 0.3038086656125429, "small_fine_sam_miou": 0.14702933850072059, "fine_coverage": 0.73994971182067, "old_fine_sam_miou": 0.4073302679199012, "gaussian_object_coverage": 0.17513155916403547, "gaussian_fine_coverage": 0.12389114418884378, "evaluation_gpu_peak_mib": 136.9853515625}
UPDATE 100 17 3 0 142960 0.12076709419488907
UPDATE 100 17 3 150 147925 0.07060490548610687
UPDATE 100 17 3 300 146179 0.09545809030532837
UPDATE 100 17 3 450 149489 0.06834615767002106
STAGE_COMPLETE {"stage": 3, "end": 60, "steps": 600, "gaussians": 149605, "cap": 150000, "train_seconds": 11.221172196001135, "update_p50_ms": 15.762123999593314, "update_p95_ms": 37.18493340111308, "compute_p50_ms": 12.244559999089688, "gpu_update_peak_mib": 183.109375, "cpu_rss_peak_mib": 1761.203125, "controller_seconds_cumulative": 7.926927452957898, "optimized_pixels": 118517760, "teacher_max_frame": 58, "psnr": 19.983151887276684, "ssim": 0.6705682098865509, "old_psnr": 20.177323726621957, "object_sam_miou": 0.495561621477723, "fine_sam_miou": 0.3320501880177185, "small_fine_sam_miou": 0.12374091043283195, "fine_coverage": 0.908881620648897, "old_fine_sam_miou": 0.4083348317855666, "gaussian_object_coverage": 0.23139600949166136, "gaussian_fine_coverage": 0.16120450519701882, "evaluation_gpu_peak_mib": 183.109375}
UPDATE 100 17 4 0 194480 0.13729327917099
UPDATE 100 17 4 150 196221 0.07870285212993622
UPDATE 100 17 4 300 194721 0.07419265806674957
UPDATE 100 17 4 450 199035 0.06874750554561615
STAGE_COMPLETE {"stage": 4, "end": 79, "steps": 600, "gaussians": 199150, "cap": 200000, "train_seconds": 14.457011187001626, "update_p50_ms": 22.324217499772203, "update_p95_ms": 41.243643300731485, "compute_p50_ms": 16.77416849815927, "gpu_update_peak_mib": 231.90478515625, "cpu_rss_peak_mib": 1774.98828125, "controller_seconds_cumulative": 12.399013654950977, "optimized_pixels": 122695680, "teacher_max_frame": 72, "psnr": 19.19972680176604, "ssim": 0.6418005090493423, "old_psnr": 19.82347386425877, "object_sam_miou": 0.4261222618146993, "fine_sam_miou": 0.2829596863354884, "small_fine_sam_miou": 0.10557825057002504, "fine_coverage": 0.7722756922138683, "old_fine_sam_miou": 0.3943548941177315, "gaussian_object_coverage": 0.25199598292744163, "gaussian_fine_coverage": 0.18200853627918653, "evaluation_gpu_peak_mib": 231.90478515625}
UPDATE 100 17 5 0 242802 0.14297161996364594
UPDATE 100 17 5 150 245479 0.06987480819225311
UPDATE 100 17 5 300 243180 0.08513772487640381
UPDATE 100 17 5 450 248946 0.052730150520801544
STAGE_COMPLETE {"stage": 5, "end": 99, "steps": 600, "gaussians": 248966, "cap": 250000, "train_seconds": 15.366455625000526, "update_p50_ms": 24.09623499806912, "update_p95_ms": 43.662153400873635, "compute_p50_ms": 17.666277000898845, "gpu_update_peak_mib": 284.28857421875, "cpu_rss_peak_mib": 1792.17578125, "controller_seconds_cumulative": 16.696704644011334, "optimized_pixels": 120606720, "teacher_max_frame": 94, "psnr": 19.211660700492196, "ssim": 0.6380223259329796, "old_psnr": 19.10483872035674, "object_sam_miou": 0.4170501532189574, "fine_sam_miou": 0.314502986409352, "small_fine_sam_miou": 0.10096618910380789, "fine_coverage": 0.8499837046331598, "old_fine_sam_miou": 0.3579814578801186, "gaussian_object_coverage": 0.32875171710193357, "gaussian_fine_coverage": 0.20457411855434077, "evaluation_gpu_peak_mib": 284.28857421875}
UPDATE 100 17 6 0 287889 0.11331499367952347
UPDATE 100 17 6 150 296423 0.04921749234199524
UPDATE 100 17 6 300 292451 0.03931083902716637
UPDATE 100 17 6 450 299134 0.0794752836227417
STAGE_COMPLETE {"stage": 6, "end": 119, "steps": 600, "gaussians": 299134, "cap": 300000, "train_seconds": 14.002964065002743, "update_p50_ms": 19.896937499652267, "update_p95_ms": 43.84771945169632, "compute_p50_ms": 15.733591999378405, "gpu_update_peak_mib": 326.271484375, "cpu_rss_peak_mib": 1808.5234375, "controller_seconds_cumulative": 20.720580664023146, "optimized_pixels": 117682176, "teacher_max_frame": 115, "psnr": 19.79960170485944, "ssim": 0.6521763861179352, "old_psnr": 18.66908960086896, "object_sam_miou": 0.40169635053414127, "fine_sam_miou": 0.34452668556561467, "small_fine_sam_miou": 0.08402903824720445, "fine_coverage": 0.8653093582879102, "old_fine_sam_miou": 0.37077020835061564, "gaussian_object_coverage": 0.3296281933849044, "gaussian_fine_coverage": 0.22236522762374053, "evaluation_gpu_peak_mib": 326.271484375}
RUN_COMPLETE 100 17
