UPDATE 000 17 1 0 25000 0.2649739682674408
UPDATE 000 17 1 150 39184 0.058203209191560745
UPDATE 000 17 1 300 48984 0.060171738266944885
UPDATE 000 17 1 450 49989 0.0452408567070961
STAGE_COMPLETE {"stage": 1, "end": 46, "steps": 600, "gaussians": 49992, "cap": 50000, "train_seconds": 8.200220259000162, "update_p50_ms": 6.298674999925424, "update_p95_ms": 24.410168849681213, "compute_p50_ms": 5.2904620001754665, "gpu_update_peak_mib": 76.44677734375, "cpu_rss_peak_mib": 1652.43359375, "controller_seconds_cumulative": 4.225779380997665, "optimized_pixels": 112000128, "replay_probability": 0.3, "teacher_max_frame": 42, "psnr": 21.385718103492497, "ssim": 0.5725194662809372, "old_psnr": 21.385718103492497, "object_sam_miou": 0.2553809657898528, "fine_sam_miou": 0.15783671330908872, "small_fine_sam_miou": 0.08146067415730338, "fine_coverage": 0.9523238321747903, "old_fine_sam_miou": 0.15783671330908872, "gaussian_object_coverage": 0.74461913906225, "gaussian_fine_coverage": 0.1045167226756281, "evaluation_gpu_peak_mib": 76.44677734375}
UPDATE 000 17 2 0 91566 0.060717660933732986
UPDATE 000 17 2 150 99822 0.0392376072704792
UPDATE 000 17 2 300 97864 0.033254463225603104
UPDATE 000 17 2 450 99931 0.032570596784353256
STAGE_COMPLETE {"stage": 2, "end": 93, "steps": 600, "gaussians": 99928, "cap": 100000, "train_seconds": 10.011524586999258, "update_p50_ms": 23.27549600022394, "update_p95_ms": 24.501048949832693, "compute_p50_ms": 5.504333500084613, "gpu_update_peak_mib": 128.666015625, "cpu_rss_peak_mib": 1672.08984375, "controller_seconds_cumulative": 10.816061616000297, "optimized_pixels": 108850560, "replay_probability": 0.3, "teacher_max_frame": 90, "psnr": 22.654116597449917, "ssim": 0.6709311207135519, "old_psnr": 22.273552758907528, "object_sam_miou": 0.26108087871259517, "fine_sam_miou": 0.2066912753815713, "small_fine_sam_miou": 0.09036766839640403, "fine_coverage": 0.9760473305226061, "old_fine_sam_miou": 0.27310253438939036, "gaussian_object_coverage": 0.7659014490433111, "gaussian_fine_coverage": 0.20741934192618686, "evaluation_gpu_peak_mib": 131.0458984375}
UPDATE 000 17 3 0 145355 0.07268664985895157
UPDATE 000 17 3 150 148718 0.030129296705126762
UPDATE 000 17 3 300 146598 0.040613338351249695
UPDATE 000 17 3 450 149774 0.04187041148543358
STAGE_COMPLETE {"stage": 3, "end": 140, "steps": 600, "gaussians": 149758, "cap": 150000, "train_seconds": 10.384832302000177, "update_p50_ms": 23.43265799981964, "update_p95_ms": 25.289214699796503, "compute_p50_ms": 6.154180499379436, "gpu_update_peak_mib": 176.3876953125, "cpu_rss_peak_mib": 1698.63671875, "controller_seconds_cumulative": 17.393417697996483, "optimized_pixels": 108850560, "replay_probability": 0.3, "teacher_max_frame": 138, "psnr": 23.626726472494717, "ssim": 0.7374158932103051, "old_psnr": 21.824443886807952, "object_sam_miou": 0.26649798354316107, "fine_sam_miou": 0.19687635421255215, "small_fine_sam_miou": 0.05849015946093297, "fine_coverage": 0.9836533327282005, "old_fine_sam_miou": 0.25490360291489755, "gaussian_object_coverage": 0.7740287664098078, "gaussian_fine_coverage": 0.24252460636493542, "evaluation_gpu_peak_mib": 176.3876953125}
UPDATE 000 17 4 0 195775 0.08605192601680756
UPDATE 000 17 4 150 198205 0.0472610779106617
UPDATE 000 17 4 300 195498 0.03134359046816826
UPDATE 000 17 4 450 199693 0.03740502893924713
STAGE_COMPLETE {"stage": 4, "end": 186, "steps": 600, "gaussians": 199703, "cap": 200000, "train_seconds": 10.909824904999368, "update_p50_ms": 24.192977500206325, "update_p95_ms": 26.643298499766388, "compute_p50_ms": 7.579401499697269, "gpu_update_peak_mib": 225.51513671875, "cpu_rss_peak_mib": 1708.91015625, "controller_seconds_cumulative": 23.75300008499198, "optimized_pixels": 112350080, "replay_probability": 0.3, "teacher_max_frame": 179, "psnr": 24.26909616715503, "ssim": 0.7617004041870435, "old_psnr": 22.482201925690543, "object_sam_miou": 0.2752457536189436, "fine_sam_miou": 0.19434850869077883, "small_fine_sam_miou": 0.05790254305377043, "fine_coverage": 0.9940131591074637, "old_fine_sam_miou": 0.25109896730232506, "gaussian_object_coverage": 0.7722668162220898, "gaussian_fine_coverage": 0.3009569210277262, "evaluation_gpu_peak_mib": 225.51513671875}
UPDATE 000 17 5 0 244703 0.07335709035396576
UPDATE 000 17 5 150 246895 0.04401753470301628
UPDATE 000 17 5 300 244276 0.03644147142767906
UPDATE 000 17 5 450 249609 0.025282034650444984
STAGE_COMPLETE {"stage": 5, "end": 232, "steps": 600, "gaussians": 249584, "cap": 250000, "train_seconds": 11.956889984000554, "update_p50_ms": 25.20158800007266, "update_p95_ms": 27.39084645031653, "compute_p50_ms": 8.291458500025328, "gpu_update_peak_mib": 273.74365234375, "cpu_rss_peak_mib": 1726.87890625, "controller_seconds_cumulative": 30.73829425898475, "optimized_pixels": 110600320, "replay_probability": 0.3, "teacher_max_frame": 227, "psnr": 24.68033687763616, "ssim": 0.7818136502956522, "old_psnr": 22.55107393915361, "object_sam_miou": 0.2850619980819398, "fine_sam_miou": 0.1941345298689116, "small_fine_sam_miou": 0.05205796943557909, "fine_coverage": 0.9872957222125989, "old_fine_sam_miou": 0.2362126589795459, "gaussian_object_coverage": 0.7775658696070261, "gaussian_fine_coverage": 0.3124919866658119, "evaluation_gpu_peak_mib": 273.74365234375}
UPDATE 000 17 6 0 293506 0.06811454892158508
UPDATE 000 17 6 150 295058 0.030810777097940445
UPDATE 000 17 6 300 293096 0.03505696728825569
UPDATE 000 17 6 450 299496 0.031406231224536896
STAGE_COMPLETE {"stage": 6, "end": 279, "steps": 600, "gaussians": 299496, "cap": 300000, "train_seconds": 12.297234018000381, "update_p50_ms": 25.83054750039082, "update_p95_ms": 28.892572599897903, "compute_p50_ms": 9.042643000157113, "gpu_update_peak_mib": 324.26318359375, "cpu_rss_peak_mib": 1741.44140625, "controller_seconds_cumulative": 37.42904682799872, "optimized_pixels": 108150656, "replay_probability": 0.3, "teacher_max_frame": 275, "psnr": 24.972228049510925, "ssim": 0.7980815427643912, "old_psnr": 22.55310501182488, "object_sam_miou": 0.3000666178662436, "fine_sam_miou": 0.202458760273555, "small_fine_sam_miou": 0.06144893991241906, "fine_coverage": 0.9733247740647472, "old_fine_sam_miou": 0.22052332632113156, "gaussian_object_coverage": 0.8322581937655261, "gaussian_fine_coverage": 0.35768758180409754, "evaluation_gpu_peak_mib": 324.26318359375}
RUN_COMPLETE 000 17
