UPDATE 101 17 1 0 25000 0.23721636831760406
UPDATE 101 17 1 150 39349 0.05020289495587349
UPDATE 101 17 1 300 48980 0.03686968609690666
UPDATE 101 17 1 450 49988 0.052054885774850845
STAGE_COMPLETE {"stage": 1, "end": 46, "steps": 600, "gaussians": 49995, "cap": 50000, "train_seconds": 7.962573286999941, "update_p50_ms": 6.607542500205454, "update_p95_ms": 24.524350450337806, "compute_p50_ms": 5.0997124999412335, "gpu_update_peak_mib": 75.9873046875, "cpu_rss_peak_mib": 1651.73046875, "controller_seconds_cumulative": 4.121426868003255, "optimized_pixels": 112000128, "replay_probability": 0.3, "teacher_max_frame": 42, "psnr": 21.691896115899826, "ssim": 0.571447471777598, "old_psnr": 21.691896115899826, "object_sam_miou": 0.22524334904503146, "fine_sam_miou": 0.15103488174512977, "small_fine_sam_miou": 0.07841140529531568, "fine_coverage": 0.9523238321747903, "old_fine_sam_miou": 0.15103488174512977, "gaussian_object_coverage": 0.7537553755375538, "gaussian_fine_coverage": 0.10027002700270027, "evaluation_gpu_peak_mib": 75.9873046875}
UPDATE 101 17 2 0 91442 0.10194803774356842
UPDATE 101 17 2 150 99843 0.05138106644153595
UPDATE 101 17 2 300 97817 0.02892550267279148
UPDATE 101 17 2 450 99927 0.04391855746507645
STAGE_COMPLETE {"stage": 2, "end": 93, "steps": 600, "gaussians": 99899, "cap": 100000, "train_seconds": 10.678918140999485, "update_p50_ms": 23.77396049996605, "update_p95_ms": 24.758835650163746, "compute_p50_ms": 5.365199000152643, "gpu_update_peak_mib": 129.98681640625, "cpu_rss_peak_mib": 1671.29296875, "controller_seconds_cumulative": 11.444829548000598, "optimized_pixels": 108850560, "replay_probability": 0.44999999999999996, "teacher_max_frame": 90, "psnr": 23.238852739488895, "ssim": 0.6799996991952261, "old_psnr": 23.174348618592987, "object_sam_miou": 0.2782094536113866, "fine_sam_miou": 0.16588655482075604, "small_fine_sam_miou": 0.06611800158863426, "fine_coverage": 0.9761619160873951, "old_fine_sam_miou": 0.205136675772451, "gaussian_object_coverage": 0.7649225717975154, "gaussian_fine_coverage": 0.20600806814883033, "evaluation_gpu_peak_mib": 130.09716796875}
UPDATE 101 17 3 0 145727 0.07652327418327332
UPDATE 101 17 3 150 149084 0.03716204687952995
UPDATE 101 17 3 300 146561 0.032938502728939056
UPDATE 101 17 3 450 149776 0.052211303263902664
STAGE_COMPLETE {"stage": 3, "end": 140, "steps": 600, "gaussians": 149722, "cap": 150000, "train_seconds": 11.903839198000242, "update_p50_ms": 24.29387600022892, "update_p95_ms": 25.968180099880556, "compute_p50_ms": 6.056418999833113, "gpu_update_peak_mib": 176.98583984375, "cpu_rss_peak_mib": 1703.66796875, "controller_seconds_cumulative": 19.598522037988005, "optimized_pixels": 108850560, "replay_probability": 0.5, "teacher_max_frame": 138, "psnr": 24.292764573045034, "ssim": 0.745618979136149, "old_psnr": 23.26167117223885, "object_sam_miou": 0.27130602589118463, "fine_sam_miou": 0.1872706562568829, "small_fine_sam_miou": 0.07664569028811684, "fine_coverage": 0.986251229150839, "old_fine_sam_miou": 0.23144916332727122, "gaussian_object_coverage": 0.7716701620336357, "gaussian_fine_coverage": 0.23841519616355647, "evaluation_gpu_peak_mib": 176.98583984375}
UPDATE 101 17 4 0 195725 0.0752200335264206
UPDATE 101 17 4 150 197332 0.03439680114388466
UPDATE 101 17 4 300 195430 0.03008335828781128
UPDATE 101 17 4 450 199667 0.036303408443927765
STAGE_COMPLETE {"stage": 4, "end": 186, "steps": 600, "gaussians": 199690, "cap": 200000, "train_seconds": 12.658552079999936, "update_p50_ms": 25.432509500205924, "update_p95_ms": 27.300394850271914, "compute_p50_ms": 7.431990500208485, "gpu_update_peak_mib": 227.14697265625, "cpu_rss_peak_mib": 1710.28125, "controller_seconds_cumulative": 27.817875153990826, "optimized_pixels": 112350080, "replay_probability": 0.5249999999999999, "teacher_max_frame": 179, "psnr": 24.99900948066767, "ssim": 0.7750628963112831, "old_psnr": 23.98908898927169, "object_sam_miou": 0.28657905866605077, "fine_sam_miou": 0.1934214396188824, "small_fine_sam_miou": 0.05590799489839106, "fine_coverage": 0.9868079798819884, "old_fine_sam_miou": 0.21579951544528275, "gaussian_object_coverage": 0.7622915519054535, "gaussian_fine_coverage": 0.2926285742901497, "evaluation_gpu_peak_mib": 227.14697265625}
UPDATE 101 17 5 0 244672 0.06542060524225235
UPDATE 101 17 5 150 246483 0.049843572080135345
UPDATE 101 17 5 300 244311 0.029800107702612877
UPDATE 101 17 5 450 249501 0.037827152758836746
STAGE_COMPLETE {"stage": 5, "end": 232, "steps": 600, "gaussians": 249504, "cap": 250000, "train_seconds": 13.331495087999429, "update_p50_ms": 25.96587499965608, "update_p95_ms": 28.255665449933076, "compute_p50_ms": 8.192916000098194, "gpu_update_peak_mib": 274.13427734375, "cpu_rss_peak_mib": 1720.86328125, "controller_seconds_cumulative": 36.2164123370012, "optimized_pixels": 110600320, "replay_probability": 0.54, "teacher_max_frame": 227, "psnr": 25.331945307186352, "ssim": 0.7961518230109379, "old_psnr": 24.346492260645274, "object_sam_miou": 0.29715761297513116, "fine_sam_miou": 0.19591404622362085, "small_fine_sam_miou": 0.06304255755975947, "fine_coverage": 0.9837543111149891, "old_fine_sam_miou": 0.2162093116556977, "gaussian_object_coverage": 0.7583365396947543, "gaussian_fine_coverage": 0.30177071309478004, "evaluation_gpu_peak_mib": 274.13427734375}
UPDATE 101 17 6 0 293542 0.05951336771249771
UPDATE 101 17 6 150 295886 0.03232673928141594
UPDATE 101 17 6 300 293265 0.02663542702794075
UPDATE 101 17 6 450 299580 0.02160695567727089
STAGE_COMPLETE {"stage": 6, "end": 279, "steps": 600, "gaussians": 299580, "cap": 300000, "train_seconds": 14.078732131999459, "update_p50_ms": 27.002088500012178, "update_p95_ms": 29.6005318502921, "compute_p50_ms": 8.869971499734675, "gpu_update_peak_mib": 322.83984375, "cpu_rss_peak_mib": 1749.80859375, "controller_seconds_cumulative": 44.769401088006816, "optimized_pixels": 108150656, "replay_probability": 0.55, "teacher_max_frame": 275, "psnr": 25.78036988679871, "ssim": 0.8154207859720503, "old_psnr": 24.409702243763068, "object_sam_miou": 0.30752563519918036, "fine_sam_miou": 0.21631821528316397, "small_fine_sam_miou": 0.07900785751429992, "fine_coverage": 0.9613893542251354, "old_fine_sam_miou": 0.20961525353323496, "gaussian_object_coverage": 0.808825689298351, "gaussian_fine_coverage": 0.34123105681287136, "evaluation_gpu_peak_mib": 322.83984375}
RUN_COMPLETE 101 17
