UPDATE 111 17 1 0 25000 0.27144357562065125
UPDATE 111 17 1 150 39247 0.07508283853530884
UPDATE 111 17 1 300 48973 0.043067604303359985
UPDATE 111 17 1 450 49988 0.06330540031194687
STAGE_COMPLETE {"stage": 1, "end": 46, "steps": 600, "gaussians": 49988, "cap": 50000, "train_seconds": 8.315379386999666, "update_p50_ms": 6.610236499909661, "update_p95_ms": 24.539070300488675, "compute_p50_ms": 5.110773000069457, "gpu_update_peak_mib": 76.49658203125, "cpu_rss_peak_mib": 1688.984375, "controller_seconds_cumulative": 4.4083142100062105, "optimized_pixels": 112000128, "replay_probability": 0.3, "teacher_max_frame": 42, "psnr": 21.572078852442605, "ssim": 0.5753696163495382, "old_psnr": 21.572078852442605, "object_sam_miou": 0.24308108210453555, "fine_sam_miou": 0.19714513502506095, "small_fine_sam_miou": 0.003877427448259193, "fine_coverage": 0.9523938356638209, "old_fine_sam_miou": 0.19714513502506095, "gaussian_object_coverage": 0.7511802832679844, "gaussian_fine_coverage": 0.11534768344402657, "evaluation_gpu_peak_mib": 76.49658203125}
UPDATE 111 17 2 0 90396 0.11906691640615463
UPDATE 111 17 2 150 99669 0.06815004348754883
UPDATE 111 17 2 300 97871 0.05437110364437103
UPDATE 111 17 2 450 99883 0.050431735813617706
STAGE_COMPLETE {"stage": 2, "end": 93, "steps": 600, "gaussians": 99891, "cap": 100000, "train_seconds": 9.951373728999897, "update_p50_ms": 23.614625499703834, "update_p95_ms": 25.111484549915986, "compute_p50_ms": 5.357679000098869, "gpu_update_peak_mib": 126.3232421875, "cpu_rss_peak_mib": 1705.54296875, "controller_seconds_cumulative": 10.998030451999512, "optimized_pixels": 108850560, "replay_probability": 0.44999999999999996, "teacher_max_frame": 90, "psnr": 22.742726960661575, "ssim": 0.6620959838231405, "old_psnr": 22.501528484586746, "object_sam_miou": 0.27059030907885123, "fine_sam_miou": 0.18131315832899098, "small_fine_sam_miou": 0.06513676871938304, "fine_coverage": 0.9797557513405327, "old_fine_sam_miou": 0.20172174594586464, "gaussian_object_coverage": 0.7867875984823458, "gaussian_fine_coverage": 0.22219218948654032, "evaluation_gpu_peak_mib": 130.0048828125}
UPDATE 111 17 3 0 146661 0.0705123096704483
UPDATE 111 17 3 150 148502 0.03578052669763565
UPDATE 111 17 3 300 146578 0.03987179324030876
UPDATE 111 17 3 450 149612 0.03176339343190193
STAGE_COMPLETE {"stage": 3, "end": 140, "steps": 600, "gaussians": 149599, "cap": 150000, "train_seconds": 11.596616640999855, "update_p50_ms": 24.41521750006359, "update_p95_ms": 27.07714894977471, "compute_p50_ms": 6.121981999513082, "gpu_update_peak_mib": 175.74267578125, "cpu_rss_peak_mib": 1737.1953125, "controller_seconds_cumulative": 18.798462759991708, "optimized_pixels": 108850560, "replay_probability": 0.5, "teacher_max_frame": 138, "psnr": 23.987823712050844, "ssim": 0.7397693561183082, "old_psnr": 22.64859602502411, "object_sam_miou": 0.2740322360831023, "fine_sam_miou": 0.178459799525169, "small_fine_sam_miou": 0.06534488476699879, "fine_coverage": 0.9767422948202015, "old_fine_sam_miou": 0.2286047282344592, "gaussian_object_coverage": 0.7997513352361981, "gaussian_fine_coverage": 0.2602022740793722, "evaluation_gpu_peak_mib": 175.74267578125}
UPDATE 111 17 4 0 195660 0.08923666924238205
UPDATE 111 17 4 150 198068 0.0558604896068573
UPDATE 111 17 4 300 195531 0.021621519699692726
UPDATE 111 17 4 450 199673 0.041504569351673126
STAGE_COMPLETE {"stage": 4, "end": 186, "steps": 600, "gaussians": 199550, "cap": 200000, "train_seconds": 11.97607783300009, "update_p50_ms": 24.94347050014767, "update_p95_ms": 27.100886749803976, "compute_p50_ms": 7.257587500134832, "gpu_update_peak_mib": 224.79052734375, "cpu_rss_peak_mib": 1744.08203125, "controller_seconds_cumulative": 26.395304911986386, "optimized_pixels": 112350080, "replay_probability": 0.5249999999999999, "teacher_max_frame": 179, "psnr": 24.82537676923363, "ssim": 0.7675443515181541, "old_psnr": 23.26751603949026, "object_sam_miou": 0.2851216952290987, "fine_sam_miou": 0.2239235502073243, "small_fine_sam_miou": 0.09507754284497244, "fine_coverage": 0.9937096961876801, "old_fine_sam_miou": 0.2453385539938825, "gaussian_object_coverage": 0.8028764720621399, "gaussian_fine_coverage": 0.3230268103232273, "evaluation_gpu_peak_mib": 224.79052734375}
UPDATE 111 17 5 0 244619 0.07525701075792313
UPDATE 111 17 5 150 246962 0.04366615042090416
UPDATE 111 17 5 300 244269 0.029073597863316536
UPDATE 111 17 5 450 249534 0.03785616159439087
STAGE_COMPLETE {"stage": 5, "end": 232, "steps": 600, "gaussians": 249449, "cap": 250000, "train_seconds": 13.113453666000169, "update_p50_ms": 26.079920000029233, "update_p95_ms": 28.36190335046922, "compute_p50_ms": 8.093061500403564, "gpu_update_peak_mib": 272.591796875, "cpu_rss_peak_mib": 1761.3046875, "controller_seconds_cumulative": 34.60262294299446, "optimized_pixels": 110600320, "replay_probability": 0.54, "teacher_max_frame": 227, "psnr": 25.270774570837823, "ssim": 0.7944521719011767, "old_psnr": 23.734972389747615, "object_sam_miou": 0.2906391310976972, "fine_sam_miou": 0.20319472840757621, "small_fine_sam_miou": 0.06875206849411784, "fine_coverage": 0.9840038182722146, "old_fine_sam_miou": 0.22922998212638138, "gaussian_object_coverage": 0.8026490384808117, "gaussian_fine_coverage": 0.3399412304719602, "evaluation_gpu_peak_mib": 272.591796875}
UPDATE 111 17 6 0 293419 0.04130759835243225
UPDATE 111 17 6 150 295592 0.03266463428735733
UPDATE 111 17 6 300 293009 0.03192228078842163
UPDATE 111 17 6 450 299313 0.03204520791769028
STAGE_COMPLETE {"stage": 6, "end": 279, "steps": 600, "gaussians": 299313, "cap": 300000, "train_seconds": 13.735883656000624, "update_p50_ms": 26.82384500030821, "update_p95_ms": 29.528802800223275, "compute_p50_ms": 8.782395999787695, "gpu_update_peak_mib": 322.9111328125, "cpu_rss_peak_mib": 1781.5, "controller_seconds_cumulative": 42.850763708997874, "optimized_pixels": 108150656, "replay_probability": 0.55, "teacher_max_frame": 275, "psnr": 25.532729554075328, "ssim": 0.8105062127113343, "old_psnr": 23.931109835687057, "object_sam_miou": 0.2943068691533736, "fine_sam_miou": 0.21977069376060643, "small_fine_sam_miou": 0.08885572888829289, "fine_coverage": 0.9761780871497424, "old_fine_sam_miou": 0.24174536457465354, "gaussian_object_coverage": 0.8398031492116947, "gaussian_fine_coverage": 0.3879517428244012, "evaluation_gpu_peak_mib": 322.9111328125}
RUN_COMPLETE 111 17
