UPDATE 001 17 1 0 25000 0.2649739682674408
UPDATE 001 17 1 150 39184 0.05820818617939949
UPDATE 001 17 1 300 48978 0.06221412494778633
UPDATE 001 17 1 450 49990 0.04509904235601425
STAGE_COMPLETE {"stage": 1, "end": 46, "steps": 600, "gaussians": 49987, "cap": 50000, "train_seconds": 8.064007115000095, "update_p50_ms": 6.1684954998781905, "update_p95_ms": 24.092796900231406, "compute_p50_ms": 5.143681499703234, "gpu_update_peak_mib": 76.44921875, "cpu_rss_peak_mib": 1651.21875, "controller_seconds_cumulative": 4.191607927003133, "optimized_pixels": 112000128, "replay_probability": 0.3, "teacher_max_frame": 42, "psnr": 21.613445202761724, "ssim": 0.5737648705641428, "old_psnr": 21.613445202761724, "object_sam_miou": 0.2531828076825494, "fine_sam_miou": 0.13534543645091635, "small_fine_sam_miou": 0.0007006726457399103, "fine_coverage": 0.9550568193297506, "old_fine_sam_miou": 0.13534543645091635, "gaussian_object_coverage": 0.7448736671534599, "gaussian_fine_coverage": 0.10388701062276191, "evaluation_gpu_peak_mib": 76.44921875}
UPDATE 001 17 2 0 91622 0.04808732122182846
UPDATE 001 17 2 150 99814 0.03980777785181999
UPDATE 001 17 2 300 97884 0.04591379687190056
UPDATE 001 17 2 450 99937 0.046058762818574905
STAGE_COMPLETE {"stage": 2, "end": 93, "steps": 600, "gaussians": 99904, "cap": 100000, "train_seconds": 9.976535429999785, "update_p50_ms": 23.09099200010678, "update_p95_ms": 24.067456549619237, "compute_p50_ms": 5.402094499913801, "gpu_update_peak_mib": 127.07470703125, "cpu_rss_peak_mib": 1671.01171875, "controller_seconds_cumulative": 10.797624218009332, "optimized_pixels": 108850560, "replay_probability": 0.44999999999999996, "teacher_max_frame": 90, "psnr": 22.768146089468924, "ssim": 0.679929698506991, "old_psnr": 22.867186734989144, "object_sam_miou": 0.28165467875865147, "fine_sam_miou": 0.2060440834920894, "small_fine_sam_miou": 0.07955039134834949, "fine_coverage": 0.9759889933311585, "old_fine_sam_miou": 0.25897368852473784, "gaussian_object_coverage": 0.7662756245996156, "gaussian_fine_coverage": 0.2084100736707239, "evaluation_gpu_peak_mib": 128.9443359375}
UPDATE 001 17 3 0 145479 0.14336712658405304
UPDATE 001 17 3 150 148891 0.027908172458410263
UPDATE 001 17 3 300 146649 0.03332525119185448
UPDATE 001 17 3 450 149818 0.032742805778980255
STAGE_COMPLETE {"stage": 3, "end": 140, "steps": 600, "gaussians": 149781, "cap": 150000, "train_seconds": 11.131061195999791, "update_p50_ms": 23.39986000015415, "update_p95_ms": 25.340025900095494, "compute_p50_ms": 6.173112000396941, "gpu_update_peak_mib": 175.9482421875, "cpu_rss_peak_mib": 1694.140625, "controller_seconds_cumulative": 18.146632153993778, "optimized_pixels": 108850560, "replay_probability": 0.5, "teacher_max_frame": 138, "psnr": 24.056005746594813, "ssim": 0.7474413613478342, "old_psnr": 23.10355595033012, "object_sam_miou": 0.27285055340577996, "fine_sam_miou": 0.20285936409961355, "small_fine_sam_miou": 0.06836023503624064, "fine_coverage": 0.9828748422632333, "old_fine_sam_miou": 0.2622823317113728, "gaussian_object_coverage": 0.7770077646697512, "gaussian_fine_coverage": 0.23866177953144924, "evaluation_gpu_peak_mib": 175.9482421875}
UPDATE 001 17 4 0 195755 0.0490165613591671
UPDATE 001 17 4 150 198279 0.04006502404808998
UPDATE 001 17 4 300 195463 0.03341636061668396
UPDATE 001 17 4 450 199687 0.03943522647023201
STAGE_COMPLETE {"stage": 4, "end": 186, "steps": 600, "gaussians": 199651, "cap": 200000, "train_seconds": 12.235922396000205, "update_p50_ms": 24.507798500053468, "update_p95_ms": 26.3836579996223, "compute_p50_ms": 7.381792499927542, "gpu_update_peak_mib": 227.2353515625, "cpu_rss_peak_mib": 1714.98046875, "controller_seconds_cumulative": 25.91895682800441, "optimized_pixels": 112350080, "replay_probability": 0.5249999999999999, "teacher_max_frame": 179, "psnr": 24.80924047436135, "ssim": 0.7697268575429916, "old_psnr": 23.62235932324067, "object_sam_miou": 0.2825778770314422, "fine_sam_miou": 0.21229341536760482, "small_fine_sam_miou": 0.05572694422005849, "fine_coverage": 0.987721225096586, "old_fine_sam_miou": 0.2250532463305268, "gaussian_object_coverage": 0.7759640572799535, "gaussian_fine_coverage": 0.2949146260224091, "evaluation_gpu_peak_mib": 227.2353515625}
UPDATE 001 17 5 0 244718 0.06609202176332474
UPDATE 001 17 5 150 246925 0.04317072778940201
UPDATE 001 17 5 300 244303 0.034125957638025284
UPDATE 001 17 5 450 249584 0.03244062140583992
STAGE_COMPLETE {"stage": 5, "end": 232, "steps": 600, "gaussians": 249550, "cap": 250000, "train_seconds": 12.720435831000032, "update_p50_ms": 25.369854000018677, "update_p95_ms": 27.613746800079753, "compute_p50_ms": 8.29844099962429, "gpu_update_peak_mib": 274.86865234375, "cpu_rss_peak_mib": 1725.2734375, "controller_seconds_cumulative": 33.61954209700252, "optimized_pixels": 110600320, "replay_probability": 0.54, "teacher_max_frame": 227, "psnr": 25.288127028602236, "ssim": 0.7969019639080969, "old_psnr": 23.660038900404505, "object_sam_miou": 0.3145633340012578, "fine_sam_miou": 0.22168762017964996, "small_fine_sam_miou": 0.05283209110216645, "fine_coverage": 0.9682729375185921, "old_fine_sam_miou": 0.2477624919332414, "gaussian_object_coverage": 0.776425566018834, "gaussian_fine_coverage": 0.3048687637747946, "evaluation_gpu_peak_mib": 274.86865234375}
UPDATE 001 17 6 0 293580 0.05681974068284035
UPDATE 001 17 6 150 295427 0.031418267637491226
UPDATE 001 17 6 300 292966 0.15505865216255188
UPDATE 001 17 6 450 299561 0.03276343643665314
STAGE_COMPLETE {"stage": 6, "end": 279, "steps": 600, "gaussians": 299561, "cap": 300000, "train_seconds": 13.829852455000037, "update_p50_ms": 26.20933349999177, "update_p95_ms": 28.66938059992208, "compute_p50_ms": 9.05037349957638, "gpu_update_peak_mib": 325.7900390625, "cpu_rss_peak_mib": 1736.0234375, "controller_seconds_cumulative": 41.842050505009865, "optimized_pixels": 108150656, "replay_probability": 0.55, "teacher_max_frame": 275, "psnr": 25.599668985308327, "ssim": 0.8127793329102653, "old_psnr": 23.907260381185797, "object_sam_miou": 0.3102737601072539, "fine_sam_miou": 0.2280836366485645, "small_fine_sam_miou": 0.0800842986610958, "fine_coverage": 0.9516590525796054, "old_fine_sam_miou": 0.24519022667348153, "gaussian_object_coverage": 0.820156829493826, "gaussian_fine_coverage": 0.34545551657258455, "evaluation_gpu_peak_mib": 325.7900390625}
RUN_COMPLETE 001 17
