UPDATE 111 7 1 0 25000 0.22931386530399323
UPDATE 111 7 1 150 39029 0.09436865895986557
UPDATE 111 7 1 300 48976 0.059409286826848984
UPDATE 111 7 1 450 49994 0.03965728357434273
STAGE_COMPLETE {"stage": 1, "end": 46, "steps": 600, "gaussians": 49989, "cap": 50000, "train_seconds": 8.073970188000203, "update_p50_ms": 6.7838004999885015, "update_p95_ms": 24.77212349990623, "compute_p50_ms": 5.280811499915217, "gpu_update_peak_mib": 77.58203125, "cpu_rss_peak_mib": 1689.328125, "controller_seconds_cumulative": 4.081383613002345, "optimized_pixels": 112350080, "replay_probability": 0.3, "teacher_max_frame": 42, "psnr": 21.999662183978952, "ssim": 0.5832115213076273, "old_psnr": 21.999662183978952, "object_sam_miou": 0.27575686777234804, "fine_sam_miou": 0.17869553143673528, "small_fine_sam_miou": 0.004893668438859352, "fine_coverage": 0.9633924301523797, "old_fine_sam_miou": 0.17869553143673528, "gaussian_object_coverage": 0.7574466382604172, "gaussian_fine_coverage": 0.11548540678949369, "evaluation_gpu_peak_mib": 77.58203125}
UPDATE 111 7 2 0 90679 0.06290403753519058
UPDATE 111 7 2 150 99827 0.040493786334991455
UPDATE 111 7 2 300 97884 0.04993463307619095
UPDATE 111 7 2 450 99906 0.03969741612672806
STAGE_COMPLETE {"stage": 2, "end": 93, "steps": 600, "gaussians": 99900, "cap": 100000, "train_seconds": 10.45078032299989, "update_p50_ms": 23.794399500047803, "update_p95_ms": 24.73555694987226, "compute_p50_ms": 5.43491799999174, "gpu_update_peak_mib": 127.3369140625, "cpu_rss_peak_mib": 1707.23046875, "controller_seconds_cumulative": 11.133601676004673, "optimized_pixels": 110425344, "replay_probability": 0.44999999999999996, "teacher_max_frame": 90, "psnr": 22.89958396706309, "ssim": 0.6788329382737478, "old_psnr": 22.871801446919843, "object_sam_miou": 0.28858175271729114, "fine_sam_miou": 0.19064219656987225, "small_fine_sam_miou": 0.06907491736301162, "fine_coverage": 0.9690720132880006, "old_fine_sam_miou": 0.24408064938011922, "gaussian_object_coverage": 0.7903403403403403, "gaussian_fine_coverage": 0.22343343343343344, "evaluation_gpu_peak_mib": 130.96435546875}
UPDATE 111 7 3 0 146835 0.0680546909570694
UPDATE 111 7 3 150 148903 0.034955427050590515
UPDATE 111 7 3 300 146654 0.04354241117835045
UPDATE 111 7 3 450 149741 0.034565508365631104
STAGE_COMPLETE {"stage": 3, "end": 140, "steps": 600, "gaussians": 149644, "cap": 150000, "train_seconds": 11.709362873999908, "update_p50_ms": 24.505733500063798, "update_p95_ms": 26.1355931000935, "compute_p50_ms": 6.172501500259386, "gpu_update_peak_mib": 178.4931640625, "cpu_rss_peak_mib": 1741.09375, "controller_seconds_cumulative": 19.02058147799471, "optimized_pixels": 110950272, "replay_probability": 0.5, "teacher_max_frame": 138, "psnr": 24.01765725500188, "ssim": 0.743898073832194, "old_psnr": 22.97298683494392, "object_sam_miou": 0.2877002364688707, "fine_sam_miou": 0.21202654374524652, "small_fine_sam_miou": 0.08733604172710192, "fine_coverage": 0.9830475385829979, "old_fine_sam_miou": 0.27644137891607057, "gaussian_object_coverage": 0.8049236855470316, "gaussian_fine_coverage": 0.259255299243538, "evaluation_gpu_peak_mib": 178.4931640625}
UPDATE 111 7 4 0 195691 0.07983466982841492
UPDATE 111 7 4 150 197866 0.03974802792072296
UPDATE 111 7 4 300 195380 0.03480808809399605
UPDATE 111 7 4 450 199591 0.028939979150891304
STAGE_COMPLETE {"stage": 4, "end": 186, "steps": 600, "gaussians": 199586, "cap": 200000, "train_seconds": 12.41202135200001, "update_p50_ms": 25.226595500043913, "update_p95_ms": 27.27958119990035, "compute_p50_ms": 7.282159499936824, "gpu_update_peak_mib": 228.0341796875, "cpu_rss_peak_mib": 1749.13671875, "controller_seconds_cumulative": 27.00863703499226, "optimized_pixels": 109375488, "replay_probability": 0.5249999999999999, "teacher_max_frame": 179, "psnr": 24.728225304073632, "ssim": 0.7708186209201813, "old_psnr": 23.417809120416802, "object_sam_miou": 0.28494511101123826, "fine_sam_miou": 0.22306503488745863, "small_fine_sam_miou": 0.08388487311813761, "fine_coverage": 0.9874206548502777, "old_fine_sam_miou": 0.24412590108832047, "gaussian_object_coverage": 0.8090547433186697, "gaussian_fine_coverage": 0.32146543344723577, "evaluation_gpu_peak_mib": 228.0341796875}
UPDATE 111 7 5 0 244615 0.0526619516313076
UPDATE 111 7 5 150 245439 0.048706624656915665
UPDATE 111 7 5 300 244191 0.03825817629694939
UPDATE 111 7 5 450 249463 0.03225383535027504
STAGE_COMPLETE {"stage": 5, "end": 232, "steps": 600, "gaussians": 249396, "cap": 250000, "train_seconds": 13.501371851000386, "update_p50_ms": 26.251483499891037, "update_p95_ms": 28.4764473000223, "compute_p50_ms": 8.189407500140078, "gpu_update_peak_mib": 272.57958984375, "cpu_rss_peak_mib": 1760.87890625, "controller_seconds_cumulative": 35.53538656599176, "optimized_pixels": 112175104, "replay_probability": 0.54, "teacher_max_frame": 227, "psnr": 25.310911636062993, "ssim": 0.7948143646634859, "old_psnr": 23.933201725227004, "object_sam_miou": 0.2885765975914275, "fine_sam_miou": 0.22485947194437558, "small_fine_sam_miou": 0.09075981227287298, "fine_coverage": 0.9857375620221636, "old_fine_sam_miou": 0.24989625036765314, "gaussian_object_coverage": 0.8106665704341689, "gaussian_fine_coverage": 0.33918346725689263, "evaluation_gpu_peak_mib": 272.57958984375}
UPDATE 111 7 6 0 293488 0.07020306587219238
UPDATE 111 7 6 150 295608 0.0312403105199337
UPDATE 111 7 6 300 292880 0.0316736102104187
UPDATE 111 7 6 450 299341 0.04153694584965706
STAGE_COMPLETE {"stage": 6, "end": 279, "steps": 600, "gaussians": 299341, "cap": 300000, "train_seconds": 13.963101595999888, "update_p50_ms": 26.8220300001758, "update_p95_ms": 29.442042100163235, "compute_p50_ms": 8.879940999804603, "gpu_update_peak_mib": 319.72998046875, "cpu_rss_peak_mib": 1783.75390625, "controller_seconds_cumulative": 44.00181901999031, "optimized_pixels": 110600320, "replay_probability": 0.55, "teacher_max_frame": 275, "psnr": 25.742143963477115, "ssim": 0.8128166062491281, "old_psnr": 24.24932240905444, "object_sam_miou": 0.31336044449942463, "fine_sam_miou": 0.24129226607245444, "small_fine_sam_miou": 0.10785088111153816, "fine_coverage": 0.9824639314190221, "old_fine_sam_miou": 0.24276129829326049, "gaussian_object_coverage": 0.8501307872960937, "gaussian_fine_coverage": 0.3857774244089517, "evaluation_gpu_peak_mib": 319.72998046875}
RUN_COMPLETE 111 7
