UPDATE 101 17 1 0 25000 0.21519792079925537
UPDATE 101 17 1 150 38188 0.07111512124538422
UPDATE 101 17 1 300 48952 0.04694605991244316
UPDATE 101 17 1 450 49999 0.04395909607410431
STAGE_COMPLETE {"stage": 1, "end": 20, "steps": 600, "gaussians": 49997, "cap": 50000, "train_seconds": 7.030942551999942, "update_p50_ms": 8.05012050022924, "update_p95_ms": 8.524704400133485, "compute_p50_ms": 6.397593499968934, "gpu_update_peak_mib": 87.73193359375, "cpu_rss_peak_mib": 1707.61328125, "controller_seconds_cumulative": 2.4284674299969993, "optimized_pixels": 122277888, "replay_probability": 0.3, "teacher_max_frame": 14, "psnr": 20.93982924064778, "ssim": 0.6945234537124634, "old_psnr": 20.93982924064778, "object_sam_miou": 0.5862349248085934, "fine_sam_miou": 0.4188652274912097, "small_fine_sam_miou": 0.23604513064133018, "fine_coverage": 0.8984235193864508, "old_fine_sam_miou": 0.4188652274912097, "gaussian_object_coverage": 0.16677000620037202, "gaussian_fine_coverage": 0.06120367222033322, "evaluation_gpu_peak_mib": 87.73193359375}
UPDATE 101 17 2 0 94391 0.16652877628803253
UPDATE 101 17 2 150 99378 0.0448143407702446
UPDATE 101 17 2 300 97685 0.06872574239969254
UPDATE 101 17 2 450 99814 0.0809256061911583
STAGE_COMPLETE {"stage": 2, "end": 40, "steps": 600, "gaussians": 99797, "cap": 100000, "train_seconds": 5.837939027000175, "update_p50_ms": 8.41973649994543, "update_p95_ms": 24.509521099662376, "compute_p50_ms": 6.70631799948751, "gpu_update_peak_mib": 132.9296875, "cpu_rss_peak_mib": 1808.84765625, "controller_seconds_cumulative": 4.05446302999826, "optimized_pixels": 118517760, "replay_probability": 0.44999999999999996, "teacher_max_frame": 36, "psnr": 19.79868158032526, "ssim": 0.6599535686629159, "old_psnr": 21.133970198901743, "object_sam_miou": 0.4208868420810992, "fine_sam_miou": 0.31374964208365913, "small_fine_sam_miou": 0.13385616873120412, "fine_coverage": 0.7764154940127606, "old_fine_sam_miou": 0.39307377720408926, "gaussian_object_coverage": 0.17328176197681294, "gaussian_fine_coverage": 0.1267673376955219, "evaluation_gpu_peak_mib": 132.9296875}
UPDATE 101 17 3 0 143438 0.1373915672302246
UPDATE 101 17 3 150 147954 0.025139756500720978
UPDATE 101 17 3 300 146122 0.08983775228261948
UPDATE 101 17 3 450 149505 0.0765717551112175
STAGE_COMPLETE {"stage": 3, "end": 60, "steps": 600, "gaussians": 149582, "cap": 150000, "train_seconds": 8.926145829999768, "update_p50_ms": 9.88213599930532, "update_p95_ms": 26.816017350347465, "compute_p50_ms": 7.066740999562171, "gpu_update_peak_mib": 184.30419921875, "cpu_rss_peak_mib": 1815.1796875, "controller_seconds_cumulative": 8.409139846998187, "optimized_pixels": 118517760, "replay_probability": 0.5, "teacher_max_frame": 58, "psnr": 20.083235551295004, "ssim": 0.6777411937713623, "old_psnr": 20.607555595397383, "object_sam_miou": 0.49278723230097277, "fine_sam_miou": 0.33361316081841, "small_fine_sam_miou": 0.1267719699954064, "fine_coverage": 0.918188899708882, "old_fine_sam_miou": 0.4054389710286435, "gaussian_object_coverage": 0.22845663248251796, "gaussian_fine_coverage": 0.1663635998983835, "evaluation_gpu_peak_mib": 184.30419921875}
UPDATE 101 17 4 0 195221 0.1719883680343628
UPDATE 101 17 4 150 196405 0.05201410502195358
UPDATE 101 17 4 300 194701 0.0810980275273323
UPDATE 101 17 4 450 199173 0.08232007920742035
STAGE_COMPLETE {"stage": 4, "end": 79, "steps": 600, "gaussians": 199295, "cap": 200000, "train_seconds": 10.618810527999813, "update_p50_ms": 12.23233250038902, "update_p95_ms": 28.513435900822515, "compute_p50_ms": 8.185596000203077, "gpu_update_peak_mib": 228.00244140625, "cpu_rss_peak_mib": 1828.9296875, "controller_seconds_cumulative": 13.763284636994285, "optimized_pixels": 122695680, "replay_probability": 0.5249999999999999, "teacher_max_frame": 72, "psnr": 19.44042433544453, "ssim": 0.6555460370503939, "old_psnr": 20.25306996438908, "object_sam_miou": 0.4311099860648272, "fine_sam_miou": 0.2914220931739155, "small_fine_sam_miou": 0.11586226275868514, "fine_coverage": 0.7792635812606838, "old_fine_sam_miou": 0.4013764814488346, "gaussian_object_coverage": 0.24544519430994255, "gaussian_fine_coverage": 0.18619132441857547, "evaluation_gpu_peak_mib": 228.00244140625}
UPDATE 101 17 5 0 243023 0.13346107304096222
UPDATE 101 17 5 150 244787 0.060754016041755676
UPDATE 101 17 5 300 243410 0.0774523913860321
UPDATE 101 17 5 450 249070 0.06269340217113495
STAGE_COMPLETE {"stage": 5, "end": 99, "steps": 600, "gaussians": 249077, "cap": 250000, "train_seconds": 11.431255425999552, "update_p50_ms": 13.461767499848065, "update_p95_ms": 29.916426100180615, "compute_p50_ms": 9.370269500323047, "gpu_update_peak_mib": 286.92041015625, "cpu_rss_peak_mib": 1847.0546875, "controller_seconds_cumulative": 19.277973597994787, "optimized_pixels": 120606720, "replay_probability": 0.54, "teacher_max_frame": 94, "psnr": 19.475872012534673, "ssim": 0.6586933545768261, "old_psnr": 19.556090257944973, "object_sam_miou": 0.4152438568623343, "fine_sam_miou": 0.32144077848518676, "small_fine_sam_miou": 0.132194381094835, "fine_coverage": 0.857125864255142, "old_fine_sam_miou": 0.39405129054406257, "gaussian_object_coverage": 0.32320125904840674, "gaussian_fine_coverage": 0.20844156626264168, "evaluation_gpu_peak_mib": 286.92041015625}
UPDATE 101 17 6 0 289595 0.10804318636655807
UPDATE 101 17 6 150 295747 0.05330168828368187
UPDATE 101 17 6 300 292306 0.04814448952674866
UPDATE 101 17 6 450 298912 0.05869573727250099
STAGE_COMPLETE {"stage": 6, "end": 119, "steps": 600, "gaussians": 298912, "cap": 300000, "train_seconds": 12.16689912900074, "update_p50_ms": 15.390165000098932, "update_p95_ms": 30.79734480006664, "compute_p50_ms": 9.407869500137167, "gpu_update_peak_mib": 329.607421875, "cpu_rss_peak_mib": 1854.15234375, "controller_seconds_cumulative": 25.4417778949919, "optimized_pixels": 117682176, "replay_probability": 0.55, "teacher_max_frame": 115, "psnr": 19.940525782104302, "ssim": 0.6645216286182404, "old_psnr": 19.474374152453656, "object_sam_miou": 0.40833104364506306, "fine_sam_miou": 0.35784012850397995, "small_fine_sam_miou": 0.11705524769105015, "fine_coverage": 0.8669986489224296, "old_fine_sam_miou": 0.41020754082310873, "gaussian_object_coverage": 0.3258852103629162, "gaussian_fine_coverage": 0.22830799700246227, "evaluation_gpu_peak_mib": 329.607421875}
RUN_COMPLETE 101 17
