UPDATE 110 7 1 0 25000 0.2264920175075531
UPDATE 110 7 1 150 38100 0.07215631008148193
UPDATE 110 7 1 300 48956 0.049932461231946945
UPDATE 110 7 1 450 49997 0.0734698474407196
STAGE_COMPLETE {"stage": 1, "end": 20, "steps": 600, "gaussians": 49992, "cap": 50000, "train_seconds": 9.072385948998999, "update_p50_ms": 10.939416499240906, "update_p95_ms": 17.709523251505722, "compute_p50_ms": 9.269300000596559, "gpu_update_peak_mib": 87.77490234375, "cpu_rss_peak_mib": 1692.6796875, "controller_seconds_cumulative": 2.631332546035992, "optimized_pixels": 122695680, "teacher_max_frame": 14, "psnr": 21.104799275972486, "ssim": 0.7035795251528422, "old_psnr": 21.104799275972486, "object_sam_miou": 0.5937064380565263, "fine_sam_miou": 0.3726765096300136, "small_fine_sam_miou": 0.19167473378509198, "fine_coverage": 0.8364720920323817, "old_fine_sam_miou": 0.3726765096300136, "gaussian_object_coverage": 0.2769043046887502, "gaussian_fine_coverage": 0.15748519763162105, "evaluation_gpu_peak_mib": 87.77490234375}
UPDATE 110 7 2 0 92920 0.08838891237974167
UPDATE 110 7 2 150 99379 0.06954514235258102
UPDATE 110 7 2 300 97566 0.08761250972747803
UPDATE 110 7 2 450 99699 0.08196481317281723
STAGE_COMPLETE {"stage": 2, "end": 40, "steps": 600, "gaussians": 99726, "cap": 100000, "train_seconds": 8.249836294002307, "update_p50_ms": 13.427979498374043, "update_p95_ms": 24.711751550603346, "compute_p50_ms": 11.386090001906268, "gpu_update_peak_mib": 135.13720703125, "cpu_rss_peak_mib": 1795.0234375, "controller_seconds_cumulative": 4.179712178098271, "optimized_pixels": 120397824, "teacher_max_frame": 36, "psnr": 19.424583339224316, "ssim": 0.6495569774082729, "old_psnr": 20.263700417074137, "object_sam_miou": 0.42891330014826207, "fine_sam_miou": 0.29112666955665545, "small_fine_sam_miou": 0.13024164922289302, "fine_coverage": 0.7552627079899924, "old_fine_sam_miou": 0.352626991029137, "gaussian_object_coverage": 0.2650061167599222, "gaussian_fine_coverage": 0.20983494775685377, "evaluation_gpu_peak_mib": 135.13720703125}
UPDATE 110 7 3 0 141566 0.12824510037899017
UPDATE 110 7 3 150 147631 0.06296724826097488
UPDATE 110 7 3 300 146207 0.04706111550331116
UPDATE 110 7 3 450 149512 0.06776344031095505
STAGE_COMPLETE {"stage": 3, "end": 60, "steps": 600, "gaussians": 149539, "cap": 150000, "train_seconds": 11.040574347000074, "update_p50_ms": 15.933647999190725, "update_p95_ms": 36.64283325251745, "compute_p50_ms": 12.842367001212551, "gpu_update_peak_mib": 178.5869140625, "cpu_rss_peak_mib": 1800.62109375, "controller_seconds_cumulative": 7.483320571118384, "optimized_pixels": 121024512, "teacher_max_frame": 58, "psnr": 19.807702494345644, "ssim": 0.6670392751693726, "old_psnr": 20.422027909841955, "object_sam_miou": 0.5271643367821972, "fine_sam_miou": 0.3333043124284855, "small_fine_sam_miou": 0.12639305641610468, "fine_coverage": 0.9089864308792655, "old_fine_sam_miou": 0.38885289518435573, "gaussian_object_coverage": 0.3219026474698908, "gaussian_fine_coverage": 0.25960451788496647, "evaluation_gpu_peak_mib": 178.5869140625}
UPDATE 110 7 4 0 194038 0.18959657847881317
UPDATE 110 7 4 150 194743 0.09860482811927795
UPDATE 110 7 4 300 194478 0.07502306252717972
UPDATE 110 7 4 450 199021 0.06850254535675049
STAGE_COMPLETE {"stage": 4, "end": 79, "steps": 600, "gaussians": 199172, "cap": 200000, "train_seconds": 13.923818726001628, "update_p50_ms": 21.776228999442537, "update_p95_ms": 41.112124500250495, "compute_p50_ms": 14.69937299953017, "gpu_update_peak_mib": 224.546875, "cpu_rss_peak_mib": 1819.13671875, "controller_seconds_cumulative": 11.470875287075614, "optimized_pixels": 119144448, "teacher_max_frame": 72, "psnr": 18.976945205600035, "ssim": 0.6382679297373846, "old_psnr": 19.223637618485522, "object_sam_miou": 0.45964941006751764, "fine_sam_miou": 0.2870964516382756, "small_fine_sam_miou": 0.11585625151834389, "fine_coverage": 0.7745991231818824, "old_fine_sam_miou": 0.38366489069916626, "gaussian_object_coverage": 0.3485429678870524, "gaussian_fine_coverage": 0.2867672162753801, "evaluation_gpu_peak_mib": 224.546875}
UPDATE 110 7 5 0 243250 0.13361693918704987
UPDATE 110 7 5 150 243689 0.084986113011837
UPDATE 110 7 5 300 243154 0.08559975773096085
UPDATE 110 7 5 450 248841 0.07279960811138153
STAGE_COMPLETE {"stage": 5, "end": 99, "steps": 600, "gaussians": 248840, "cap": 250000, "train_seconds": 15.97065693300101, "update_p50_ms": 24.9610954997479, "update_p95_ms": 44.983636948018095, "compute_p50_ms": 18.665545499970904, "gpu_update_peak_mib": 283.294921875, "cpu_rss_peak_mib": 1836.93359375, "controller_seconds_cumulative": 15.98518513505769, "optimized_pixels": 122486784, "teacher_max_frame": 94, "psnr": 19.015488320269913, "ssim": 0.6323397643864155, "old_psnr": 18.74858542641114, "object_sam_miou": 0.4284252062098624, "fine_sam_miou": 0.31040814795037874, "small_fine_sam_miou": 0.11517778980439762, "fine_coverage": 0.8541722453647278, "old_fine_sam_miou": 0.37230348170252897, "gaussian_object_coverage": 0.4337727053528372, "gaussian_fine_coverage": 0.30429995177624175, "evaluation_gpu_peak_mib": 283.294921875}
UPDATE 110 7 6 0 285625 0.12288916110992432
UPDATE 110 7 6 150 295216 0.028059830889105797
UPDATE 110 7 6 300 292207 0.035095617175102234
UPDATE 110 7 6 450 298914 0.024984968826174736
STAGE_COMPLETE {"stage": 6, "end": 119, "steps": 600, "gaussians": 298914, "cap": 300000, "train_seconds": 14.292347075999714, "update_p50_ms": 20.892124501187936, "update_p95_ms": 43.45571739959268, "compute_p50_ms": 16.832171999340062, "gpu_update_peak_mib": 324.5595703125, "cpu_rss_peak_mib": 1853.02734375, "controller_seconds_cumulative": 19.938908513064234, "optimized_pixels": 120606720, "teacher_max_frame": 115, "psnr": 19.783842164141866, "ssim": 0.6538424521684647, "old_psnr": 18.962266438458325, "object_sam_miou": 0.4391421429592164, "fine_sam_miou": 0.3363846536924738, "small_fine_sam_miou": 0.09200682275858316, "fine_coverage": 0.8686122621153147, "old_fine_sam_miou": 0.3721569072549304, "gaussian_object_coverage": 0.4517754270459062, "gaussian_fine_coverage": 0.33527703620439325, "evaluation_gpu_peak_mib": 324.5595703125}
RUN_COMPLETE 110 7
