UPDATE 011 17 1 0 25000 0.24696220457553864
UPDATE 011 17 1 150 39862 0.0587397962808609
UPDATE 011 17 1 300 48973 0.045630551874637604
UPDATE 011 17 1 450 49987 0.05757291987538338
STAGE_COMPLETE {"stage": 1, "end": 46, "steps": 600, "gaussians": 49989, "cap": 50000, "train_seconds": 7.99179685099989, "update_p50_ms": 6.097563500588876, "update_p95_ms": 24.183454000194615, "compute_p50_ms": 5.099034000068059, "gpu_update_peak_mib": 75.79638671875, "cpu_rss_peak_mib": 1688.81640625, "controller_seconds_cumulative": 4.099542762988676, "optimized_pixels": 112000128, "replay_probability": 0.3, "teacher_max_frame": 42, "psnr": 21.450339115285015, "ssim": 0.576300859451294, "old_psnr": 21.450339115285015, "object_sam_miou": 0.25642064219960353, "fine_sam_miou": 0.1410272890427989, "small_fine_sam_miou": 0.0007399186089530152, "fine_coverage": 0.9487569973820402, "old_fine_sam_miou": 0.1410272890427989, "gaussian_object_coverage": 0.761367500850187, "gaussian_fine_coverage": 0.11292484346556242, "evaluation_gpu_peak_mib": 75.79638671875}
UPDATE 011 17 2 0 91136 0.057162947952747345
UPDATE 011 17 2 150 99824 0.04400007799267769
UPDATE 011 17 2 300 97872 0.0390763096511364
UPDATE 011 17 2 450 99877 0.04773450642824173
STAGE_COMPLETE {"stage": 2, "end": 93, "steps": 600, "gaussians": 99860, "cap": 100000, "train_seconds": 10.088119483999435, "update_p50_ms": 23.117143499803205, "update_p95_ms": 24.127417300314846, "compute_p50_ms": 5.342948500128841, "gpu_update_peak_mib": 126.28271484375, "cpu_rss_peak_mib": 1706.6484375, "controller_seconds_cumulative": 10.836682281999856, "optimized_pixels": 108850560, "replay_probability": 0.44999999999999996, "teacher_max_frame": 90, "psnr": 22.74973429543653, "ssim": 0.6818337192138036, "old_psnr": 22.851239119015958, "object_sam_miou": 0.2841323067501807, "fine_sam_miou": 0.18196558822745515, "small_fine_sam_miou": 0.045426565471579534, "fine_coverage": 0.9707064329361152, "old_fine_sam_miou": 0.21147470038802227, "gaussian_object_coverage": 0.7954035649909874, "gaussian_fine_coverage": 0.22123973562988183, "evaluation_gpu_peak_mib": 131.27978515625}
UPDATE 011 17 3 0 145708 0.07173100858926773
UPDATE 011 17 3 150 148652 0.025798754766583443
UPDATE 011 17 3 300 146589 0.027329111471772194
UPDATE 011 17 3 450 149659 0.04206215962767601
STAGE_COMPLETE {"stage": 3, "end": 140, "steps": 600, "gaussians": 149679, "cap": 150000, "train_seconds": 11.481410185000641, "update_p50_ms": 23.632389499653073, "update_p95_ms": 25.350556750709075, "compute_p50_ms": 6.14198250013942, "gpu_update_peak_mib": 176.21337890625, "cpu_rss_peak_mib": 1743.37109375, "controller_seconds_cumulative": 18.524652714988406, "optimized_pixels": 108850560, "replay_probability": 0.5, "teacher_max_frame": 138, "psnr": 23.97444657150066, "ssim": 0.7431229882770114, "old_psnr": 23.21053516415414, "object_sam_miou": 0.29277925068996064, "fine_sam_miou": 0.1850849245086085, "small_fine_sam_miou": 0.05974807926974884, "fine_coverage": 0.9893749888759823, "old_fine_sam_miou": 0.2171530946780414, "gaussian_object_coverage": 0.8080625872700913, "gaussian_fine_coverage": 0.25794533635312905, "evaluation_gpu_peak_mib": 176.21337890625}
UPDATE 011 17 4 0 195682 0.053788281977176666
UPDATE 011 17 4 150 197245 0.03456858545541763
UPDATE 011 17 4 300 195384 0.025064518675208092
UPDATE 011 17 4 450 199548 0.042312029749155045
STAGE_COMPLETE {"stage": 4, "end": 186, "steps": 600, "gaussians": 199563, "cap": 200000, "train_seconds": 12.488089411999681, "update_p50_ms": 24.576280000019324, "update_p95_ms": 26.871227849596835, "compute_p50_ms": 7.370112999979028, "gpu_update_peak_mib": 226.4521484375, "cpu_rss_peak_mib": 1752.2265625, "controller_seconds_cumulative": 26.576457897988803, "optimized_pixels": 112350080, "replay_probability": 0.5249999999999999, "teacher_max_frame": 179, "psnr": 24.847562711353586, "ssim": 0.7686685472726822, "old_psnr": 24.066162784798347, "object_sam_miou": 0.2921475434762686, "fine_sam_miou": 0.21445100028791048, "small_fine_sam_miou": 0.061556784089834324, "fine_coverage": 0.9936702172403136, "old_fine_sam_miou": 0.23324541847843167, "gaussian_object_coverage": 0.8114830905528579, "gaussian_fine_coverage": 0.32210379679599926, "evaluation_gpu_peak_mib": 226.4521484375}
UPDATE 011 17 5 0 244566 0.08088760823011398
UPDATE 011 17 5 150 246697 0.0689445361495018
UPDATE 011 17 5 300 244185 0.0400424599647522
UPDATE 011 17 5 450 249516 0.028545306995511055
STAGE_COMPLETE {"stage": 5, "end": 232, "steps": 600, "gaussians": 249463, "cap": 250000, "train_seconds": 12.633741849999751, "update_p50_ms": 25.17758350040822, "update_p95_ms": 27.37240945020858, "compute_p50_ms": 8.14549699998679, "gpu_update_peak_mib": 275.11669921875, "cpu_rss_peak_mib": 1762.3984375, "controller_seconds_cumulative": 34.28125843499765, "optimized_pixels": 110600320, "replay_probability": 0.54, "teacher_max_frame": 227, "psnr": 25.264507118146707, "ssim": 0.7958228094824429, "old_psnr": 23.83296923293196, "object_sam_miou": 0.295959801034798, "fine_sam_miou": 0.2065009016660487, "small_fine_sam_miou": 0.06305943923299263, "fine_coverage": 0.9771571982181815, "old_fine_sam_miou": 0.22638099903130746, "gaussian_object_coverage": 0.8144374115600309, "gaussian_fine_coverage": 0.3416699069601504, "evaluation_gpu_peak_mib": 275.11669921875}
UPDATE 011 17 6 0 293505 0.07033966481685638
UPDATE 011 17 6 150 294616 0.02696310169994831
UPDATE 011 17 6 300 293147 0.0349876806139946
UPDATE 011 17 6 450 299395 0.03168507292866707
STAGE_COMPLETE {"stage": 6, "end": 279, "steps": 600, "gaussians": 299395, "cap": 300000, "train_seconds": 13.474205425000036, "update_p50_ms": 25.887472000249545, "update_p95_ms": 28.483436300439276, "compute_p50_ms": 8.90196599993942, "gpu_update_peak_mib": 321.14599609375, "cpu_rss_peak_mib": 1786.65625, "controller_seconds_cumulative": 42.2169009040108, "optimized_pixels": 108150656, "replay_probability": 0.55, "teacher_max_frame": 275, "psnr": 25.560653825759996, "ssim": 0.8134850706372942, "old_psnr": 24.252664214971457, "object_sam_miou": 0.3130528950276305, "fine_sam_miou": 0.22031066115900025, "small_fine_sam_miou": 0.07584320796210388, "fine_coverage": 0.9815172162343347, "old_fine_sam_miou": 0.21227349642056914, "gaussian_object_coverage": 0.8527563920573156, "gaussian_fine_coverage": 0.38928505820070475, "evaluation_gpu_peak_mib": 321.14599609375}
RUN_COMPLETE 011 17
