UPDATE 110 7 1 0 25000 0.2526438534259796
UPDATE 110 7 1 150 38434 0.05560368299484253
UPDATE 110 7 1 300 48985 0.041956160217523575
UPDATE 110 7 1 450 49990 0.050395019352436066
STAGE_COMPLETE {"stage": 1, "end": 46, "steps": 600, "gaussians": 49986, "cap": 50000, "train_seconds": 10.19620790100089, "update_p50_ms": 9.211044000039692, "update_p95_ms": 37.47272939745016, "compute_p50_ms": 7.329690999540617, "gpu_update_peak_mib": 76.05224609375, "cpu_rss_peak_mib": 1634.5625, "controller_seconds_cumulative": 4.9449086079876, "optimized_pixels": 112350080, "teacher_max_frame": 42, "psnr": 21.696687100417307, "ssim": 0.5735432306925455, "old_psnr": 21.696687100417307, "object_sam_miou": 0.26124986727480287, "fine_sam_miou": 0.13835802204802877, "small_fine_sam_miou": 0.0038599133873093577, "fine_coverage": 0.9635290795101279, "old_fine_sam_miou": 0.13835802204802877, "gaussian_object_coverage": 0.8422958428359941, "gaussian_fine_coverage": 0.17104789341015483, "evaluation_gpu_peak_mib": 76.05224609375}
UPDATE 110 7 2 0 91133 0.06727071106433868
UPDATE 110 7 2 150 99780 0.05625617876648903
UPDATE 110 7 2 300 97826 0.05190124735236168
UPDATE 110 7 2 450 99906 0.041397977620363235
STAGE_COMPLETE {"stage": 2, "end": 93, "steps": 600, "gaussians": 99895, "cap": 100000, "train_seconds": 13.217834748000314, "update_p50_ms": 24.954206997790607, "update_p95_ms": 40.16190620059205, "compute_p50_ms": 8.877649497662787, "gpu_update_peak_mib": 126.71630859375, "cpu_rss_peak_mib": 1653.42578125, "controller_seconds_cumulative": 12.900176807994285, "optimized_pixels": 110425344, "teacher_max_frame": 90, "psnr": 23.319366323161347, "ssim": 0.6696112404266993, "old_psnr": 22.60996181783568, "object_sam_miou": 0.29847683016247817, "fine_sam_miou": 0.1903052428838607, "small_fine_sam_miou": 0.057539030199556425, "fine_coverage": 0.9839366198585052, "old_fine_sam_miou": 0.2191672682159637, "gaussian_object_coverage": 0.8521747835226988, "gaussian_fine_coverage": 0.2823965163421593, "evaluation_gpu_peak_mib": 129.857421875}
UPDATE 110 7 3 0 145466 0.1288221925497055
UPDATE 110 7 3 150 149026 0.039481036365032196
UPDATE 110 7 3 300 146580 0.03756517171859741
UPDATE 110 7 3 450 149759 0.03864036500453949
STAGE_COMPLETE {"stage": 3, "end": 140, "steps": 600, "gaussians": 149718, "cap": 150000, "train_seconds": 14.767653464998148, "update_p50_ms": 27.25773800011666, "update_p95_ms": 43.634147550073976, "compute_p50_ms": 10.760036000647233, "gpu_update_peak_mib": 177.0546875, "cpu_rss_peak_mib": 1685.98046875, "controller_seconds_cumulative": 21.093748162937118, "optimized_pixels": 110950272, "teacher_max_frame": 138, "psnr": 24.154794862421305, "ssim": 0.7333498663372464, "old_psnr": 22.485911342359852, "object_sam_miou": 0.27872760569923255, "fine_sam_miou": 0.1941620363116746, "small_fine_sam_miou": 0.05887288774681002, "fine_coverage": 0.9916653779882897, "old_fine_sam_miou": 0.20499386097496947, "gaussian_object_coverage": 0.8517546320415715, "gaussian_fine_coverage": 0.31863236217422086, "evaluation_gpu_peak_mib": 177.0546875}
UPDATE 110 7 4 0 195732 0.06195404753088951
UPDATE 110 7 4 150 197884 0.04612776264548302
UPDATE 110 7 4 300 195436 0.03983061760663986
UPDATE 110 7 4 450 199582 0.039363741874694824
STAGE_COMPLETE {"stage": 4, "end": 186, "steps": 600, "gaussians": 199600, "cap": 200000, "train_seconds": 16.215152736000164, "update_p50_ms": 28.311727999607683, "update_p95_ms": 47.06323859809343, "compute_p50_ms": 12.772131498422823, "gpu_update_peak_mib": 225.85888671875, "cpu_rss_peak_mib": 1698.2578125, "controller_seconds_cumulative": 29.548958693972963, "optimized_pixels": 109375488, "teacher_max_frame": 179, "psnr": 24.45667584622953, "ssim": 0.7481043835481008, "old_psnr": 22.13319733105264, "object_sam_miou": 0.2796963122937247, "fine_sam_miou": 0.22206128396454175, "small_fine_sam_miou": 0.08418611937601099, "fine_coverage": 0.9935577444283852, "old_fine_sam_miou": 0.21551902808753481, "gaussian_object_coverage": 0.8590531062124248, "gaussian_fine_coverage": 0.3856663326653307, "evaluation_gpu_peak_mib": 225.85888671875}
UPDATE 110 7 5 0 244678 0.08683563768863678
UPDATE 110 7 5 150 246182 0.029251715168356895
UPDATE 110 7 5 300 244298 0.03626995161175728
UPDATE 110 7 5 450 249423 0.044875241816043854
STAGE_COMPLETE {"stage": 5, "end": 232, "steps": 600, "gaussians": 249364, "cap": 250000, "train_seconds": 16.879084961001354, "update_p50_ms": 30.512032499245834, "update_p95_ms": 46.23325934971944, "compute_p50_ms": 14.511340001263306, "gpu_update_peak_mib": 273.408203125, "cpu_rss_peak_mib": 1707.90234375, "controller_seconds_cumulative": 37.90162968898949, "optimized_pixels": 112175104, "teacher_max_frame": 227, "psnr": 24.90064684203802, "ssim": 0.7760741998409403, "old_psnr": 22.80753199876843, "object_sam_miou": 0.29586609911196193, "fine_sam_miou": 0.2024446900306937, "small_fine_sam_miou": 0.08209197880251787, "fine_coverage": 0.9835942406033746, "old_fine_sam_miou": 0.21167585323010837, "gaussian_object_coverage": 0.8591777481913989, "gaussian_fine_coverage": 0.4133555765868369, "evaluation_gpu_peak_mib": 273.408203125}
UPDATE 110 7 6 0 293452 0.053894903510808945
UPDATE 110 7 6 150 295394 0.02271350659430027
UPDATE 110 7 6 300 293206 0.03302976116538048
UPDATE 110 7 6 450 299280 0.023188995197415352
STAGE_COMPLETE {"stage": 6, "end": 279, "steps": 600, "gaussians": 299280, "cap": 300000, "train_seconds": 20.53722045700124, "update_p50_ms": 32.659420001436956, "update_p95_ms": 68.58752729986007, "compute_p50_ms": 16.74306200220599, "gpu_update_peak_mib": 319.85986328125, "cpu_rss_peak_mib": 1724.5390625, "controller_seconds_cumulative": 48.327007258005324, "optimized_pixels": 110600320, "teacher_max_frame": 275, "psnr": 25.21312307946094, "ssim": 0.7999504378863743, "old_psnr": 22.499446326899033, "object_sam_miou": 0.29864691474828614, "fine_sam_miou": 0.22341018177778904, "small_fine_sam_miou": 0.08243016128237021, "fine_coverage": 0.9720564032542783, "old_fine_sam_miou": 0.21042519533164017, "gaussian_object_coverage": 0.8900695001336542, "gaussian_fine_coverage": 0.4680733761026464, "evaluation_gpu_peak_mib": 319.85986328125}
RUN_COMPLETE 110 7
