UPDATE 000 7 1 0 25000 0.25285622477531433
UPDATE 000 7 1 150 41521 0.14843644201755524
UPDATE 000 7 1 300 48963 0.051357366144657135
UPDATE 000 7 1 450 50000 0.057684365659952164
STAGE_COMPLETE {"stage": 1, "end": 20, "steps": 600, "gaussians": 49996, "cap": 50000, "train_seconds": 6.984560464999959, "update_p50_ms": 8.025443499718676, "update_p95_ms": 8.452295000006414, "compute_p50_ms": 6.618316999720264, "gpu_update_peak_mib": 91.205078125, "cpu_rss_peak_mib": 1788.30078125, "controller_seconds_cumulative": 2.2704518169939547, "optimized_pixels": 122695680, "replay_probability": 0.3, "teacher_max_frame": 14, "psnr": 15.003040888306117, "ssim": 0.6365123192469279, "old_psnr": 15.003040888306117, "object_sam_miou": 0.18359520267757531, "fine_sam_miou": null, "small_fine_sam_miou": null, "fine_coverage": 0.0, "old_fine_sam_miou": null, "gaussian_object_coverage": 0.11492919433554684, "gaussian_fine_coverage": 0.03736298903912313, "evaluation_gpu_peak_mib": 91.205078125}
UPDATE 000 7 2 0 95997 0.09984185546636581
UPDATE 000 7 2 150 99811 0.04422707483172417
UPDATE 000 7 2 300 97736 0.09829302132129669
UPDATE 000 7 2 450 99878 0.029131153598427773
STAGE_COMPLETE {"stage": 2, "end": 40, "steps": 600, "gaussians": 99845, "cap": 100000, "train_seconds": 5.546377217000554, "update_p50_ms": 8.173019999958342, "update_p95_ms": 12.471314149934065, "compute_p50_ms": 6.741001000136748, "gpu_update_peak_mib": 135.4970703125, "cpu_rss_peak_mib": 1884.58984375, "controller_seconds_cumulative": 3.59609616697162, "optimized_pixels": 120397824, "replay_probability": 0.3, "teacher_max_frame": 36, "psnr": 17.41240213313872, "ssim": 0.6580010397093636, "old_psnr": 15.033138858975988, "object_sam_miou": 0.3468910474051116, "fine_sam_miou": 0.0, "small_fine_sam_miou": 0.0, "fine_coverage": 0.0, "old_fine_sam_miou": null, "gaussian_object_coverage": 0.11718163152886975, "gaussian_fine_coverage": 0.04119385046822575, "evaluation_gpu_peak_mib": 135.4970703125}
UPDATE 000 7 3 0 144962 0.14711928367614746
UPDATE 000 7 3 150 148168 0.12085862457752228
UPDATE 000 7 3 300 145891 0.07801550626754761
UPDATE 000 7 3 450 149464 0.0770721510052681
STAGE_COMPLETE {"stage": 3, "end": 60, "steps": 600, "gaussians": 149460, "cap": 150000, "train_seconds": 7.50897926000016, "update_p50_ms": 8.808388499801367, "update_p95_ms": 25.43509709930731, "compute_p50_ms": 7.114886499948625, "gpu_update_peak_mib": 177.0751953125, "cpu_rss_peak_mib": 1894.234375, "controller_seconds_cumulative": 6.609786634975535, "optimized_pixels": 121024512, "replay_probability": 0.3, "teacher_max_frame": 58, "psnr": 17.95709701061557, "ssim": 0.6609177827835083, "old_psnr": 15.617685824365003, "object_sam_miou": 0.3790919357498164, "fine_sam_miou": 0.3992596950292849, "small_fine_sam_miou": 0.5439912496366207, "fine_coverage": 0.30012526072220047, "old_fine_sam_miou": null, "gaussian_object_coverage": 0.13645122440786833, "gaussian_fine_coverage": 0.04270038806369597, "evaluation_gpu_peak_mib": 177.0751953125}
UPDATE 000 7 4 0 194679 0.13432550430297852
UPDATE 000 7 4 150 196745 0.061152588576078415
UPDATE 000 7 4 300 194788 0.05578615516424179
UPDATE 000 7 4 450 199310 0.04724597558379173
STAGE_COMPLETE {"stage": 4, "end": 80, "steps": 600, "gaussians": 199354, "cap": 200000, "train_seconds": 8.365245610999409, "update_p50_ms": 9.97843200002535, "update_p95_ms": 26.670982499808815, "compute_p50_ms": 7.579904500289558, "gpu_update_peak_mib": 224.0830078125, "cpu_rss_peak_mib": 1904.484375, "controller_seconds_cumulative": 10.054536345987799, "optimized_pixels": 119144448, "replay_probability": 0.3, "teacher_max_frame": 79, "psnr": 17.761984863161956, "ssim": 0.637933442225823, "old_psnr": 15.593985412778844, "object_sam_miou": 0.42010043718305684, "fine_sam_miou": 0.27482776564334643, "small_fine_sam_miou": 0.3254151689616572, "fine_coverage": 0.3313530198556757, "old_fine_sam_miou": null, "gaussian_object_coverage": 0.1851379957261956, "gaussian_fine_coverage": 0.05624667676595403, "evaluation_gpu_peak_mib": 224.0830078125}
UPDATE 000 7 5 0 244206 0.15958324074745178
UPDATE 000 7 5 150 246182 0.08974041044712067
UPDATE 000 7 5 300 243693 0.12511081993579865
UPDATE 000 7 5 450 249261 0.10702485591173172
STAGE_COMPLETE {"stage": 5, "end": 100, "steps": 600, "gaussians": 249140, "cap": 250000, "train_seconds": 8.747508150000613, "update_p50_ms": 11.544807000518631, "update_p95_ms": 27.434997599766575, "compute_p50_ms": 8.834311499867908, "gpu_update_peak_mib": 280.68408203125, "cpu_rss_peak_mib": 1927.9609375, "controller_seconds_cumulative": 13.28847509199295, "optimized_pixels": 122486784, "replay_probability": 0.3, "teacher_max_frame": 94, "psnr": 18.48731899019135, "ssim": 0.6385367425049052, "old_psnr": 17.22151519547716, "object_sam_miou": 0.4075505880857502, "fine_sam_miou": 0.29256040687765295, "small_fine_sam_miou": 0.26003662051839704, "fine_coverage": 0.4194144637057727, "old_fine_sam_miou": null, "gaussian_object_coverage": 0.2214538010757004, "gaussian_fine_coverage": 0.0854178373605202, "evaluation_gpu_peak_mib": 280.68408203125}
UPDATE 000 7 6 0 293158 0.1412951499223709
UPDATE 000 7 6 150 296067 0.09977922588586807
UPDATE 000 7 6 300 291914 0.06291582435369492
UPDATE 000 7 6 450 299137 0.052115049213171005
STAGE_COMPLETE {"stage": 6, "end": 120, "steps": 600, "gaussians": 299137, "cap": 300000, "train_seconds": 9.4826118459996, "update_p50_ms": 12.52849749971574, "update_p95_ms": 28.742418700221606, "compute_p50_ms": 9.404011000242463, "gpu_update_peak_mib": 332.5830078125, "cpu_rss_peak_mib": 1939.54296875, "controller_seconds_cumulative": 16.759604947998923, "optimized_pixels": 120606720, "replay_probability": 0.3, "teacher_max_frame": 115, "psnr": 18.4282457466458, "ssim": 0.6340353071689606, "old_psnr": 16.06269886806026, "object_sam_miou": 0.42754218577126213, "fine_sam_miou": 0.30056589789680277, "small_fine_sam_miou": 0.23642316863715163, "fine_coverage": 0.5140277382068714, "old_fine_sam_miou": null, "gaussian_object_coverage": 0.27849781203929974, "gaussian_fine_coverage": 0.09240582074434123, "evaluation_gpu_peak_mib": 332.5830078125}
RUN_COMPLETE 000 7
