UPDATE 111 17 1 0 25000 0.2970176041126251
UPDATE 111 17 1 150 41494 0.0830930843949318
UPDATE 111 17 1 300 48968 0.12440507113933563
UPDATE 111 17 1 450 49995 0.07212699204683304
STAGE_COMPLETE {"stage": 1, "end": 20, "steps": 600, "gaussians": 49991, "cap": 50000, "train_seconds": 7.088160794000032, "update_p50_ms": 8.061408000230585, "update_p95_ms": 8.894804100236795, "compute_p50_ms": 6.441364500005875, "gpu_update_peak_mib": 90.2080078125, "cpu_rss_peak_mib": 1826.375, "controller_seconds_cumulative": 2.432773986995926, "optimized_pixels": 122277888, "replay_probability": 0.3, "teacher_max_frame": 14, "psnr": 14.89270210017645, "ssim": 0.6353645920753479, "old_psnr": 14.89270210017645, "object_sam_miou": 0.18568552163326466, "fine_sam_miou": null, "small_fine_sam_miou": null, "fine_coverage": 0.0, "old_fine_sam_miou": null, "gaussian_object_coverage": 0.11816126902842512, "gaussian_fine_coverage": 0.043927907023264184, "evaluation_gpu_peak_mib": 90.2080078125}
UPDATE 111 17 2 0 95877 0.17809365689754486
UPDATE 111 17 2 150 99714 0.11909988522529602
UPDATE 111 17 2 300 97741 0.07019712030887604
UPDATE 111 17 2 450 99845 0.06037643551826477
STAGE_COMPLETE {"stage": 2, "end": 40, "steps": 600, "gaussians": 99852, "cap": 100000, "train_seconds": 5.747461881999698, "update_p50_ms": 8.23147949995473, "update_p95_ms": 23.669271850667414, "compute_p50_ms": 6.567105500380421, "gpu_update_peak_mib": 133.8369140625, "cpu_rss_peak_mib": 1925.16796875, "controller_seconds_cumulative": 4.048771163988022, "optimized_pixels": 118517760, "replay_probability": 0.44999999999999996, "teacher_max_frame": 36, "psnr": 17.354729591460554, "ssim": 0.6536752581596375, "old_psnr": 15.286926775559763, "object_sam_miou": 0.3815444406932684, "fine_sam_miou": 0.0, "small_fine_sam_miou": 0.0, "fine_coverage": 0.0, "old_fine_sam_miou": null, "gaussian_object_coverage": 0.12772903897768698, "gaussian_fine_coverage": 0.048471738172495296, "evaluation_gpu_peak_mib": 133.8369140625}
UPDATE 111 17 3 0 145141 0.11275531351566315
UPDATE 111 17 3 150 148388 0.08644311130046844
UPDATE 111 17 3 300 146087 0.039798587560653687
UPDATE 111 17 3 450 149531 0.0809415653347969
STAGE_COMPLETE {"stage": 3, "end": 60, "steps": 600, "gaussians": 149561, "cap": 150000, "train_seconds": 8.458228898000016, "update_p50_ms": 9.47673249993386, "update_p95_ms": 25.980133649591153, "compute_p50_ms": 7.103551000000152, "gpu_update_peak_mib": 183.14794921875, "cpu_rss_peak_mib": 1934.8828125, "controller_seconds_cumulative": 8.020559233991662, "optimized_pixels": 118517760, "replay_probability": 0.5, "teacher_max_frame": 58, "psnr": 18.21495423053167, "ssim": 0.6614588141441345, "old_psnr": 16.139147212741424, "object_sam_miou": 0.4080056311159532, "fine_sam_miou": 0.38500113172746275, "small_fine_sam_miou": 0.5932992788461539, "fine_coverage": 0.3232286778125407, "old_fine_sam_miou": null, "gaussian_object_coverage": 0.1513228716042284, "gaussian_fine_coverage": 0.051918615146996874, "evaluation_gpu_peak_mib": 183.14794921875}
UPDATE 111 17 4 0 195583 0.17830713093280792
UPDATE 111 17 4 150 197162 0.06562317907810211
UPDATE 111 17 4 300 194689 0.05458776652812958
UPDATE 111 17 4 450 199364 0.06478287279605865
STAGE_COMPLETE {"stage": 4, "end": 80, "steps": 600, "gaussians": 199287, "cap": 200000, "train_seconds": 10.533764472000257, "update_p50_ms": 11.481281499982288, "update_p95_ms": 27.152237649943338, "compute_p50_ms": 7.577531000151794, "gpu_update_peak_mib": 231.64501953125, "cpu_rss_peak_mib": 1948.50390625, "controller_seconds_cumulative": 13.646500114987248, "optimized_pixels": 122695680, "replay_probability": 0.5249999999999999, "teacher_max_frame": 79, "psnr": 18.17013695378072, "ssim": 0.6480092864770156, "old_psnr": 16.00615626605131, "object_sam_miou": 0.43073138808812306, "fine_sam_miou": 0.27062745839833896, "small_fine_sam_miou": 0.3727634078271003, "fine_coverage": 0.3342448341186063, "old_fine_sam_miou": null, "gaussian_object_coverage": 0.20929614074174432, "gaussian_fine_coverage": 0.06853432486815497, "evaluation_gpu_peak_mib": 231.64501953125}
UPDATE 111 17 5 0 244335 0.1512378603219986
UPDATE 111 17 5 150 247514 0.06307420879602432
UPDATE 111 17 5 300 243709 0.05151412636041641
UPDATE 111 17 5 450 249282 0.15226520597934723
STAGE_COMPLETE {"stage": 5, "end": 100, "steps": 600, "gaussians": 249028, "cap": 250000, "train_seconds": 10.912424823000038, "update_p50_ms": 12.343048500042642, "update_p95_ms": 28.41137994996643, "compute_p50_ms": 8.511032000114938, "gpu_update_peak_mib": 282.57763671875, "cpu_rss_peak_mib": 1972.0, "controller_seconds_cumulative": 19.078351339994697, "optimized_pixels": 120606720, "replay_probability": 0.54, "teacher_max_frame": 94, "psnr": 18.58387935478099, "ssim": 0.6391758112346425, "old_psnr": 17.729959303027005, "object_sam_miou": 0.4368931378222824, "fine_sam_miou": 0.29962295085228974, "small_fine_sam_miou": 0.30131419756592903, "fine_coverage": 0.4457665208881156, "old_fine_sam_miou": null, "gaussian_object_coverage": 0.25122074626146457, "gaussian_fine_coverage": 0.10149059543505148, "evaluation_gpu_peak_mib": 282.57763671875}
UPDATE 111 17 6 0 293188 0.10933970659971237
UPDATE 111 17 6 150 296361 0.0701444000005722
UPDATE 111 17 6 300 292440 0.0774032324552536
UPDATE 111 17 6 450 298990 0.05798595771193504
STAGE_COMPLETE {"stage": 6, "end": 120, "steps": 600, "gaussians": 298990, "cap": 300000, "train_seconds": 11.814481800000067, "update_p50_ms": 14.173774500250147, "update_p95_ms": 29.52373719986098, "compute_p50_ms": 9.073791499758954, "gpu_update_peak_mib": 332.6298828125, "cpu_rss_peak_mib": 1980.25, "controller_seconds_cumulative": 24.94917060300122, "optimized_pixels": 117682176, "replay_probability": 0.55, "teacher_max_frame": 115, "psnr": 18.68891365697295, "ssim": 0.6422604829072952, "old_psnr": 16.278727736729746, "object_sam_miou": 0.44229823422318015, "fine_sam_miou": 0.2820230765557407, "small_fine_sam_miou": 0.24410683036650274, "fine_coverage": 0.5106463583476194, "old_fine_sam_miou": null, "gaussian_object_coverage": 0.3174052643901134, "gaussian_fine_coverage": 0.11395364393457975, "evaluation_gpu_peak_mib": 332.6298828125}
RUN_COMPLETE 111 17
