UPDATE 101 7 1 0 25000 0.2233933061361313
UPDATE 101 7 1 150 39783 0.05817082151770592
UPDATE 101 7 1 300 48973 0.04919763281941414
UPDATE 101 7 1 450 49997 0.04657112434506416
STAGE_COMPLETE {"stage": 1, "end": 46, "steps": 600, "gaussians": 49992, "cap": 50000, "train_seconds": 8.259119706000092, "update_p50_ms": 6.723570500071219, "update_p95_ms": 24.950275099968167, "compute_p50_ms": 5.21461200014528, "gpu_update_peak_mib": 77.40478515625, "cpu_rss_peak_mib": 1652.90234375, "controller_seconds_cumulative": 4.340719201994489, "optimized_pixels": 112350080, "replay_probability": 0.3, "teacher_max_frame": 42, "psnr": 21.892739516016096, "ssim": 0.5756600499153137, "old_psnr": 21.892739516016096, "object_sam_miou": 0.2628022717017243, "fine_sam_miou": 0.14608312582598643, "small_fine_sam_miou": 0.008620689655172414, "fine_coverage": 0.9797903530821421, "old_fine_sam_miou": 0.14608312582598643, "gaussian_object_coverage": 0.7499799967994879, "gaussian_fine_coverage": 0.09973595775324051, "evaluation_gpu_peak_mib": 77.40478515625}
UPDATE 101 7 2 0 90579 0.06243552267551422
UPDATE 101 7 2 150 99807 0.044290728867053986
UPDATE 101 7 2 300 97873 0.059423498809337616
UPDATE 101 7 2 450 99925 0.0382675938308239
STAGE_COMPLETE {"stage": 2, "end": 93, "steps": 600, "gaussians": 99921, "cap": 100000, "train_seconds": 10.328173166999932, "update_p50_ms": 23.814313000002585, "update_p95_ms": 24.92551355001069, "compute_p50_ms": 5.448226999988037, "gpu_update_peak_mib": 125.56005859375, "cpu_rss_peak_mib": 1671.7109375, "controller_seconds_cumulative": 11.25280355799714, "optimized_pixels": 110425344, "replay_probability": 0.44999999999999996, "teacher_max_frame": 90, "psnr": 23.128113699006885, "ssim": 0.6864075859387716, "old_psnr": 23.132791789340406, "object_sam_miou": 0.2677363814303534, "fine_sam_miou": 0.18055696627495743, "small_fine_sam_miou": 0.03966331314942952, "fine_coverage": 0.9846378776274243, "old_fine_sam_miou": 0.207958450971859, "gaussian_object_coverage": 0.7728305361235376, "gaussian_fine_coverage": 0.20192952432421613, "evaluation_gpu_peak_mib": 130.4970703125}
UPDATE 101 7 3 0 146201 0.08015302568674088
UPDATE 101 7 3 150 148764 0.04283863678574562
UPDATE 101 7 3 300 146585 0.03588392212986946
UPDATE 101 7 3 450 149794 0.028920862823724747
STAGE_COMPLETE {"stage": 3, "end": 140, "steps": 600, "gaussians": 149797, "cap": 150000, "train_seconds": 11.541456242000095, "update_p50_ms": 24.29423100011263, "update_p95_ms": 26.02804244984327, "compute_p50_ms": 6.184088500049256, "gpu_update_peak_mib": 174.12158203125, "cpu_rss_peak_mib": 1699.09375, "controller_seconds_cumulative": 18.998991721000493, "optimized_pixels": 110950272, "replay_probability": 0.5, "teacher_max_frame": 138, "psnr": 24.349723013016945, "ssim": 0.7470283541414473, "old_psnr": 23.1423658905361, "object_sam_miou": 0.2810294838238914, "fine_sam_miou": 0.2107499831377134, "small_fine_sam_miou": 0.09713446983055267, "fine_coverage": 0.9927846886517678, "old_fine_sam_miou": 0.2574754560386402, "gaussian_object_coverage": 0.7817980333384513, "gaussian_fine_coverage": 0.23790196065341762, "evaluation_gpu_peak_mib": 174.12158203125}
UPDATE 101 7 4 0 195717 0.0742412805557251
UPDATE 101 7 4 150 197777 0.052540529519319534
UPDATE 101 7 4 300 195430 0.03834904730319977
UPDATE 101 7 4 450 199725 0.02827758528292179
STAGE_COMPLETE {"stage": 4, "end": 186, "steps": 600, "gaussians": 199735, "cap": 200000, "train_seconds": 12.717485392000071, "update_p50_ms": 25.33772400011003, "update_p95_ms": 27.325859400025365, "compute_p50_ms": 7.3006774998702895, "gpu_update_peak_mib": 221.32275390625, "cpu_rss_peak_mib": 1713.65625, "controller_seconds_cumulative": 27.2758769940001, "optimized_pixels": 109375488, "replay_probability": 0.5249999999999999, "teacher_max_frame": 179, "psnr": 24.96261550060007, "ssim": 0.7719293832778931, "old_psnr": 23.58632455772621, "object_sam_miou": 0.27257373778734173, "fine_sam_miou": 0.21653654162023478, "small_fine_sam_miou": 0.062466134082354616, "fine_coverage": 0.9928260375541766, "old_fine_sam_miou": 0.2147565047443853, "gaussian_object_coverage": 0.7745813202493304, "gaussian_fine_coverage": 0.2922121811400105, "evaluation_gpu_peak_mib": 221.32275390625}
UPDATE 101 7 5 0 244655 0.06414197385311127
UPDATE 101 7 5 150 246099 0.03922038525342941
UPDATE 101 7 5 300 244177 0.024689462035894394
UPDATE 101 7 5 450 249502 0.02784816361963749
STAGE_COMPLETE {"stage": 5, "end": 232, "steps": 600, "gaussians": 249564, "cap": 250000, "train_seconds": 13.033636499000295, "update_p50_ms": 26.16417850003927, "update_p95_ms": 28.265633500291187, "compute_p50_ms": 8.290163500078052, "gpu_update_peak_mib": 271.77783203125, "cpu_rss_peak_mib": 1726.03515625, "controller_seconds_cumulative": 35.346334667998235, "optimized_pixels": 112175104, "replay_probability": 0.54, "teacher_max_frame": 227, "psnr": 25.504640156224443, "ssim": 0.7992584150412987, "old_psnr": 24.159529059475272, "object_sam_miou": 0.28970035089018287, "fine_sam_miou": 0.22138779918728385, "small_fine_sam_miou": 0.08417110784417595, "fine_coverage": 0.9813181498518044, "old_fine_sam_miou": 0.24184537003945625, "gaussian_object_coverage": 0.7759652834543443, "gaussian_fine_coverage": 0.3013054767514545, "evaluation_gpu_peak_mib": 271.77783203125}
UPDATE 101 7 6 0 293506 0.060824934393167496
UPDATE 101 7 6 150 295775 0.03666630759835243
UPDATE 101 7 6 300 293214 0.031184857711195946
UPDATE 101 7 6 450 299520 0.020694011822342873
STAGE_COMPLETE {"stage": 6, "end": 279, "steps": 600, "gaussians": 299520, "cap": 300000, "train_seconds": 14.160441253000045, "update_p50_ms": 27.075131499941563, "update_p95_ms": 29.685306100122943, "compute_p50_ms": 9.05090899982497, "gpu_update_peak_mib": 321.8388671875, "cpu_rss_peak_mib": 1744.2890625, "controller_seconds_cumulative": 43.90340442799379, "optimized_pixels": 110600320, "replay_probability": 0.55, "teacher_max_frame": 275, "psnr": 25.711884352208646, "ssim": 0.816080663885389, "old_psnr": 24.261487111633084, "object_sam_miou": 0.2890364671111525, "fine_sam_miou": 0.2393254111553067, "small_fine_sam_miou": 0.08842719875534, "fine_coverage": 0.9652476021752255, "old_fine_sam_miou": 0.2519761333479651, "gaussian_object_coverage": 0.8226328792735043, "gaussian_fine_coverage": 0.34393028846153845, "evaluation_gpu_peak_mib": 321.8388671875}
RUN_COMPLETE 101 7
