UPDATE 100 17 1 0 25000 0.23721636831760406
UPDATE 100 17 1 150 39229 0.06474396586418152
UPDATE 100 17 1 300 48971 0.07350330799818039
UPDATE 100 17 1 450 49995 0.051325082778930664
STAGE_COMPLETE {"stage": 1, "end": 46, "steps": 600, "gaussians": 49994, "cap": 50000, "train_seconds": 9.849004160998447, "update_p50_ms": 8.867429498423007, "update_p95_ms": 39.589842849636625, "compute_p50_ms": 7.299475000763778, "gpu_update_peak_mib": 75.8369140625, "cpu_rss_peak_mib": 1595.96875, "controller_seconds_cumulative": 4.63761889799207, "optimized_pixels": 112000128, "teacher_max_frame": 42, "psnr": 21.968439462790787, "ssim": 0.5814632972081503, "old_psnr": 21.968439462790787, "object_sam_miou": 0.2537603329891624, "fine_sam_miou": 0.14774335195643382, "small_fine_sam_miou": 0.002159618359979371, "fine_coverage": 0.9613734293790273, "old_fine_sam_miou": 0.14774335195643382, "gaussian_object_coverage": 0.7512301476177141, "gaussian_fine_coverage": 0.10083209985198224, "evaluation_gpu_peak_mib": 75.8369140625}
UPDATE 100 17 2 0 91620 0.12501117587089539
UPDATE 100 17 2 150 99729 0.055384356528520584
UPDATE 100 17 2 300 97820 0.04268907755613327
UPDATE 100 17 2 450 99915 0.055040810257196426
STAGE_COMPLETE {"stage": 2, "end": 93, "steps": 600, "gaussians": 99897, "cap": 100000, "train_seconds": 12.938015293999342, "update_p50_ms": 24.53784950193949, "update_p95_ms": 41.02236199923935, "compute_p50_ms": 9.007879500131821, "gpu_update_peak_mib": 128.00732421875, "cpu_rss_peak_mib": 1615.06640625, "controller_seconds_cumulative": 12.31282258590727, "optimized_pixels": 108850560, "teacher_max_frame": 90, "psnr": 23.213648588441846, "ssim": 0.668779065211614, "old_psnr": 22.699599398508994, "object_sam_miou": 0.28416592928251866, "fine_sam_miou": 0.17851784597454828, "small_fine_sam_miou": 0.050323058763578815, "fine_coverage": 0.9860385499172594, "old_fine_sam_miou": 0.2087652405484366, "gaussian_object_coverage": 0.7635764837782917, "gaussian_fine_coverage": 0.20368980049450935, "evaluation_gpu_peak_mib": 133.490234375}
UPDATE 100 17 3 0 146603 0.07342388480901718
UPDATE 100 17 3 150 149007 0.03857945650815964
UPDATE 100 17 3 300 146654 0.035063788294792175
UPDATE 100 17 3 450 149801 0.04416092485189438
STAGE_COMPLETE {"stage": 3, "end": 140, "steps": 600, "gaussians": 149780, "cap": 150000, "train_seconds": 14.795227253998746, "update_p50_ms": 27.326266001182375, "update_p95_ms": 44.39610145000187, "compute_p50_ms": 10.883517999900505, "gpu_update_peak_mib": 177.396484375, "cpu_rss_peak_mib": 1647.4375, "controller_seconds_cumulative": 20.47891168586284, "optimized_pixels": 108850560, "teacher_max_frame": 138, "psnr": 24.123993689786264, "ssim": 0.7405056688520644, "old_psnr": 22.20794726862034, "object_sam_miou": 0.2717182479796903, "fine_sam_miou": 0.19885554337842581, "small_fine_sam_miou": 0.10227156308975326, "fine_coverage": 0.9918096073698828, "old_fine_sam_miou": 0.26380653093096096, "gaussian_object_coverage": 0.7728201361997596, "gaussian_fine_coverage": 0.23642675924689543, "evaluation_gpu_peak_mib": 177.396484375}
UPDATE 100 17 4 0 195796 0.05968920513987541
UPDATE 100 17 4 150 197935 0.04603058099746704
UPDATE 100 17 4 300 195441 0.030088653787970543
UPDATE 100 17 4 450 199750 0.0427243672311306
STAGE_COMPLETE {"stage": 4, "end": 186, "steps": 600, "gaussians": 199717, "cap": 200000, "train_seconds": 16.726738812001713, "update_p50_ms": 29.174041499572922, "update_p95_ms": 47.75214614965079, "compute_p50_ms": 13.575081498856889, "gpu_update_peak_mib": 226.48583984375, "cpu_rss_peak_mib": 1655.3984375, "controller_seconds_cumulative": 29.156397292896145, "optimized_pixels": 112350080, "teacher_max_frame": 179, "psnr": 24.637899712547583, "ssim": 0.762240414818128, "old_psnr": 22.394338856004836, "object_sam_miou": 0.2793006139434525, "fine_sam_miou": 0.2241444441161582, "small_fine_sam_miou": 0.06467341978966937, "fine_coverage": 0.9917697934627332, "old_fine_sam_miou": 0.24125954016211193, "gaussian_object_coverage": 0.7691934086732727, "gaussian_fine_coverage": 0.2903758818728501, "evaluation_gpu_peak_mib": 226.48583984375}
UPDATE 100 17 5 0 244725 0.06245092675089836
UPDATE 100 17 5 150 246305 0.03744899854063988
UPDATE 100 17 5 300 244293 0.03445514664053917
UPDATE 100 17 5 450 249690 0.03328685089945793
STAGE_COMPLETE {"stage": 5, "end": 232, "steps": 600, "gaussians": 249578, "cap": 250000, "train_seconds": 16.96701539700007, "update_p50_ms": 30.385666499569197, "update_p95_ms": 47.115836201010076, "compute_p50_ms": 15.01580600051966, "gpu_update_peak_mib": 272.59814453125, "cpu_rss_peak_mib": 1670.63671875, "controller_seconds_cumulative": 37.38431589287211, "optimized_pixels": 110600320, "teacher_max_frame": 227, "psnr": 24.94387404261617, "ssim": 0.7832284220333757, "old_psnr": 22.473658021460665, "object_sam_miou": 0.309472472455355, "fine_sam_miou": 0.22534111578812294, "small_fine_sam_miou": 0.06733812691037805, "fine_coverage": 0.9789515596670201, "old_fine_sam_miou": 0.2610370790816902, "gaussian_object_coverage": 0.7722154997636009, "gaussian_fine_coverage": 0.30054732388271405, "evaluation_gpu_peak_mib": 272.59814453125}
UPDATE 100 17 6 0 293651 0.0708012655377388
UPDATE 100 17 6 150 296008 0.03451991081237793
UPDATE 100 17 6 300 293272 0.03300485759973526
UPDATE 100 17 6 450 299524 0.023419933393597603
STAGE_COMPLETE {"stage": 6, "end": 279, "steps": 600, "gaussians": 299524, "cap": 300000, "train_seconds": 17.66695479000191, "update_p50_ms": 31.42992749963014, "update_p95_ms": 49.102015200878654, "compute_p50_ms": 15.361500998551492, "gpu_update_peak_mib": 324.73095703125, "cpu_rss_peak_mib": 1682.95703125, "controller_seconds_cumulative": 45.386085067926615, "optimized_pixels": 108150656, "teacher_max_frame": 275, "psnr": 25.266211381046567, "ssim": 0.7979729413986206, "old_psnr": 22.410710043669265, "object_sam_miou": 0.3133044267675559, "fine_sam_miou": 0.22599092059422218, "small_fine_sam_miou": 0.09364631848933463, "fine_coverage": 0.956193501884803, "old_fine_sam_miou": 0.21531475802433495, "gaussian_object_coverage": 0.8214667272071687, "gaussian_fine_coverage": 0.3458854716149624, "evaluation_gpu_peak_mib": 324.73095703125}
RUN_COMPLETE 100 17
