UPDATE 011 17 1 0 25000 0.2435941845178604
UPDATE 011 17 1 150 38509 0.053844153881073
UPDATE 011 17 1 300 48948 0.058697011321783066
UPDATE 011 17 1 450 49996 0.05993150919675827
STAGE_COMPLETE {"stage": 1, "end": 20, "steps": 600, "gaussians": 49996, "cap": 50000, "train_seconds": 6.945047904999228, "update_p50_ms": 7.810306999999739, "update_p95_ms": 8.513800500031717, "compute_p50_ms": 6.4006840002548415, "gpu_update_peak_mib": 86.98388671875, "cpu_rss_peak_mib": 1746.78515625, "controller_seconds_cumulative": 2.2952998070049944, "optimized_pixels": 122277888, "replay_probability": 0.3, "teacher_max_frame": 14, "psnr": 21.018291308010447, "ssim": 0.7006146510442098, "old_psnr": 21.018291308010447, "object_sam_miou": 0.5928746437291451, "fine_sam_miou": 0.3837667937265928, "small_fine_sam_miou": 0.2358323494687131, "fine_coverage": 0.8102258201959949, "old_fine_sam_miou": 0.3837667937265928, "gaussian_object_coverage": 0.1746339707176574, "gaussian_fine_coverage": 0.06970557644611569, "evaluation_gpu_peak_mib": 86.98388671875}
UPDATE 011 17 2 0 94347 0.11414018273353577
UPDATE 011 17 2 150 99567 0.07034613192081451
UPDATE 011 17 2 300 97624 0.07757153362035751
UPDATE 011 17 2 450 99809 0.1023407056927681
STAGE_COMPLETE {"stage": 2, "end": 40, "steps": 600, "gaussians": 99792, "cap": 100000, "train_seconds": 5.627338238999982, "update_p50_ms": 8.189946500351653, "update_p95_ms": 12.770383100359847, "compute_p50_ms": 6.702213000153279, "gpu_update_peak_mib": 137.11279296875, "cpu_rss_peak_mib": 1852.6328125, "controller_seconds_cumulative": 3.6625382080001145, "optimized_pixels": 118517760, "replay_probability": 0.44999999999999996, "teacher_max_frame": 36, "psnr": 19.903359911100853, "ssim": 0.6703720348221915, "old_psnr": 21.32520625809331, "object_sam_miou": 0.39754705023298503, "fine_sam_miou": 0.30617947424884134, "small_fine_sam_miou": 0.14766504494256685, "fine_coverage": 0.7715851407313546, "old_fine_sam_miou": 0.40831065168884284, "gaussian_object_coverage": 0.18032507615840948, "gaussian_fine_coverage": 0.1380170755170755, "evaluation_gpu_peak_mib": 137.11279296875}
UPDATE 011 17 3 0 143563 0.1275722235441208
UPDATE 011 17 3 150 147947 0.024417446926236153
UPDATE 011 17 3 300 145952 0.05548642575740814
UPDATE 011 17 3 450 149571 0.05193213000893593
STAGE_COMPLETE {"stage": 3, "end": 60, "steps": 600, "gaussians": 149547, "cap": 150000, "train_seconds": 8.917892720000054, "update_p50_ms": 9.664467499533202, "update_p95_ms": 26.182866950421154, "compute_p50_ms": 7.13873450013125, "gpu_update_peak_mib": 180.30224609375, "cpu_rss_peak_mib": 1857.32421875, "controller_seconds_cumulative": 7.9916619580244515, "optimized_pixels": 118517760, "replay_probability": 0.5, "teacher_max_frame": 58, "psnr": 19.948797701328324, "ssim": 0.6804790437221527, "old_psnr": 20.795357821531066, "object_sam_miou": 0.49649707518148817, "fine_sam_miou": 0.3336752578778514, "small_fine_sam_miou": 0.13014200700828685, "fine_coverage": 0.9067064380501153, "old_fine_sam_miou": 0.40257762599639896, "gaussian_object_coverage": 0.23708934314964525, "gaussian_fine_coverage": 0.18602178579309514, "evaluation_gpu_peak_mib": 180.30224609375}
UPDATE 011 17 4 0 195591 0.1860557198524475
UPDATE 011 17 4 150 195807 0.06368247419595718
UPDATE 011 17 4 300 194610 0.040674082934856415
UPDATE 011 17 4 450 199264 0.06852036714553833
STAGE_COMPLETE {"stage": 4, "end": 79, "steps": 600, "gaussians": 199233, "cap": 200000, "train_seconds": 10.426348945000427, "update_p50_ms": 11.841137500596233, "update_p95_ms": 27.591039049502797, "compute_p50_ms": 8.285718999559322, "gpu_update_peak_mib": 227.8955078125, "cpu_rss_peak_mib": 1867.41796875, "controller_seconds_cumulative": 13.181962252044286, "optimized_pixels": 122695680, "replay_probability": 0.5249999999999999, "teacher_max_frame": 72, "psnr": 19.533995620014142, "ssim": 0.6662412102405841, "old_psnr": 20.80708979552548, "object_sam_miou": 0.43251698599240634, "fine_sam_miou": 0.30187605215950325, "small_fine_sam_miou": 0.13612085284248646, "fine_coverage": 0.7791400309817653, "old_fine_sam_miou": 0.3995857651185475, "gaussian_object_coverage": 0.26214532733031176, "gaussian_fine_coverage": 0.21333313256338057, "evaluation_gpu_peak_mib": 227.8955078125}
UPDATE 011 17 5 0 243147 0.1063760444521904
UPDATE 011 17 5 150 245012 0.07834919542074203
UPDATE 011 17 5 300 243199 0.07049477845430374
UPDATE 011 17 5 450 248635 0.06757277250289917
STAGE_COMPLETE {"stage": 5, "end": 99, "steps": 600, "gaussians": 248935, "cap": 250000, "train_seconds": 11.329695661999722, "update_p50_ms": 13.079858500532282, "update_p95_ms": 28.888696949934456, "compute_p50_ms": 9.267596999507077, "gpu_update_peak_mib": 284.60693359375, "cpu_rss_peak_mib": 1881.05859375, "controller_seconds_cumulative": 18.637115544052904, "optimized_pixels": 120606720, "replay_probability": 0.54, "teacher_max_frame": 94, "psnr": 19.32586038980856, "ssim": 0.6556626074016094, "old_psnr": 19.450141685502683, "object_sam_miou": 0.4320131838692674, "fine_sam_miou": 0.32644231453800326, "small_fine_sam_miou": 0.12323729908677815, "fine_coverage": 0.8569299170794156, "old_fine_sam_miou": 0.36621483203090127, "gaussian_object_coverage": 0.3453994014501778, "gaussian_fine_coverage": 0.23649145359230322, "evaluation_gpu_peak_mib": 284.60693359375}
UPDATE 011 17 6 0 288839 0.13776297867298126
UPDATE 011 17 6 150 296158 0.07271181046962738
UPDATE 011 17 6 300 292326 0.04167330637574196
UPDATE 011 17 6 450 298723 0.05747797712683678
STAGE_COMPLETE {"stage": 6, "end": 119, "steps": 600, "gaussians": 298723, "cap": 300000, "train_seconds": 11.505675157000042, "update_p50_ms": 13.95209399970554, "update_p95_ms": 30.034412499480823, "compute_p50_ms": 9.434809999675053, "gpu_update_peak_mib": 315.42919921875, "cpu_rss_peak_mib": 1903.93359375, "controller_seconds_cumulative": 24.117437687045822, "optimized_pixels": 117682176, "replay_probability": 0.55, "teacher_max_frame": 115, "psnr": 19.81526448561425, "ssim": 0.6633135855197907, "old_psnr": 19.47627063533415, "object_sam_miou": 0.42282670114004217, "fine_sam_miou": 0.35126408593811764, "small_fine_sam_miou": 0.0948356838710165, "fine_coverage": 0.8630700994739381, "old_fine_sam_miou": 0.36143323408497025, "gaussian_object_coverage": 0.35428808628729624, "gaussian_fine_coverage": 0.2659621120569893, "evaluation_gpu_peak_mib": 315.42919921875}
RUN_COMPLETE 011 17
