UPDATE 000 7 1 0 25000 0.2828441560268402
UPDATE 000 7 1 150 39526 0.09037239849567413
UPDATE 000 7 1 300 48976 0.04446832090616226
UPDATE 000 7 1 450 49995 0.05084925517439842
STAGE_COMPLETE {"stage": 1, "end": 46, "steps": 600, "gaussians": 49991, "cap": 50000, "train_seconds": 9.237938525999198, "update_p50_ms": 8.192204000806669, "update_p95_ms": 27.860919949489467, "compute_p50_ms": 6.732116500643315, "gpu_update_peak_mib": 76.06787109375, "cpu_rss_peak_mib": 1597.98046875, "controller_seconds_cumulative": 4.444724817942188, "optimized_pixels": 112350080, "teacher_max_frame": 42, "psnr": 21.833714164067345, "ssim": 0.5772165954113007, "old_psnr": 21.833714164067345, "object_sam_miou": 0.2568732345518011, "fine_sam_miou": 0.16637503397088793, "small_fine_sam_miou": 0.08021067618333608, "fine_coverage": 0.9735264374102813, "old_fine_sam_miou": 0.16637503397088793, "gaussian_object_coverage": 0.7425936668600348, "gaussian_fine_coverage": 0.10199835970474685, "evaluation_gpu_peak_mib": 76.06787109375}
UPDATE 000 7 2 0 90515 0.060118552297353745
UPDATE 000 7 2 150 99812 0.04568558931350708
UPDATE 000 7 2 300 97824 0.05359356477856636
UPDATE 000 7 2 450 99911 0.03710821643471718
STAGE_COMPLETE {"stage": 2, "end": 93, "steps": 600, "gaussians": 99888, "cap": 100000, "train_seconds": 12.575065354998515, "update_p50_ms": 24.193432000174653, "update_p95_ms": 41.215220701269565, "compute_p50_ms": 9.140114500041818, "gpu_update_peak_mib": 126.34619140625, "cpu_rss_peak_mib": 1625.06640625, "controller_seconds_cumulative": 11.573804949941405, "optimized_pixels": 110425344, "teacher_max_frame": 90, "psnr": 22.920771288318004, "ssim": 0.6881967435280482, "old_psnr": 22.47419921629942, "object_sam_miou": 0.2613044495648833, "fine_sam_miou": 0.16866537238523907, "small_fine_sam_miou": 0.039865521805922934, "fine_coverage": 0.9840908286739117, "old_fine_sam_miou": 0.1738298448504322, "gaussian_object_coverage": 0.7691714720486945, "gaussian_fine_coverage": 0.20634110203427838, "evaluation_gpu_peak_mib": 130.35107421875}
UPDATE 000 7 3 0 145382 0.07489347457885742
UPDATE 000 7 3 150 148849 0.052232589572668076
UPDATE 000 7 3 300 146624 0.042338039726018906
UPDATE 000 7 3 450 149779 0.03532308340072632
STAGE_COMPLETE {"stage": 3, "end": 140, "steps": 600, "gaussians": 149788, "cap": 150000, "train_seconds": 15.620399170002202, "update_p50_ms": 27.30160499959311, "update_p95_ms": 44.89307130006635, "compute_p50_ms": 11.30945650038484, "gpu_update_peak_mib": 176.8193359375, "cpu_rss_peak_mib": 1647.94921875, "controller_seconds_cumulative": 20.302729216953594, "optimized_pixels": 110950272, "teacher_max_frame": 138, "psnr": 23.853181050009912, "ssim": 0.7400210234853957, "old_psnr": 22.331319955052887, "object_sam_miou": 0.27361991150857345, "fine_sam_miou": 0.1746451710868285, "small_fine_sam_miou": 0.04859852531198721, "fine_coverage": 0.9903489367747781, "old_fine_sam_miou": 0.19361409692601336, "gaussian_object_coverage": 0.7788607899164152, "gaussian_fine_coverage": 0.2392581515208161, "evaluation_gpu_peak_mib": 176.8193359375}
UPDATE 000 7 4 0 195793 0.10734798014163971
UPDATE 000 7 4 150 198078 0.045109350234270096
UPDATE 000 7 4 300 195485 0.0335514135658741
UPDATE 000 7 4 450 199712 0.043034084141254425
STAGE_COMPLETE {"stage": 4, "end": 186, "steps": 600, "gaussians": 199688, "cap": 200000, "train_seconds": 15.7266295920017, "update_p50_ms": 28.317611997408676, "update_p95_ms": 44.18262014751235, "compute_p50_ms": 13.421899000604753, "gpu_update_peak_mib": 228.3095703125, "cpu_rss_peak_mib": 1658.61328125, "controller_seconds_cumulative": 27.977284846940165, "optimized_pixels": 109375488, "teacher_max_frame": 179, "psnr": 24.177682004257957, "ssim": 0.7560950020949045, "old_psnr": 22.32884270888404, "object_sam_miou": 0.29163447027462275, "fine_sam_miou": 0.20569114929430493, "small_fine_sam_miou": 0.09294421135215822, "fine_coverage": 0.9976450003562398, "old_fine_sam_miou": 0.25499343542380287, "gaussian_object_coverage": 0.7820700292456232, "gaussian_fine_coverage": 0.2949701534393654, "evaluation_gpu_peak_mib": 228.3095703125}
UPDATE 000 7 5 0 244700 0.09633444994688034
UPDATE 000 7 5 150 246052 0.03255060315132141
UPDATE 000 7 5 300 244309 0.017803378403186798
UPDATE 000 7 5 450 249560 0.044467173516750336
STAGE_COMPLETE {"stage": 5, "end": 232, "steps": 600, "gaussians": 249551, "cap": 250000, "train_seconds": 17.327338088001852, "update_p50_ms": 30.299460499009, "update_p95_ms": 48.514297899419034, "compute_p50_ms": 15.312707499106182, "gpu_update_peak_mib": 274.11279296875, "cpu_rss_peak_mib": 1673.55078125, "controller_seconds_cumulative": 36.3762490969857, "optimized_pixels": 112175104, "teacher_max_frame": 227, "psnr": 24.143553184990473, "ssim": 0.7743774796354359, "old_psnr": 21.280655325718993, "object_sam_miou": 0.29633069756289465, "fine_sam_miou": 0.2037748214815732, "small_fine_sam_miou": 0.07850972614814511, "fine_coverage": 0.9833480052160335, "old_fine_sam_miou": 0.23294290252766278, "gaussian_object_coverage": 0.7913612848676222, "gaussian_fine_coverage": 0.306322154589643, "evaluation_gpu_peak_mib": 274.11279296875}
UPDATE 000 7 6 0 293475 0.06303878873586655
UPDATE 000 7 6 150 295667 0.022499432787299156
UPDATE 000 7 6 300 293288 0.03907852619886398
UPDATE 000 7 6 450 299565 0.024049172177910805
STAGE_COMPLETE {"stage": 6, "end": 279, "steps": 600, "gaussians": 299565, "cap": 300000, "train_seconds": 18.794987022996793, "update_p50_ms": 31.658064499424654, "update_p95_ms": 49.10931305093982, "compute_p50_ms": 16.45239600111381, "gpu_update_peak_mib": 322.82958984375, "cpu_rss_peak_mib": 1684.3828125, "controller_seconds_cumulative": 44.96076353004537, "optimized_pixels": 110600320, "teacher_max_frame": 275, "psnr": 24.944029079025732, "ssim": 0.8026059474263872, "old_psnr": 22.553172227182696, "object_sam_miou": 0.2967764568818219, "fine_sam_miou": 0.2161013943776264, "small_fine_sam_miou": 0.06484539310657812, "fine_coverage": 0.9676152466960944, "old_fine_sam_miou": 0.19464133550067977, "gaussian_object_coverage": 0.8417538764541919, "gaussian_fine_coverage": 0.3511625189858628, "evaluation_gpu_peak_mib": 322.82958984375}
RUN_COMPLETE 000 7
