UPDATE 001 7 1 0 25000 0.2828441560268402
UPDATE 001 7 1 150 39525 0.09037106484174728
UPDATE 001 7 1 300 48981 0.044495031237602234
UPDATE 001 7 1 450 49993 0.05070831999182701
STAGE_COMPLETE {"stage": 1, "end": 46, "steps": 600, "gaussians": 49990, "cap": 50000, "train_seconds": 7.976093411999955, "update_p50_ms": 6.103732000156015, "update_p95_ms": 24.22577050010659, "compute_p50_ms": 5.1004599999942, "gpu_update_peak_mib": 76.06884765625, "cpu_rss_peak_mib": 1651.875, "controller_seconds_cumulative": 4.121197904999917, "optimized_pixels": 112350080, "replay_probability": 0.3, "teacher_max_frame": 42, "psnr": 21.806342020532583, "ssim": 0.5766896903514862, "old_psnr": 21.806342020532583, "object_sam_miou": 0.2582091873508722, "fine_sam_miou": 0.1637995883927912, "small_fine_sam_miou": 0.012112403100775194, "fine_coverage": 0.9755232228940615, "old_fine_sam_miou": 0.1637995883927912, "gaussian_object_coverage": 0.7429085817163432, "gaussian_fine_coverage": 0.10222044408881777, "evaluation_gpu_peak_mib": 76.06884765625}
UPDATE 001 7 2 0 90362 0.058033861219882965
UPDATE 001 7 2 150 99782 0.05399756506085396
UPDATE 001 7 2 300 97855 0.04856039956212044
UPDATE 001 7 2 450 99905 0.03274203836917877
STAGE_COMPLETE {"stage": 2, "end": 93, "steps": 600, "gaussians": 99898, "cap": 100000, "train_seconds": 10.301108378999743, "update_p50_ms": 23.22753599992211, "update_p95_ms": 24.159713400308647, "compute_p50_ms": 5.420827000079953, "gpu_update_peak_mib": 127.6923828125, "cpu_rss_peak_mib": 1671.1640625, "controller_seconds_cumulative": 11.054327306996129, "optimized_pixels": 110425344, "replay_probability": 0.44999999999999996, "teacher_max_frame": 90, "psnr": 23.23155303909995, "ssim": 0.693543498714765, "old_psnr": 23.058926425288206, "object_sam_miou": 0.26261546883059805, "fine_sam_miou": 0.18125439990542508, "small_fine_sam_miou": 0.03880247619170971, "fine_coverage": 0.9861491913802334, "old_fine_sam_miou": 0.20279257771481482, "gaussian_object_coverage": 0.7653206270395804, "gaussian_fine_coverage": 0.20341748583555228, "evaluation_gpu_peak_mib": 132.126953125}
UPDATE 001 7 3 0 145402 0.04320398345589638
UPDATE 001 7 3 150 148987 0.04000071436166763
UPDATE 001 7 3 300 146684 0.0396302230656147
UPDATE 001 7 3 450 149751 0.036725424230098724
STAGE_COMPLETE {"stage": 3, "end": 140, "steps": 600, "gaussians": 149763, "cap": 150000, "train_seconds": 11.452536155999951, "update_p50_ms": 23.618583499910528, "update_p95_ms": 25.31134109985942, "compute_p50_ms": 6.178831499937587, "gpu_update_peak_mib": 178.3349609375, "cpu_rss_peak_mib": 1699.9453125, "controller_seconds_cumulative": 18.72852047199467, "optimized_pixels": 110950272, "replay_probability": 0.5, "teacher_max_frame": 138, "psnr": 24.373892994563224, "ssim": 0.7537055810292562, "old_psnr": 23.08153075345207, "object_sam_miou": 0.27424687639956813, "fine_sam_miou": 0.1875604014145443, "small_fine_sam_miou": 0.061492140030208746, "fine_coverage": 0.99234462752757, "old_fine_sam_miou": 0.24550188345020577, "gaussian_object_coverage": 0.7764133998384114, "gaussian_fine_coverage": 0.23537856479904917, "evaluation_gpu_peak_mib": 178.3349609375}
UPDATE 001 7 4 0 195743 0.04913198947906494
UPDATE 001 7 4 150 198059 0.03396580368280411
UPDATE 001 7 4 300 195525 0.032229457050561905
UPDATE 001 7 4 450 199740 0.021704046055674553
STAGE_COMPLETE {"stage": 4, "end": 186, "steps": 600, "gaussians": 199710, "cap": 200000, "train_seconds": 11.805249034000099, "update_p50_ms": 24.294531000123243, "update_p95_ms": 26.225238950064522, "compute_p50_ms": 7.245832000080554, "gpu_update_peak_mib": 228.744140625, "cpu_rss_peak_mib": 1710.875, "controller_seconds_cumulative": 26.121692249996613, "optimized_pixels": 109375488, "replay_probability": 0.5249999999999999, "teacher_max_frame": 179, "psnr": 24.901440314782974, "ssim": 0.7701833595832189, "old_psnr": 23.751567534655276, "object_sam_miou": 0.28630588033490484, "fine_sam_miou": 0.22210340354114846, "small_fine_sam_miou": 0.08475344434969018, "fine_coverage": 0.9960666716103184, "old_fine_sam_miou": 0.25302792936012797, "gaussian_object_coverage": 0.7709228381152672, "gaussian_fine_coverage": 0.29124230133693857, "evaluation_gpu_peak_mib": 228.744140625}
UPDATE 001 7 5 0 244672 0.06518137454986572
UPDATE 001 7 5 150 246156 0.03624630719423294
UPDATE 001 7 5 300 244220 0.023465536534786224
UPDATE 001 7 5 450 249593 0.04446973651647568
STAGE_COMPLETE {"stage": 5, "end": 232, "steps": 600, "gaussians": 249492, "cap": 250000, "train_seconds": 12.705136954999944, "update_p50_ms": 25.347781999926156, "update_p95_ms": 27.416008849741047, "compute_p50_ms": 8.24835699995674, "gpu_update_peak_mib": 272.18017578125, "cpu_rss_peak_mib": 1720.85546875, "controller_seconds_cumulative": 33.86831177500153, "optimized_pixels": 112175104, "replay_probability": 0.54, "teacher_max_frame": 227, "psnr": 25.434478758211487, "ssim": 0.7951439454637724, "old_psnr": 23.888021516323636, "object_sam_miou": 0.29886013992013494, "fine_sam_miou": 0.22721838135014033, "small_fine_sam_miou": 0.07129457952362714, "fine_coverage": 0.9970626805650162, "old_fine_sam_miou": 0.24260073705413368, "gaussian_object_coverage": 0.7732271976656566, "gaussian_fine_coverage": 0.3028233370208263, "evaluation_gpu_peak_mib": 272.18017578125}
UPDATE 001 7 6 0 293525 0.05170445889234543
UPDATE 001 7 6 150 294876 0.029278762638568878
UPDATE 001 7 6 300 293254 0.028041398152709007
UPDATE 001 7 6 450 299519 0.019093384966254234
STAGE_COMPLETE {"stage": 6, "end": 279, "steps": 600, "gaussians": 299519, "cap": 300000, "train_seconds": 13.403497540999979, "update_p50_ms": 26.12031050011865, "update_p95_ms": 28.60033125002701, "compute_p50_ms": 9.05647400009002, "gpu_update_peak_mib": 321.17822265625, "cpu_rss_peak_mib": 1734.13671875, "controller_seconds_cumulative": 41.68208678799283, "optimized_pixels": 110600320, "replay_probability": 0.55, "teacher_max_frame": 275, "psnr": 25.861015518412675, "ssim": 0.8168891191482544, "old_psnr": 24.504970451241647, "object_sam_miou": 0.3052672407529204, "fine_sam_miou": 0.24094641905448902, "small_fine_sam_miou": 0.07572850253274419, "fine_coverage": 0.985492295127577, "old_fine_sam_miou": 0.2761176436656373, "gaussian_object_coverage": 0.8194104547624692, "gaussian_fine_coverage": 0.3459146164350175, "evaluation_gpu_peak_mib": 321.17822265625}
RUN_COMPLETE 001 7
