UPDATE 111 17 1 0 25000 0.18315544724464417
UPDATE 111 17 1 150 38907 0.06548625975847244
UPDATE 111 17 1 300 48954 0.04699602723121643
UPDATE 111 17 1 450 49997 0.05228711664676666
STAGE_COMPLETE {"stage": 1, "end": 20, "steps": 600, "gaussians": 49996, "cap": 50000, "train_seconds": 7.085538794000058, "update_p50_ms": 8.062750499448157, "update_p95_ms": 8.438642200144384, "compute_p50_ms": 6.418757499886851, "gpu_update_peak_mib": 87.8232421875, "cpu_rss_peak_mib": 1747.1015625, "controller_seconds_cumulative": 2.4318474300034723, "optimized_pixels": 122277888, "replay_probability": 0.3, "teacher_max_frame": 14, "psnr": 20.962139159840373, "ssim": 0.698113222916921, "old_psnr": 20.962139159840373, "object_sam_miou": 0.58571596915543, "fine_sam_miou": 0.3967671530370376, "small_fine_sam_miou": 0.21424745581146223, "fine_coverage": 0.8174691095014913, "old_fine_sam_miou": 0.3967671530370376, "gaussian_object_coverage": 0.17703416273301864, "gaussian_fine_coverage": 0.0699455956476518, "evaluation_gpu_peak_mib": 87.8232421875}
UPDATE 111 17 2 0 94047 0.10384689271450043
UPDATE 111 17 2 150 99379 0.04966113716363907
UPDATE 111 17 2 300 97614 0.07842840999364853
UPDATE 111 17 2 450 99824 0.07998409122228622
STAGE_COMPLETE {"stage": 2, "end": 40, "steps": 600, "gaussians": 99747, "cap": 100000, "train_seconds": 5.855547475000094, "update_p50_ms": 8.523567500105855, "update_p95_ms": 23.475356850258315, "compute_p50_ms": 6.741777499883028, "gpu_update_peak_mib": 138.30322265625, "cpu_rss_peak_mib": 1848.3125, "controller_seconds_cumulative": 4.045472741988306, "optimized_pixels": 118517760, "replay_probability": 0.44999999999999996, "teacher_max_frame": 36, "psnr": 19.419411910123642, "ssim": 0.6522372450147357, "old_psnr": 20.835552436736197, "object_sam_miou": 0.39779910211552916, "fine_sam_miou": 0.29419743058114983, "small_fine_sam_miou": 0.1339945830082556, "fine_coverage": 0.7649567732482886, "old_fine_sam_miou": 0.3998560095689591, "gaussian_object_coverage": 0.1837649252609101, "gaussian_fine_coverage": 0.13886131913741767, "evaluation_gpu_peak_mib": 138.30322265625}
UPDATE 111 17 3 0 143475 0.15188032388687134
UPDATE 111 17 3 150 147344 0.06913024187088013
UPDATE 111 17 3 300 146175 0.07674291729927063
UPDATE 111 17 3 450 149477 0.06176391988992691
STAGE_COMPLETE {"stage": 3, "end": 60, "steps": 600, "gaussians": 149530, "cap": 150000, "train_seconds": 8.928107779000129, "update_p50_ms": 9.913972000504145, "update_p95_ms": 26.67718019943095, "compute_p50_ms": 7.115327000065008, "gpu_update_peak_mib": 183.32470703125, "cpu_rss_peak_mib": 1860.9765625, "controller_seconds_cumulative": 8.38408745799461, "optimized_pixels": 118517760, "replay_probability": 0.5, "teacher_max_frame": 58, "psnr": 20.136576410837204, "ssim": 0.6833716750144958, "old_psnr": 21.026422069929595, "object_sam_miou": 0.5012446946445432, "fine_sam_miou": 0.32741596175931914, "small_fine_sam_miou": 0.11662441623495252, "fine_coverage": 0.9208613993532887, "old_fine_sam_miou": 0.37645954639701196, "gaussian_object_coverage": 0.23975790811208453, "gaussian_fine_coverage": 0.18683876145255132, "evaluation_gpu_peak_mib": 183.32470703125}
UPDATE 111 17 4 0 194396 0.16192176938056946
UPDATE 111 17 4 150 196504 0.0682251900434494
UPDATE 111 17 4 300 194421 0.052850592881441116
UPDATE 111 17 4 450 199020 0.05941816791892052
STAGE_COMPLETE {"stage": 4, "end": 79, "steps": 600, "gaussians": 199131, "cap": 200000, "train_seconds": 10.44138689600004, "update_p50_ms": 12.086074000308145, "update_p95_ms": 28.368522749633485, "compute_p50_ms": 8.294948499951715, "gpu_update_peak_mib": 234.7666015625, "cpu_rss_peak_mib": 1871.31640625, "controller_seconds_cumulative": 13.589581348992397, "optimized_pixels": 122695680, "replay_probability": 0.5249999999999999, "teacher_max_frame": 72, "psnr": 19.543742870899166, "ssim": 0.6620369416016799, "old_psnr": 20.59876269713665, "object_sam_miou": 0.4394837408145344, "fine_sam_miou": 0.29279901840517253, "small_fine_sam_miou": 0.11021829737091682, "fine_coverage": 0.7821955684509809, "old_fine_sam_miou": 0.38229192698098835, "gaussian_object_coverage": 0.2639016526808985, "gaussian_fine_coverage": 0.21219699594739141, "evaluation_gpu_peak_mib": 234.7666015625}
UPDATE 111 17 5 0 243581 0.11750450730323792
UPDATE 111 17 5 150 245593 0.060309670865535736
UPDATE 111 17 5 300 243382 0.08342091739177704
UPDATE 111 17 5 450 248920 0.06392678618431091
STAGE_COMPLETE {"stage": 5, "end": 99, "steps": 600, "gaussians": 248933, "cap": 250000, "train_seconds": 11.88522512399959, "update_p50_ms": 13.786603499738703, "update_p95_ms": 30.022667350112897, "compute_p50_ms": 9.310947500125621, "gpu_update_peak_mib": 287.38818359375, "cpu_rss_peak_mib": 1885.25390625, "controller_seconds_cumulative": 19.566511154996988, "optimized_pixels": 120606720, "replay_probability": 0.54, "teacher_max_frame": 94, "psnr": 19.261414273389597, "ssim": 0.650206595659256, "old_psnr": 19.622532822332207, "object_sam_miou": 0.4275646671152254, "fine_sam_miou": 0.32299367905191384, "small_fine_sam_miou": 0.10962174416820758, "fine_coverage": 0.8623349655007955, "old_fine_sam_miou": 0.37876302977397813, "gaussian_object_coverage": 0.3466635600743975, "gaussian_fine_coverage": 0.23812833171978, "evaluation_gpu_peak_mib": 287.38818359375}
UPDATE 111 17 6 0 290482 0.0911504477262497
UPDATE 111 17 6 150 294647 0.05778172239661217
UPDATE 111 17 6 300 292256 0.04262707754969597
UPDATE 111 17 6 450 298902 0.06808552145957947
STAGE_COMPLETE {"stage": 6, "end": 119, "steps": 600, "gaussians": 298902, "cap": 300000, "train_seconds": 11.726435506000598, "update_p50_ms": 14.493468499949813, "update_p95_ms": 30.85902760008139, "compute_p50_ms": 9.500696000031894, "gpu_update_peak_mib": 322.13330078125, "cpu_rss_peak_mib": 1908.00390625, "controller_seconds_cumulative": 25.303259569996953, "optimized_pixels": 117682176, "replay_probability": 0.55, "teacher_max_frame": 115, "psnr": 19.885837010246224, "ssim": 0.6634418040513992, "old_psnr": 19.82825888723229, "object_sam_miou": 0.42378941271934917, "fine_sam_miou": 0.3523541730464571, "small_fine_sam_miou": 0.0854221169918324, "fine_coverage": 0.8616982813772728, "old_fine_sam_miou": 0.3623797221233842, "gaussian_object_coverage": 0.35893704291038536, "gaussian_fine_coverage": 0.26737860569685046, "evaluation_gpu_peak_mib": 322.13330078125}
RUN_COMPLETE 111 17
